MPLINK 4.48, Linker
Linker Map File - Created Wed Jul 08 15:35:38 2015

                                 Section Info
                  Section       Type    Address   Location Size(Bytes)
                ---------  ---------  ---------  ---------  ---------
               _entry_scn       code   0x000000    program   0x000006
           .romdata_app.o    romdata   0x000006    program   0x000002
              high_vector       code   0x000008    program   0x00000a
         .code_busy_eep.o       code   0x000012    program   0x000006
               low_vector       code   0x000018    program   0x000014
                   .cinit    romdata   0x00002c    program   0x000092
              .code_app.o       code   0x0000be    program   0x0031ce
     .code_modbusMaster.o       code   0x00328c    program   0x000fdc
               .code_UI.o       code   0x004268    program   0x000bbe
             .code_uart.o       code   0x004e26    program   0x000602
              .code_lcd.o       code   0x005428    program   0x000454
           .code_keypad.o       code   0x00587c    program   0x00026e
                      ISR       code   0x005aea    program   0x0001bc
                   STRING       code   0x005ca6    program   0x0000d2
             .code_main.o       code   0x005d78    program   0x0000b8
            .code_timer.o       code   0x005e30    program   0x0000a8
                     PROG       code   0x005ed8    program   0x0000a4
               _cinit_scn       code   0x005f7c    program   0x00009e
          .code_write_B.o       code   0x00601a    program   0x000078
           .code_u2open.o       code   0x006092    program   0x000078
             .stringtable    romdata   0x00610a    program   0x000075
        .romdata_u2defs.o    romdata   0x00617f    program   0x000000
        .idata_u2defs.o_i    romdata   0x00617f    program   0x000000
       .idata_write_B.o_i    romdata   0x00617f    program   0x000000
       .romdata_write_B.o    romdata   0x00617f    program   0x000000
        .romdata_u1open.o    romdata   0x00617f    program   0x000000
         .idata_timer.o_i    romdata   0x00617f    program   0x000000
         .romdata_timer.o    romdata   0x00617f    program   0x000000
        .idata_t0open.o_i    romdata   0x00617f    program   0x000000
        .idata_u1open.o_i    romdata   0x00617f    program   0x000000
          .idata_main.o_i    romdata   0x00617f    program   0x000000
         .romdata_board.o    romdata   0x00617f    program   0x000000
     .idata_heartBeat.o_i    romdata   0x00617f    program   0x000001
     .romdata_heartBeat.o    romdata   0x00617f    program   0x000000
         .romdata_c018i.o    romdata   0x00617f    program   0x000000
        .romdata_u2read.o    romdata   0x00617f    program   0x000000
        .idata_u2read.o_i    romdata   0x00617f    program   0x000000
      .romdata_fxd1616u.o    romdata   0x00617f    program   0x000000
        .idata_keypad.o_i    romdata   0x00617f    program   0x000000
        .romdata_keypad.o    romdata   0x00617f    program   0x000000
  .romdata_modbusMaster.o    romdata   0x00617f    program   0x000000
        .romdata_t0open.o    romdata   0x00617f    program   0x000000
           .code_u1open.o       code   0x006180    program   0x000072
           .code_read_B.o       code   0x0061f2    program   0x00005c
            .romdata_UI.o    romdata   0x00624e    program   0x000050
         .code_fxd3232u.o       code   0x00629e    program   0x000048
           .code_u2read.o       code   0x0062e6    program   0x00003e
           .code_u1read.o       code   0x006324    program   0x00003e
            .code_board.o       code   0x006362    program   0x00003e
          .code_t0write.o       code   0x0063a0    program   0x000038
           .code_t0open.o       code   0x0063d8    program   0x000038
         .code_fxd1616u.o       code   0x006410    program   0x00002c
              D1KTCYXCODE       code   0x00643c    program   0x000020
                    .code       code   0x00645c    program   0x000020
             _startup_scn       code   0x00647c    program   0x00001c
         .code_fxd0808u.o       code   0x006498    program   0x00001c
        .code_heartBeat.o       code   0x0064b4    program   0x00001a
              D10TCYXCODE       code   0x0064ce    program   0x000016
           .romdata_lcd.o    romdata   0x0064e4    program   0x000011
      .idata_fxd3232u.o_i    romdata   0x0064f5    program   0x000000
      .romdata_fxd3232u.o    romdata   0x0064f5    program   0x000000
        .idata_u2open.o_i    romdata   0x0064f5    program   0x000000
        .romdata_u2open.o    romdata   0x0064f5    program   0x000000
        .idata_u1read.o_i    romdata   0x0064f5    program   0x000000
        .romdata_u1read.o    romdata   0x0064f5    program   0x000000
      .idata_fxd1616u.o_i    romdata   0x0064f5    program   0x000000
      .romdata_fxd0808u.o    romdata   0x0064f5    program   0x000000
        .idata_read_B.o_i    romdata   0x0064f5    program   0x000000
         .idata_c018i.o_i    romdata   0x0064f5    program   0x000000
         .idata_board.o_i    romdata   0x0064f5    program   0x000000
.idata_interruptvector.o_i    romdata   0x0064f5    program   0x000000
.romdata_interruptvector.o    romdata   0x0064f5    program   0x000000
        .romdata___init.o    romdata   0x0064f5    program   0x000000
           .idata_lcd.o_i    romdata   0x0064f5    program   0x000000
        .idata___init.o_i    romdata   0x0064f5    program   0x000000
          .romdata_main.o    romdata   0x0064f5    program   0x000000
       .romdata_t0write.o    romdata   0x0064f5    program   0x000000
       .idata_t0write.o_i    romdata   0x0064f5    program   0x000000
        .romdata_u1defs.o    romdata   0x0064f5    program   0x000000
          .idata_uart.o_i    romdata   0x0064f5    program   0x000000
          .romdata_uart.o    romdata   0x0064f5    program   0x000000
        .idata_u1defs.o_i    romdata   0x0064f5    program   0x000000
        .romdata_read_B.o    romdata   0x0064f5    program   0x000000
      .idata_busy_eep.o_i    romdata   0x0064f5    program   0x000000
      .romdata_busy_eep.o    romdata   0x0064f5    program   0x000000
      .idata_fxd0808u.o_i    romdata   0x0064f5    program   0x000000
           .code_u1defs.o       code   0x0064f6    program   0x000000
           .code_u2defs.o       code   0x0064f6    program   0x000000
            .code_c018i.o       code   0x0064f6    program   0x000000
           .code___init.o       code   0x0064f6    program   0x000002
  .code_interruptvector.o       code   0x0064f6    program   0x000000
                UI_DATA_i    romdata   0x0064f8    program   0x00008a
              UART_DATA_i    romdata   0x006582    program   0x000106
             TIMER_DATA_i    romdata   0x006688    program   0x00001e
            MODBUS_DATA_i    romdata   0x0066a6    program   0x000042
               LOG_DATA_i    romdata   0x0066e8    program   0x0002de
               LCD_DATA_i    romdata   0x0069c6    program   0x000022
            KEYPAD_DATA_i    romdata   0x0069e8    program   0x000049
               APP_DATA_i    romdata   0x006a31    program   0x000330
  .idata_modbusMaster.o_i    romdata   0x006d61    program   0x000002
           .idata_app.o_i    romdata   0x006d63    program   0x000004
            .idata_UI.o_i    romdata   0x006d67    program   0x000018
    .config_300001_main.o    romdata   0x300001    program   0x000001
    .config_300002_main.o    romdata   0x300002    program   0x000001
    .config_300003_main.o    romdata   0x300003    program   0x000001
    .config_300005_main.o    romdata   0x300005    program   0x000001
    .config_300006_main.o    romdata   0x300006    program   0x000001
    .config_300008_main.o    romdata   0x300008    program   0x000001
    .config_300009_main.o    romdata   0x300009    program   0x000001
    .config_30000a_main.o    romdata   0x30000a    program   0x000001
    .config_30000b_main.o    romdata   0x30000b    program   0x000001
    .config_30000c_main.o    romdata   0x30000c    program   0x000001
    .config_30000d_main.o    romdata   0x30000d    program   0x000001
                MATH_DATA      udata   0x000000       data   0x000014
                 .tmpdata      udata   0x000014       data   0x000008
                DELAYDAT1      udata   0x00001c       data   0x000001
                   .stack      udata   0x000060       data   0x0000a0
                 APP_DATA      idata   0x000100       data   0x000330
                 LOG_DATA      idata   0x000600       data   0x0002de
              MODBUS_DATA      idata   0x000900       data   0x000042
                UART_DATA      idata   0x000b00       data   0x000106
                  UI_DATA      idata   0x000d00       data   0x00008a
              KEYPAD_DATA      idata   0x000d8a       data   0x000049
    .udata_modbusMaster.o      udata   0x000dd3       data   0x00001b
             .idata_app.o      idata   0x000dee       data   0x000004
    .idata_modbusMaster.o      idata   0x000df2       data   0x000002
          .udata_u1defs.o      udata   0x000df4       data   0x000001
           .udata_board.o      udata   0x000df5       data   0x000001
       .idata_heartBeat.o      idata   0x000df6       data   0x000001
          .udata_u2open.o      udata   0x000df7       data   0x000000
          .idata_u1open.o      idata   0x000df7       data   0x000000
          .udata_u1open.o      udata   0x000df7       data   0x000000
        .idata_fxd3232u.o      idata   0x000df7       data   0x000000
        .udata_fxd3232u.o      udata   0x000df7       data   0x000000
        .idata_fxd1616u.o      idata   0x000df7       data   0x000000
        .udata_fxd1616u.o      udata   0x000df7       data   0x000000
        .idata_fxd0808u.o      idata   0x000df7       data   0x000000
        .udata_fxd0808u.o      udata   0x000df7       data   0x000000
          .idata_u2open.o      idata   0x000df7       data   0x000000
          .udata_t0open.o      udata   0x000df7       data   0x000000
          .idata_t0open.o      idata   0x000df7       data   0x000000
          .udata_u1read.o      udata   0x000df7       data   0x000000
          .idata_u1read.o      idata   0x000df7       data   0x000000
          .udata_u2read.o      udata   0x000df7       data   0x000000
          .idata_u2read.o      idata   0x000df7       data   0x000000
          .udata_read_B.o      udata   0x000df7       data   0x000000
          .idata_read_B.o      idata   0x000df7       data   0x000000
          .idata_u1defs.o      idata   0x000df7       data   0x000000
         .udata_write_B.o      udata   0x000df7       data   0x000000
          .idata_u2defs.o      idata   0x000df7       data   0x000000
         .udata_t0write.o      udata   0x000df7       data   0x000000
         .idata_t0write.o      idata   0x000df7       data   0x000000
          .idata___init.o      idata   0x000df7       data   0x000000
           .idata_board.o      idata   0x000df7       data   0x000000
       .udata_heartBeat.o      udata   0x000df7       data   0x000000
 .udata_interruptvector.o      udata   0x000df7       data   0x000000
 .idata_interruptvector.o      idata   0x000df7       data   0x000000
          .udata_keypad.o      udata   0x000df7       data   0x000000
          .idata_keypad.o      idata   0x000df7       data   0x000000
             .udata_lcd.o      udata   0x000df7       data   0x000000
             .idata_lcd.o      idata   0x000df7       data   0x000000
            .udata_main.o      udata   0x000df7       data   0x000000
            .idata_main.o      idata   0x000df7       data   0x000000
           .udata_timer.o      udata   0x000df7       data   0x000000
           .idata_timer.o      idata   0x000df7       data   0x000000
            .udata_uart.o      udata   0x000df7       data   0x000000
            .idata_uart.o      idata   0x000df7       data   0x000000
              .udata_UI.o      udata   0x000df7       data   0x000000
          .udata___init.o      udata   0x000df7       data   0x000000
         .idata_write_B.o      idata   0x000df7       data   0x000000
        .udata_busy_eep.o      udata   0x000df7       data   0x000000
        .idata_busy_eep.o      idata   0x000df7       data   0x000000
           .idata_c018i.o      idata   0x000df7       data   0x000000
               TIMER_DATA      idata   0x000e00       data   0x00001e
                 LCD_DATA      idata   0x000e1e       data   0x000022
              .idata_UI.o      idata   0x000f00       data   0x000018
             .udata_app.o      udata   0x000f18       data   0x000015
           .udata_c018i.o      udata   0x000f2d       data   0x00000a
          .udata_u2defs.o      udata   0x000f37       data   0x000001
              SFR_BANKED0      udata   0x000f38       data   0x000028
            SFR_UNBANKED0      udata   0x000f60       data   0x0000a0



                              Program Memory Usage 
                               Start         End      
                           ---------   ---------      
                            0x000000    0x0064f4      
                            0x0064f6    0x006d7e      
                            0x300001    0x300003      
                            0x300005    0x300006      
                            0x300008    0x30000d      
            28041 out of 29720 program addresses used, program memory utilization is 94%



                              Symbols - Sorted by Name
                     Name    Address   Location    Storage File                     
                ---------  ---------  ---------  --------- ---------                
    APP_acknowledgeIssues   0x002844    program     extern D:\jo\Ideonics\Repository\ANDON_XbeeTerminal_ProductionCount\source\app.c
        APP_checkPassword   0x002e6e    program     extern D:\jo\Ideonics\Repository\ANDON_XbeeTerminal_ProductionCount\source\app.c
          APP_clearIssues   0x002eaa    program     extern D:\jo\Ideonics\Repository\ANDON_XbeeTerminal_ProductionCount\source\app.c
 APP_getAcknowledgedIssue   0x0012ce    program     extern D:\jo\Ideonics\Repository\ANDON_XbeeTerminal_ProductionCount\source\app.c
         APP_getOpenIssue   0x00076e    program     extern D:\jo\Ideonics\Repository\ANDON_XbeeTerminal_ProductionCount\source\app.c
                 APP_init   0x0000be    program     extern D:\jo\Ideonics\Repository\ANDON_XbeeTerminal_ProductionCount\source\app.c
                APP_login   0x000418    program     extern D:\jo\Ideonics\Repository\ANDON_XbeeTerminal_ProductionCount\source\app.c
               APP_logout   0x0004a6    program     extern D:\jo\Ideonics\Repository\ANDON_XbeeTerminal_ProductionCount\source\app.c
          APP_raiseIssues   0x0021de    program     extern D:\jo\Ideonics\Repository\ANDON_XbeeTerminal_ProductionCount\source\app.c
        APP_resolveIssues   0x001e2e    program     extern D:\jo\Ideonics\Repository\ANDON_XbeeTerminal_ProductionCount\source\app.c
                 APP_task   0x00052a    program     extern D:\jo\Ideonics\Repository\ANDON_XbeeTerminal_ProductionCount\source\app.c
      APP_updateIssueInfo   0x002816    program     extern D:\jo\Ideonics\Repository\ANDON_XbeeTerminal_ProductionCount\source\app.c
               BOARD_init   0x006362    program     extern D:\jo\Ideonics\Repository\ANDON_XbeeTerminal_ProductionCount\source\board.c
                 Busy_eep   0x000012    program     extern E:\c18v3.46\pic18-lt\cxx-framework\src\pmc_common\EEP\busy_eep.c
                    D10_1   0x0064de    program     static E:\c18v3.46\pic18-lt\cxx-framework\src\traditional\delays\d10tcyx.asm
                     D10x   0x0064d6    program     static E:\c18v3.46\pic18-lt\cxx-framework\src\traditional\delays\d10tcyx.asm
                    D1K_1   0x006448    program     static E:\c18v3.46\pic18-lt\cxx-framework\src\traditional\delays\d1ktcyx.asm
                     D1Kx   0x006446    program     static E:\c18v3.46\pic18-lt\cxx-framework\src\traditional\delays\d1ktcyx.asm
                   D3232S   0x005f08    program     static E:\c18v3.46\pic18-lt\cxx-framework\src\traditional\math\fxd3232s.asm
                D3232SNEG   0x005f16    program     static E:\c18v3.46\pic18-lt\cxx-framework\src\traditional\math\fxd3232s.asm
                 D3232SOK   0x005f12    program     static E:\c18v3.46\pic18-lt\cxx-framework\src\traditional\math\fxd3232s.asm
                  D3232SX   0x005f36    program     static E:\c18v3.46\pic18-lt\cxx-framework\src\traditional\math\fxd3232s.asm
                  DA3232S   0x005ef2    program     static E:\c18v3.46\pic18-lt\cxx-framework\src\traditional\math\fxd3232s.asm
              Delay10TCYx   0x0064ce    program     extern E:\c18v3.46\pic18-lt\cxx-framework\src\traditional\delays\d10tcyx.asm
              Delay1KTCYx   0x00643c    program     extern E:\c18v3.46\pic18-lt\cxx-framework\src\traditional\delays\d1ktcyx.asm
         EnableInterrupts   0x000022    program     extern D:\jo\Ideonics\Repository\ANDON_XbeeTerminal_ProductionCount\source\interruptvector.c
                 FXD0808U   0x006498    program     extern E:\c18v3.46\pic18-lt\cxx-framework\src\traditional\math\fxd0808u.c
                 FXD1616U   0x006410    program     extern E:\c18v3.46\pic18-lt\cxx-framework\src\traditional\math\fxd1616u.c
                 FXD3232S   0x005ed8    program     extern E:\c18v3.46\pic18-lt\cxx-framework\src\traditional\math\fxd3232s.asm
                 FXD3232U   0x00629e    program     extern E:\c18v3.46\pic18-lt\cxx-framework\src\traditional\math\fxd3232u.c
                 FXM1616U   0x005f40    program     extern E:\c18v3.46\pic18-lt\cxx-framework\src\traditional\math\fxm1616u.asm
               GetAppTime   0x005e78    program     extern D:\jo\Ideonics\Repository\ANDON_XbeeTerminal_ProductionCount\source\timer.c
                  HB_init   0x0064b4    program     extern D:\jo\Ideonics\Repository\ANDON_XbeeTerminal_ProductionCount\source\heartBeat.c
                  HB_task   0x0064ba    program     extern D:\jo\Ideonics\Repository\ANDON_XbeeTerminal_ProductionCount\source\heartBeat.c
                  InitLcd   0x005584    program     extern D:\jo\Ideonics\Repository\ANDON_XbeeTerminal_ProductionCount\source\lcd.c
              KEYPAD_init   0x00587c    program     extern D:\jo\Ideonics\Repository\ANDON_XbeeTerminal_ProductionCount\source\keypad.c
              KEYPAD_read   0x00591a    program     extern D:\jo\Ideonics\Repository\ANDON_XbeeTerminal_ProductionCount\source\keypad.c
             KEYPAD_reset   0x005998    program     extern D:\jo\Ideonics\Repository\ANDON_XbeeTerminal_ProductionCount\source\keypad.c
              KEYPAD_task   0x00588e    program     extern D:\jo\Ideonics\Repository\ANDON_XbeeTerminal_ProductionCount\source\keypad.c
                LCD_clear   0x005708    program     extern D:\jo\Ideonics\Repository\ANDON_XbeeTerminal_ProductionCount\source\lcd.c
                 LCD_init   0x0057a8    program     extern D:\jo\Ideonics\Repository\ANDON_XbeeTerminal_ProductionCount\source\lcd.c
              LCD_putChar   0x005716    program     extern D:\jo\Ideonics\Repository\ANDON_XbeeTerminal_ProductionCount\source\lcd.c
         LCD_setBackSpace   0x0056f2    program     extern D:\jo\Ideonics\Repository\ANDON_XbeeTerminal_ProductionCount\source\lcd.c
         LCD_writeCommand   0x0054e8    program     extern D:\jo\Ideonics\Repository\ANDON_XbeeTerminal_ProductionCount\source\lcd.c
            LCD_writeData   0x005536    program     extern D:\jo\Ideonics\Repository\ANDON_XbeeTerminal_ProductionCount\source\lcd.c
             MB_construct   0x004008    program     extern D:\jo\Ideonics\Repository\ANDON_XbeeTerminal_ProductionCount\source\modbusMaster.c
             MB_getStatus   0x004260    program     extern D:\jo\Ideonics\Repository\ANDON_XbeeTerminal_ProductionCount\source\modbusMaster.c
                  MB_init   0x003ee2    program     extern D:\jo\Ideonics\Repository\ANDON_XbeeTerminal_ProductionCount\source\modbusMaster.c
                  MB_task   0x00328c    program     extern D:\jo\Ideonics\Repository\ANDON_XbeeTerminal_ProductionCount\source\modbusMaster.c
               Open1USART   0x006180    program     extern E:\c18v3.46\pic18-lt\cxx-framework\src\pmc_common\USART\u1open.c
               Open2USART   0x006092    program     extern E:\c18v3.46\pic18-lt\cxx-framework\src\pmc_common\USART\u2open.c
               OpenTimer0   0x0063d8    program     extern E:\c18v3.46\pic18-lt\cxx-framework\src\pmc_common\Timers\t0open.c
               Read1USART   0x006324    program     extern E:\c18v3.46\pic18-lt\cxx-framework\src\pmc_common\USART\u1read.c
               Read2USART   0x0062e6    program     extern E:\c18v3.46\pic18-lt\cxx-framework\src\pmc_common\USART\u2read.c
               Read_b_eep   0x0061f2    program     extern E:\c18v3.46\pic18-lt\cxx-framework\src\pmc_common\EEP\read_B.c
             ResetAppTime   0x005ec8    program     extern D:\jo\Ideonics\Repository\ANDON_XbeeTerminal_ProductionCount\source\timer.c
               TIMER0_ISR   0x005aea    program     extern D:\jo\Ideonics\Repository\ANDON_XbeeTerminal_ProductionCount\source\timer.c
              TIMER0_init   0x005e30    program     extern D:\jo\Ideonics\Repository\ANDON_XbeeTerminal_ProductionCount\source\timer.c
            UART1_hasData   0x00534e    program     extern D:\jo\Ideonics\Repository\ANDON_XbeeTerminal_ProductionCount\source\uart.c
               UART1_init   0x004fe0    program     extern D:\jo\Ideonics\Repository\ANDON_XbeeTerminal_ProductionCount\source\uart.c
               UART1_read   0x005388    program     extern D:\jo\Ideonics\Repository\ANDON_XbeeTerminal_ProductionCount\source\uart.c
           UART1_transmit   0x005148    program     extern D:\jo\Ideonics\Repository\ANDON_XbeeTerminal_ProductionCount\source\uart.c
              UART1_write   0x0050d8    program     extern D:\jo\Ideonics\Repository\ANDON_XbeeTerminal_ProductionCount\source\uart.c
            UART2_hasData   0x005314    program     extern D:\jo\Ideonics\Repository\ANDON_XbeeTerminal_ProductionCount\source\uart.c
               UART2_init   0x0050a0    program     extern D:\jo\Ideonics\Repository\ANDON_XbeeTerminal_ProductionCount\source\uart.c
               UART2_read   0x0053d8    program     extern D:\jo\Ideonics\Repository\ANDON_XbeeTerminal_ProductionCount\source\uart.c
           UART2_transmit   0x00522e    program     extern D:\jo\Ideonics\Repository\ANDON_XbeeTerminal_ProductionCount\source\uart.c
              UART2_write   0x005110    program     extern D:\jo\Ideonics\Repository\ANDON_XbeeTerminal_ProductionCount\source\uart.c
                  UI_init   0x004268    program     extern D:\jo\Ideonics\Repository\ANDON_XbeeTerminal_ProductionCount\source\UI.c
              UI_setState   0x004b22    program     extern D:\jo\Ideonics\Repository\ANDON_XbeeTerminal_ProductionCount\source\UI.c
                  UI_task   0x004282    program     extern D:\jo\Ideonics\Repository\ANDON_XbeeTerminal_ProductionCount\source\UI.c
     Uart1_ReceiveHandler   0x005bdc    program     extern D:\jo\Ideonics\Repository\ANDON_XbeeTerminal_ProductionCount\source\uart.c
    Uart1_TransmitHandler   0x004ef0    program     extern D:\jo\Ideonics\Repository\ANDON_XbeeTerminal_ProductionCount\source\uart.c
     Uart2_ReceiveHandler   0x004e26    program     extern D:\jo\Ideonics\Repository\ANDON_XbeeTerminal_ProductionCount\source\uart.c
    Uart2_TransmitHandler   0x004f68    program     extern D:\jo\Ideonics\Repository\ANDON_XbeeTerminal_ProductionCount\source\uart.c
              WriteTimer0   0x0063a0    program     extern E:\c18v3.46\pic18-lt\cxx-framework\src\pmc_common\Timers\t0write.c
              Write_b_eep   0x00601a    program     extern E:\c18v3.46\pic18-lt\cxx-framework\src\pmc_common\EEP\write_B.c
              _2jContinue   0x005cc6    program     static E:\c18v3.46\pic18-lt\cxx-framework\src\traditional\stdclib\memset.asm
                   _3jEnd   0x005cd0    program     static E:\c18v3.46\pic18-lt\cxx-framework\src\traditional\stdclib\memset.asm
        _D10TCYXCODE_000A   0x0064d8    program     static E:\c18v3.46\pic18-lt\cxx-framework\src\traditional\delays\d10tcyx.asm
        _D10TCYXCODE_000C   0x0064da    program     static E:\c18v3.46\pic18-lt\cxx-framework\src\traditional\delays\d10tcyx.asm
        _D10TCYXCODE_000E   0x0064dc    program     static E:\c18v3.46\pic18-lt\cxx-framework\src\traditional\delays\d10tcyx.asm
        _D1KTCYXCODE_0010   0x00644c    program     static E:\c18v3.46\pic18-lt\cxx-framework\src\traditional\delays\d1ktcyx.asm
        _D1KTCYXCODE_0016   0x006452    program     static E:\c18v3.46\pic18-lt\cxx-framework\src\traditional\delays\d1ktcyx.asm
       ___case_1_lbl00077   0x001efc    program     static                          
       ___case_1_lbl00132   0x00250e    program     static                          
       ___case_3_lbl00083   0x00201c    program     static                          
       ___case_3_lbl00146   0x00261c    program     static                          
      ___default_lbl00094   0x002198    program     static                          
      ___default_lbl00147   0x002782    program     static                          
         ___else_lbl00011   0x000272    program     static                          
         ___else_lbl00013   0x00025e    program     static                          
         ___else_lbl00088   0x002140    program     static                          
         ___else_lbl00090   0x00217c    program     static                          
         ___else_lbl00092   0x00215e    program     static                          
         ___else_lbl00111   0x0023d6    program     static                          
         ___else_lbl00139   0x00272c    program     static                          
         ___else_lbl00141   0x002764    program     static                          
         ___else_lbl00143   0x002748    program     static                          
         ___else_lbl00203   0x00300e    program     static                          
          ___for_lbl00001   0x000240    program     static                          
          ___for_lbl00002   0x00024a    program     static                          
          ___for_lbl00003   0x0001ae    program     static                          
          ___for_lbl00004   0x0001b4    program     static                          
          ___for_lbl00005   0x00013a    program     static                          
          ___for_lbl00009   0x0000fa    program     static                          
          ___for_lbl00032   0x0006f8    program     static                          
          ___for_lbl00033   0x0006fc    program     static                          
          ___for_lbl00035   0x0005ac    program     static                          
          ___for_lbl00078   0x001ff2    program     static                          
          ___for_lbl00079   0x001ff8    program     static                          
          ___for_lbl00080   0x001f9e    program     static                          
          ___for_lbl00084   0x002112    program     static                          
          ___for_lbl00085   0x002118    program     static                          
          ___for_lbl00086   0x0020be    program     static                          
          ___for_lbl00095   0x0021c6    program     static                          
          ___for_lbl00096   0x0021ca    program     static                          
          ___for_lbl00098   0x00219c    program     static                          
          ___for_lbl00100   0x002254    program     static                          
          ___for_lbl00101   0x002258    program     static                          
          ___for_lbl00104   0x0021ec    program     static                          
          ___for_lbl00105   0x002408    program     static                          
          ___for_lbl00106   0x00240c    program     static                          
          ___for_lbl00107   0x0023ae    program     static                          
          ___for_lbl00108   0x0023b4    program     static                          
          ___for_lbl00109   0x00235c    program     static                          
          ___for_lbl00113   0x00225a    program     static                          
          ___for_lbl00117   0x0024fa    program     static                          
          ___for_lbl00118   0x0024fe    program     static                          
          ___for_lbl00122   0x002472    program     static                          
          ___for_lbl00124   0x002616    program     static                          
          ___for_lbl00125   0x00261a    program     static                          
          ___for_lbl00126   0x0025f0    program     static                          
          ___for_lbl00127   0x0025f6    program     static                          
          ___for_lbl00128   0x00259c    program     static                          
          ___for_lbl00131   0x002510    program     static                          
          ___for_lbl00133   0x00277c    program     static                          
          ___for_lbl00134   0x002780    program     static                          
          ___for_lbl00135   0x002700    program     static                          
          ___for_lbl00136   0x002706    program     static                          
          ___for_lbl00137   0x0026ac    program     static                          
          ___for_lbl00145   0x00261e    program     static                          
          ___for_lbl00155   0x00290a    program     static                          
          ___for_lbl00156   0x00290e    program     static                          
          ___for_lbl00158   0x0028e2    program     static                          
          ___for_lbl00182   0x002dae    program     static                          
          ___for_lbl00183   0x002db2    program     static                          
          ___for_lbl00186   0x002cf6    program     static                          
          ___for_lbl00196   0x002fae    program     static                          
          ___for_lbl00197   0x002fb8    program     static                          
          ___for_lbl00198   0x002ee6    program     static                          
          ___for_lbl00199   0x002fe8    program     static                          
          ___for_lbl00200   0x002ff2    program     static                          
          ___for_lbl00201   0x002fbc    program     static                          
           ___if_lbl00001   0x000010    program     static                          
           ___if_lbl00003   0x005dca    program     static                          
           ___if_lbl00003   0x000020    program     static                          
           ___if_lbl00003   0x005498    program     static                          
           ___if_lbl00004   0x005de0    program     static                          
           ___if_lbl00005   0x005df6    program     static                          
           ___if_lbl00006   0x0001e0    program     static                          
           ___if_lbl00006   0x005e0c    program     static                          
           ___if_lbl00007   0x00020e    program     static                          
           ___if_lbl00007   0x005e22    program     static                          
           ___if_lbl00008   0x000240    program     static                          
           ___if_lbl00010   0x00027c    program     static                          
           ___if_lbl00012   0x00027c    program     static                          
           ___if_lbl00014   0x00028c    program     static                          
           ___if_lbl00034   0x0006f8    program     static                          
           ___if_lbl00036   0x000710    program     static                          
           ___if_lbl00037   0x000710    program     static                          
           ___if_lbl00038   0x000710    program     static                          
           ___if_lbl00039   0x000756    program     static                          
           ___if_lbl00073   0x001ec2    program     static                          
           ___if_lbl00074   0x001ec2    program     static                          
           ___if_lbl00075   0x001ec2    program     static                          
           ___if_lbl00081   0x002018    program     static                          
           ___if_lbl00082   0x00201a    program     static                          
           ___if_lbl00087   0x00215c    program     static                          
           ___if_lbl00089   0x002194    program     static                          
           ___if_lbl00091   0x002194    program     static                          
           ___if_lbl00093   0x002196    program     static                          
           ___if_lbl00097   0x0021c6    program     static                          
           ___if_lbl00102   0x002254    program     static                          
           ___if_lbl00103   0x002254    program     static                          
           ___if_lbl00110   0x0023ee    program     static                          
           ___if_lbl00112   0x002408    program     static                          
           ___if_lbl00114   0x002418    program     static                          
           ___if_lbl00116   0x002470    program     static                          
           ___if_lbl00119   0x0024fa    program     static                          
           ___if_lbl00120   0x0024fa    program     static                          
           ___if_lbl00121   0x0024fa    program     static                          
           ___if_lbl00129   0x002614    program     static                          
           ___if_lbl00130   0x002616    program     static                          
           ___if_lbl00138   0x002746    program     static                          
           ___if_lbl00140   0x00277a    program     static                          
           ___if_lbl00142   0x00277a    program     static                          
           ___if_lbl00144   0x00277c    program     static                          
           ___if_lbl00157   0x00290a    program     static                          
           ___if_lbl00184   0x002dae    program     static                          
           ___if_lbl00185   0x002dae    program     static                          
           ___if_lbl00202   0x003020    program     static                          
       ___return_lbl00000   0x000004    program     static                          
       ___return_lbl00000   0x006242    program     static                          
       ___return_lbl00000   0x0062e4    program     static                          
       ___return_lbl00000   0x00643a    program     static                          
       ___return_lbl00000   0x000010    program     static                          
       ___return_lbl00000   0x0064b2    program     static                          
       ___return_lbl00000   0x00033a    program     static                          
       ___return_lbl00000   0x0054a0    program     static                          
       ___return_lbl00000   0x005e26    program     static                          
       ___return_lbl00001   0x006496    program     static                          
       ___return_lbl00002   0x000020    program     static                          
       ___return_lbl00002   0x006018    program     static                          
       ___return_lbl00004   0x0054e0    program     static                          
       ___return_lbl00005   0x00552e    program     static                          
       ___return_lbl00006   0x00557c    program     static                          
       ___return_lbl00031   0x00075a    program     static                          
       ___return_lbl00072   0x0021ca    program     static                          
       ___return_lbl00099   0x002418    program     static                          
       ___return_lbl00115   0x002784    program     static                          
       ___return_lbl00154   0x002910    program     static                          
       ___return_lbl00181   0x002db8    program     static                          
       ___return_lbl00195   0x003020    program     static                          
   ___switchexit_lbl00076   0x00219a    program     static                          
   ___switchexit_lbl00123   0x002784    program     static                          
        ___while_lbl00001   0x00544c    program     static                          
        ___while_lbl00001   0x005db4    program     static                          
        ___while_lbl00002   0x00549a    program     static                          
        ___while_lbl00002   0x005e26    program     static                          
               __config_0   0x300001    program     static D:\jo\Ideonics\Repository\ANDON_XbeeTerminal_ProductionCount\source\main.c
               __config_1   0x300002    program     static D:\jo\Ideonics\Repository\ANDON_XbeeTerminal_ProductionCount\source\main.c
              __config_10   0x30000d    program     static D:\jo\Ideonics\Repository\ANDON_XbeeTerminal_ProductionCount\source\main.c
               __config_2   0x300003    program     static D:\jo\Ideonics\Repository\ANDON_XbeeTerminal_ProductionCount\source\main.c
               __config_3   0x300005    program     static D:\jo\Ideonics\Repository\ANDON_XbeeTerminal_ProductionCount\source\main.c
               __config_4   0x300006    program     static D:\jo\Ideonics\Repository\ANDON_XbeeTerminal_ProductionCount\source\main.c
               __config_5   0x300008    program     static D:\jo\Ideonics\Repository\ANDON_XbeeTerminal_ProductionCount\source\main.c
               __config_6   0x300009    program     static D:\jo\Ideonics\Repository\ANDON_XbeeTerminal_ProductionCount\source\main.c
               __config_7   0x30000a    program     static D:\jo\Ideonics\Repository\ANDON_XbeeTerminal_ProductionCount\source\main.c
               __config_8   0x30000b    program     static D:\jo\Ideonics\Repository\ANDON_XbeeTerminal_ProductionCount\source\main.c
               __config_9   0x30000c    program     static D:\jo\Ideonics\Repository\ANDON_XbeeTerminal_ProductionCount\source\main.c
                   __init   0x0064f6    program     extern E:\c18v3.46\pic18-lt\cxx-framework\src\traditional\stdclib\__init.c
               __string_0   0x006176    program     static D:\jo\Ideonics\Repository\ANDON_XbeeTerminal_ProductionCount\source\UI.c
               __string_1   0x00616f    program     static D:\jo\Ideonics\Repository\ANDON_XbeeTerminal_ProductionCount\source\UI.c
              __string_10   0x006117    program     static D:\jo\Ideonics\Repository\ANDON_XbeeTerminal_ProductionCount\source\UI.c
              __string_11   0x00610a    program     static D:\jo\Ideonics\Repository\ANDON_XbeeTerminal_ProductionCount\source\UI.c
               __string_2   0x006168    program     static D:\jo\Ideonics\Repository\ANDON_XbeeTerminal_ProductionCount\source\UI.c
               __string_3   0x00615e    program     static D:\jo\Ideonics\Repository\ANDON_XbeeTerminal_ProductionCount\source\UI.c
               __string_4   0x006156    program     static D:\jo\Ideonics\Repository\ANDON_XbeeTerminal_ProductionCount\source\UI.c
               __string_5   0x00614e    program     static D:\jo\Ideonics\Repository\ANDON_XbeeTerminal_ProductionCount\source\UI.c
               __string_6   0x006143    program     static D:\jo\Ideonics\Repository\ANDON_XbeeTerminal_ProductionCount\source\UI.c
               __string_7   0x00613a    program     static D:\jo\Ideonics\Repository\ANDON_XbeeTerminal_ProductionCount\source\UI.c
               __string_8   0x006131    program     static D:\jo\Ideonics\Repository\ANDON_XbeeTerminal_ProductionCount\source\UI.c
               __string_9   0x006127    program     static D:\jo\Ideonics\Repository\ANDON_XbeeTerminal_ProductionCount\source\UI.c
               __tmplbl_0   0x000596    program     static                          
              __tmplbl_10   0x0012ba    program     static                          
              __tmplbl_16   0x001e1a    program     static                          
            __zero_memory   0x00645c    program     extern E:\c18v3.46\pic18-lt\cxx-framework\src\traditional\proc\p18f46k22.asm
                _do_cinit   0x005f7c    program     extern E:\c18v3.46\pic18-lt\cxx-framework\src\traditional\startup\c018i.c
                   _entry   0x000000    program     extern E:\c18v3.46\pic18-lt\cxx-framework\src\traditional\startup\c018i.c
                   _false   0x0062e0    program     static                          
                 _startup   0x00647c    program     extern E:\c18v3.46\pic18-lt\cxx-framework\src\traditional\startup\c018i.c
         acknowledgeIssue   0x002dd0    program     extern D:\jo\Ideonics\Repository\ANDON_XbeeTerminal_ProductionCount\source\app.c
                  busyLcd   0x005428    program     static D:\jo\Ideonics\Repository\ANDON_XbeeTerminal_ProductionCount\source\lcd.c
             calculateCRC   0x0040a2    program     extern D:\jo\Ideonics\Repository\ANDON_XbeeTerminal_ProductionCount\source\modbusMaster.c
              clearScreen   0x0064e4    program     static D:\jo\Ideonics\Repository\ANDON_XbeeTerminal_ProductionCount\source\lcd.c
            clearUIBuffer   0x004c6e    program     extern D:\jo\Ideonics\Repository\ANDON_XbeeTerminal_ProductionCount\source\UI.c
             clearUIInput   0x004c94    program     extern D:\jo\Ideonics\Repository\ANDON_XbeeTerminal_ProductionCount\source\UI.c
                compare_l   0x006472    program     static E:\c18v3.46\pic18-lt\cxx-framework\src\traditional\proc\p18f46k22.asm
          constructPacket   0x003366    program     extern D:\jo\Ideonics\Repository\ANDON_XbeeTerminal_ProductionCount\source\modbusMaster.c
            construct_F15   0x003554    program     extern D:\jo\Ideonics\Repository\ANDON_XbeeTerminal_ProductionCount\source\modbusMaster.c
            construct_F16   0x0036e2    program     extern D:\jo\Ideonics\Repository\ANDON_XbeeTerminal_ProductionCount\source\modbusMaster.c
                copy_loop   0x005fee    program     static                          
            copy_one_byte   0x005ff4    program     static                          
               dataPortIn   0x00585c    program     extern D:\jo\Ideonics\Repository\ANDON_XbeeTerminal_ProductionCount\source\lcd.c
              dataPortOut   0x00586c    program     extern D:\jo\Ideonics\Repository\ANDON_XbeeTerminal_ProductionCount\source\lcd.c
                     done   0x006018    program     static                          
             done_copying   0x006002    program     static                          
                  endloop   0x0064ae    program     static                          
                  endloop   0x006436    program     static                          
                  getData   0x004c10    program     extern D:\jo\Ideonics\Repository\ANDON_XbeeTerminal_ProductionCount\source\UI.c
               getStation   0x004b7c    program     extern D:\jo\Ideonics\Repository\ANDON_XbeeTerminal_ProductionCount\source\UI.c
             getStatusLog   0x002798    program     extern D:\jo\Ideonics\Repository\ANDON_XbeeTerminal_ProductionCount\source\app.c
            handleMBwrite   0x003034    program     extern D:\jo\Ideonics\Repository\ANDON_XbeeTerminal_ProductionCount\source\app.c
    handleProductionCount   0x003214    program     extern D:\jo\Ideonics\Repository\ANDON_XbeeTerminal_ProductionCount\source\app.c
           high_interrupt   0x000008    program     extern D:\jo\Ideonics\Repository\ANDON_XbeeTerminal_ProductionCount\source\interruptvector.c
                     idle   0x0032be    program     extern D:\jo\Ideonics\Repository\ANDON_XbeeTerminal_ProductionCount\source\modbusMaster.c
            issueResolved   0x002b80    program     extern D:\jo\Ideonics\Repository\ANDON_XbeeTerminal_ProductionCount\source\app.c
                     jEnd   0x005d76    program     static E:\c18v3.46\pic18-lt\cxx-framework\src\traditional\stdclib\strlen.asm
                     jEnd   0x005d04    program     static E:\c18v3.46\pic18-lt\cxx-framework\src\traditional\stdclib\strcmp.asm
                     jEnd   0x005cd8    program     static E:\c18v3.46\pic18-lt\cxx-framework\src\traditional\stdclib\memset.asm
                    jLoop   0x005d6c    program     static E:\c18v3.46\pic18-lt\cxx-framework\src\traditional\stdclib\strlen.asm
                    jLoop   0x005d42    program     static E:\c18v3.46\pic18-lt\cxx-framework\src\traditional\stdclib\strcpy.asm
                    jLoop   0x005cfa    program     static E:\c18v3.46\pic18-lt\cxx-framework\src\traditional\stdclib\strcmp.asm
                    jLoop   0x005cba    program     static E:\c18v3.46\pic18-lt\cxx-framework\src\traditional\stdclib\memset.asm
                   keyMap   0x00624e    program     extern D:\jo\Ideonics\Repository\ANDON_XbeeTerminal_ProductionCount\source\UI.c
                    login   0x00034e    program     extern D:\jo\Ideonics\Repository\ANDON_XbeeTerminal_ProductionCount\source\app.c
                     loop   0x0064a0    program     static                          
                     loop   0x00641a    program     static                          
                     loop   0x00648c    program     static                          
                     loop   0x0062ac    program     static                          
                   loop_h   0x00646a    program     static E:\c18v3.46\pic18-lt\cxx-framework\src\traditional\proc\p18f46k22.asm
                   loop_l   0x006474    program     static E:\c18v3.46\pic18-lt\cxx-framework\src\traditional\proc\p18f46k22.asm
            low_interrupt   0x000018    program     extern D:\jo\Ideonics\Repository\ANDON_XbeeTerminal_ProductionCount\source\interruptvector.c
                     main   0x005d78    program     extern D:\jo\Ideonics\Repository\ANDON_XbeeTerminal_ProductionCount\source\main.c
                   mapKey   0x0048a0    program     extern D:\jo\Ideonics\Repository\ANDON_XbeeTerminal_ProductionCount\source\UI.c
                   memset   0x005ca6    program     extern E:\c18v3.46\pic18-lt\cxx-framework\src\traditional\stdclib\memset.asm
             processError   0x003dde    program     extern D:\jo\Ideonics\Repository\ANDON_XbeeTerminal_ProductionCount\source\modbusMaster.c
             processReply   0x00393c    program     extern D:\jo\Ideonics\Repository\ANDON_XbeeTerminal_ProductionCount\source\modbusMaster.c
           processSuccess   0x003e90    program     extern D:\jo\Ideonics\Repository\ANDON_XbeeTerminal_ProductionCount\source\modbusMaster.c
            process_F1_F2   0x003a60    program     extern D:\jo\Ideonics\Repository\ANDON_XbeeTerminal_ProductionCount\source\modbusMaster.c
            process_F3_F4   0x003bc2    program     extern D:\jo\Ideonics\Repository\ANDON_XbeeTerminal_ProductionCount\source\modbusMaster.c
    process_F5_F6_F15_F16   0x003cc4    program     extern D:\jo\Ideonics\Repository\ANDON_XbeeTerminal_ProductionCount\source\modbusMaster.c
                 putUImsg   0x004d9e    program     extern D:\jo\Ideonics\Repository\ANDON_XbeeTerminal_ProductionCount\source\UI.c
    rawWriteCommand8ToLcd   0x0054b8    program     static D:\jo\Ideonics\Repository\ANDON_XbeeTerminal_ProductionCount\source\lcd.c
             resolveIssue   0x00242c    program     extern D:\jo\Ideonics\Repository\ANDON_XbeeTerminal_ProductionCount\source\app.c
               scanKeypad   0x0059a8    program     static D:\jo\Ideonics\Repository\ANDON_XbeeTerminal_ProductionCount\source\keypad.c
               sendPacket   0x0041d0    program     extern D:\jo\Ideonics\Repository\ANDON_XbeeTerminal_ProductionCount\source\modbusMaster.c
                 setUImsg   0x004d12    program     extern D:\jo\Ideonics\Repository\ANDON_XbeeTerminal_ProductionCount\source\UI.c
                showUImsg   0x004cb6    program     extern D:\jo\Ideonics\Repository\ANDON_XbeeTerminal_ProductionCount\source\UI.c
         storeCMDinBuffer   0x003152    program     extern D:\jo\Ideonics\Repository\ANDON_XbeeTerminal_ProductionCount\source\app.c
                   strcmp   0x005cda    program     extern E:\c18v3.46\pic18-lt\cxx-framework\src\traditional\stdclib\strcmp.asm
                   strcpy   0x005d1a    program     extern E:\c18v3.46\pic18-lt\cxx-framework\src\traditional\stdclib\strcpy.asm
                   strlen   0x005d5c    program     extern E:\c18v3.46\pic18-lt\cxx-framework\src\traditional\stdclib\strlen.asm
                     test   0x005f96    program     static                          
                  timeout   0x000006    program     static D:\jo\Ideonics\Repository\ANDON_XbeeTerminal_ProductionCount\source\app.c
         updateIndication   0x002b40    program     static D:\jo\Ideonics\Repository\ANDON_XbeeTerminal_ProductionCount\source\app.c
                updateLog   0x00291a    program     static D:\jo\Ideonics\Repository\ANDON_XbeeTerminal_ProductionCount\source\app.c
          update_timeouts   0x002ce4    program     static D:\jo\Ideonics\Repository\ANDON_XbeeTerminal_ProductionCount\source\app.c
        waiting_for_reply   0x003824    program     extern D:\jo\Ideonics\Repository\ANDON_XbeeTerminal_ProductionCount\source\modbusMaster.c
   waiting_for_turnaround   0x0037ee    program     extern D:\jo\Ideonics\Repository\ANDON_XbeeTerminal_ProductionCount\source\modbusMaster.c
               writetoLCD   0x0057b8    program     extern D:\jo\Ideonics\Repository\ANDON_XbeeTerminal_ProductionCount\source\lcd.c
               zero_block   0x00646a    program     static E:\c18v3.46\pic18-lt\cxx-framework\src\traditional\proc\p18f46k22.asm
                   ADCON0   0x000fc2       data     extern E:\c18v3.46\pic18-lt\cxx-framework\src\traditional\proc\p18f46k22.asm
               ADCON0bits   0x000fc2       data     extern E:\c18v3.46\pic18-lt\cxx-framework\src\traditional\proc\p18f46k22.asm
                   ADCON1   0x000fc1       data     extern E:\c18v3.46\pic18-lt\cxx-framework\src\traditional\proc\p18f46k22.asm
               ADCON1bits   0x000fc1       data     extern E:\c18v3.46\pic18-lt\cxx-framework\src\traditional\proc\p18f46k22.asm
                   ADCON2   0x000fc0       data     extern E:\c18v3.46\pic18-lt\cxx-framework\src\traditional\proc\p18f46k22.asm
               ADCON2bits   0x000fc0       data     extern E:\c18v3.46\pic18-lt\cxx-framework\src\traditional\proc\p18f46k22.asm
                    ADRES   0x000fc3       data     extern E:\c18v3.46\pic18-lt\cxx-framework\src\traditional\proc\p18f46k22.asm
                   ADRESH   0x000fc4       data     extern E:\c18v3.46\pic18-lt\cxx-framework\src\traditional\proc\p18f46k22.asm
                   ADRESL   0x000fc3       data     extern E:\c18v3.46\pic18-lt\cxx-framework\src\traditional\proc\p18f46k22.asm
                   ANSELA   0x000f38       data     extern E:\c18v3.46\pic18-lt\cxx-framework\src\traditional\proc\p18f46k22.asm
               ANSELAbits   0x000f38       data     extern E:\c18v3.46\pic18-lt\cxx-framework\src\traditional\proc\p18f46k22.asm
                   ANSELB   0x000f39       data     extern E:\c18v3.46\pic18-lt\cxx-framework\src\traditional\proc\p18f46k22.asm
               ANSELBbits   0x000f39       data     extern E:\c18v3.46\pic18-lt\cxx-framework\src\traditional\proc\p18f46k22.asm
                   ANSELC   0x000f3a       data     extern E:\c18v3.46\pic18-lt\cxx-framework\src\traditional\proc\p18f46k22.asm
               ANSELCbits   0x000f3a       data     extern E:\c18v3.46\pic18-lt\cxx-framework\src\traditional\proc\p18f46k22.asm
                   ANSELD   0x000f3b       data     extern E:\c18v3.46\pic18-lt\cxx-framework\src\traditional\proc\p18f46k22.asm
               ANSELDbits   0x000f3b       data     extern E:\c18v3.46\pic18-lt\cxx-framework\src\traditional\proc\p18f46k22.asm
                   ANSELE   0x000f3c       data     extern E:\c18v3.46\pic18-lt\cxx-framework\src\traditional\proc\p18f46k22.asm
               ANSELEbits   0x000f3c       data     extern E:\c18v3.46\pic18-lt\cxx-framework\src\traditional\proc\p18f46k22.asm
             AppTimestamp   0x000e1a       data     extern D:\jo\Ideonics\Repository\ANDON_XbeeTerminal_ProductionCount\source\timer.c
                 BAUD1CON   0x000fb8       data     extern E:\c18v3.46\pic18-lt\cxx-framework\src\traditional\proc\p18f46k22.asm
             BAUD1CONbits   0x000fb8       data     extern E:\c18v3.46\pic18-lt\cxx-framework\src\traditional\proc\p18f46k22.asm
                 BAUD2CON   0x000f70       data     extern E:\c18v3.46\pic18-lt\cxx-framework\src\traditional\proc\p18f46k22.asm
             BAUD2CONbits   0x000f70       data     extern E:\c18v3.46\pic18-lt\cxx-framework\src\traditional\proc\p18f46k22.asm
                  BAUDCON   0x000fb8       data     extern E:\c18v3.46\pic18-lt\cxx-framework\src\traditional\proc\p18f46k22.asm
                 BAUDCON1   0x000fb8       data     extern E:\c18v3.46\pic18-lt\cxx-framework\src\traditional\proc\p18f46k22.asm
             BAUDCON1bits   0x000fb8       data     extern E:\c18v3.46\pic18-lt\cxx-framework\src\traditional\proc\p18f46k22.asm
                 BAUDCON2   0x000f70       data     extern E:\c18v3.46\pic18-lt\cxx-framework\src\traditional\proc\p18f46k22.asm
             BAUDCON2bits   0x000f70       data     extern E:\c18v3.46\pic18-lt\cxx-framework\src\traditional\proc\p18f46k22.asm
              BAUDCONbits   0x000fb8       data     extern E:\c18v3.46\pic18-lt\cxx-framework\src\traditional\proc\p18f46k22.asm
                  BAUDCTL   0x000fb8       data     extern E:\c18v3.46\pic18-lt\cxx-framework\src\traditional\proc\p18f46k22.asm
              BAUDCTLbits   0x000fb8       data     extern E:\c18v3.46\pic18-lt\cxx-framework\src\traditional\proc\p18f46k22.asm
                      BSR   0x000fe0       data     extern E:\c18v3.46\pic18-lt\cxx-framework\src\traditional\proc\p18f46k22.asm
                  CCP1CON   0x000fbd       data     extern E:\c18v3.46\pic18-lt\cxx-framework\src\traditional\proc\p18f46k22.asm
              CCP1CONbits   0x000fbd       data     extern E:\c18v3.46\pic18-lt\cxx-framework\src\traditional\proc\p18f46k22.asm
                   CCP2AS   0x000f64       data     extern E:\c18v3.46\pic18-lt\cxx-framework\src\traditional\proc\p18f46k22.asm
               CCP2ASbits   0x000f64       data     extern E:\c18v3.46\pic18-lt\cxx-framework\src\traditional\proc\p18f46k22.asm
                  CCP2CON   0x000f66       data     extern E:\c18v3.46\pic18-lt\cxx-framework\src\traditional\proc\p18f46k22.asm
              CCP2CONbits   0x000f66       data     extern E:\c18v3.46\pic18-lt\cxx-framework\src\traditional\proc\p18f46k22.asm
                   CCP3AS   0x000f5b       data     extern E:\c18v3.46\pic18-lt\cxx-framework\src\traditional\proc\p18f46k22.asm
               CCP3ASbits   0x000f5b       data     extern E:\c18v3.46\pic18-lt\cxx-framework\src\traditional\proc\p18f46k22.asm
                  CCP3CON   0x000f5d       data     extern E:\c18v3.46\pic18-lt\cxx-framework\src\traditional\proc\p18f46k22.asm
              CCP3CONbits   0x000f5d       data     extern E:\c18v3.46\pic18-lt\cxx-framework\src\traditional\proc\p18f46k22.asm
                  CCP4CON   0x000f57       data     extern E:\c18v3.46\pic18-lt\cxx-framework\src\traditional\proc\p18f46k22.asm
              CCP4CONbits   0x000f57       data     extern E:\c18v3.46\pic18-lt\cxx-framework\src\traditional\proc\p18f46k22.asm
                  CCP5CON   0x000f54       data     extern E:\c18v3.46\pic18-lt\cxx-framework\src\traditional\proc\p18f46k22.asm
              CCP5CONbits   0x000f54       data     extern E:\c18v3.46\pic18-lt\cxx-framework\src\traditional\proc\p18f46k22.asm
                    CCPR1   0x000fbe       data     extern E:\c18v3.46\pic18-lt\cxx-framework\src\traditional\proc\p18f46k22.asm
                   CCPR1H   0x000fbf       data     extern E:\c18v3.46\pic18-lt\cxx-framework\src\traditional\proc\p18f46k22.asm
                   CCPR1L   0x000fbe       data     extern E:\c18v3.46\pic18-lt\cxx-framework\src\traditional\proc\p18f46k22.asm
                    CCPR2   0x000f67       data     extern E:\c18v3.46\pic18-lt\cxx-framework\src\traditional\proc\p18f46k22.asm
                   CCPR2H   0x000f68       data     extern E:\c18v3.46\pic18-lt\cxx-framework\src\traditional\proc\p18f46k22.asm
                   CCPR2L   0x000f67       data     extern E:\c18v3.46\pic18-lt\cxx-framework\src\traditional\proc\p18f46k22.asm
                    CCPR3   0x000f5e       data     extern E:\c18v3.46\pic18-lt\cxx-framework\src\traditional\proc\p18f46k22.asm
                   CCPR3H   0x000f5f       data     extern E:\c18v3.46\pic18-lt\cxx-framework\src\traditional\proc\p18f46k22.asm
                   CCPR3L   0x000f5e       data     extern E:\c18v3.46\pic18-lt\cxx-framework\src\traditional\proc\p18f46k22.asm
                    CCPR4   0x000f58       data     extern E:\c18v3.46\pic18-lt\cxx-framework\src\traditional\proc\p18f46k22.asm
                   CCPR4H   0x000f59       data     extern E:\c18v3.46\pic18-lt\cxx-framework\src\traditional\proc\p18f46k22.asm
                   CCPR4L   0x000f58       data     extern E:\c18v3.46\pic18-lt\cxx-framework\src\traditional\proc\p18f46k22.asm
                    CCPR5   0x000f55       data     extern E:\c18v3.46\pic18-lt\cxx-framework\src\traditional\proc\p18f46k22.asm
                   CCPR5H   0x000f56       data     extern E:\c18v3.46\pic18-lt\cxx-framework\src\traditional\proc\p18f46k22.asm
                   CCPR5L   0x000f55       data     extern E:\c18v3.46\pic18-lt\cxx-framework\src\traditional\proc\p18f46k22.asm
                 CCPTMRS0   0x000f49       data     extern E:\c18v3.46\pic18-lt\cxx-framework\src\traditional\proc\p18f46k22.asm
             CCPTMRS0bits   0x000f49       data     extern E:\c18v3.46\pic18-lt\cxx-framework\src\traditional\proc\p18f46k22.asm
                 CCPTMRS1   0x000f48       data     extern E:\c18v3.46\pic18-lt\cxx-framework\src\traditional\proc\p18f46k22.asm
             CCPTMRS1bits   0x000f48       data     extern E:\c18v3.46\pic18-lt\cxx-framework\src\traditional\proc\p18f46k22.asm
                  CM12CON   0x000f77       data     extern E:\c18v3.46\pic18-lt\cxx-framework\src\traditional\proc\p18f46k22.asm
              CM12CONbits   0x000f77       data     extern E:\c18v3.46\pic18-lt\cxx-framework\src\traditional\proc\p18f46k22.asm
                   CM1CON   0x000f79       data     extern E:\c18v3.46\pic18-lt\cxx-framework\src\traditional\proc\p18f46k22.asm
                  CM1CON0   0x000f79       data     extern E:\c18v3.46\pic18-lt\cxx-framework\src\traditional\proc\p18f46k22.asm
              CM1CON0bits   0x000f79       data     extern E:\c18v3.46\pic18-lt\cxx-framework\src\traditional\proc\p18f46k22.asm
               CM1CONbits   0x000f79       data     extern E:\c18v3.46\pic18-lt\cxx-framework\src\traditional\proc\p18f46k22.asm
                   CM2CON   0x000f78       data     extern E:\c18v3.46\pic18-lt\cxx-framework\src\traditional\proc\p18f46k22.asm
                  CM2CON0   0x000f78       data     extern E:\c18v3.46\pic18-lt\cxx-framework\src\traditional\proc\p18f46k22.asm
              CM2CON0bits   0x000f78       data     extern E:\c18v3.46\pic18-lt\cxx-framework\src\traditional\proc\p18f46k22.asm
                  CM2CON1   0x000f77       data     extern E:\c18v3.46\pic18-lt\cxx-framework\src\traditional\proc\p18f46k22.asm
              CM2CON1bits   0x000f77       data     extern E:\c18v3.46\pic18-lt\cxx-framework\src\traditional\proc\p18f46k22.asm
               CM2CONbits   0x000f78       data     extern E:\c18v3.46\pic18-lt\cxx-framework\src\traditional\proc\p18f46k22.asm
                 CTMUCON0   0x000f45       data     extern E:\c18v3.46\pic18-lt\cxx-framework\src\traditional\proc\p18f46k22.asm
             CTMUCON0bits   0x000f45       data     extern E:\c18v3.46\pic18-lt\cxx-framework\src\traditional\proc\p18f46k22.asm
                 CTMUCON1   0x000f44       data     extern E:\c18v3.46\pic18-lt\cxx-framework\src\traditional\proc\p18f46k22.asm
             CTMUCON1bits   0x000f44       data     extern E:\c18v3.46\pic18-lt\cxx-framework\src\traditional\proc\p18f46k22.asm
                 CTMUCONH   0x000f45       data     extern E:\c18v3.46\pic18-lt\cxx-framework\src\traditional\proc\p18f46k22.asm
             CTMUCONHbits   0x000f45       data     extern E:\c18v3.46\pic18-lt\cxx-framework\src\traditional\proc\p18f46k22.asm
                 CTMUCONL   0x000f44       data     extern E:\c18v3.46\pic18-lt\cxx-framework\src\traditional\proc\p18f46k22.asm
             CTMUCONLbits   0x000f44       data     extern E:\c18v3.46\pic18-lt\cxx-framework\src\traditional\proc\p18f46k22.asm
                 CTMUICON   0x000f43       data     extern E:\c18v3.46\pic18-lt\cxx-framework\src\traditional\proc\p18f46k22.asm
                CTMUICONH   0x000f43       data     extern E:\c18v3.46\pic18-lt\cxx-framework\src\traditional\proc\p18f46k22.asm
            CTMUICONHbits   0x000f43       data     extern E:\c18v3.46\pic18-lt\cxx-framework\src\traditional\proc\p18f46k22.asm
             CTMUICONbits   0x000f43       data     extern E:\c18v3.46\pic18-lt\cxx-framework\src\traditional\proc\p18f46k22.asm
                  DACCON0   0x000f41       data     extern E:\c18v3.46\pic18-lt\cxx-framework\src\traditional\proc\p18f46k22.asm
              DACCON0bits   0x000f41       data     extern E:\c18v3.46\pic18-lt\cxx-framework\src\traditional\proc\p18f46k22.asm
                  DACCON1   0x000f40       data     extern E:\c18v3.46\pic18-lt\cxx-framework\src\traditional\proc\p18f46k22.asm
              DACCON1bits   0x000f40       data     extern E:\c18v3.46\pic18-lt\cxx-framework\src\traditional\proc\p18f46k22.asm
                     DDRA   0x000f92       data     extern E:\c18v3.46\pic18-lt\cxx-framework\src\traditional\proc\p18f46k22.asm
                 DDRAbits   0x000f92       data     extern E:\c18v3.46\pic18-lt\cxx-framework\src\traditional\proc\p18f46k22.asm
                     DDRB   0x000f93       data     extern E:\c18v3.46\pic18-lt\cxx-framework\src\traditional\proc\p18f46k22.asm
                 DDRBbits   0x000f93       data     extern E:\c18v3.46\pic18-lt\cxx-framework\src\traditional\proc\p18f46k22.asm
                     DDRC   0x000f94       data     extern E:\c18v3.46\pic18-lt\cxx-framework\src\traditional\proc\p18f46k22.asm
                 DDRCbits   0x000f94       data     extern E:\c18v3.46\pic18-lt\cxx-framework\src\traditional\proc\p18f46k22.asm
                     DDRD   0x000f95       data     extern E:\c18v3.46\pic18-lt\cxx-framework\src\traditional\proc\p18f46k22.asm
                 DDRDbits   0x000f95       data     extern E:\c18v3.46\pic18-lt\cxx-framework\src\traditional\proc\p18f46k22.asm
                     DDRE   0x000f96       data     extern E:\c18v3.46\pic18-lt\cxx-framework\src\traditional\proc\p18f46k22.asm
                 DDREbits   0x000f96       data     extern E:\c18v3.46\pic18-lt\cxx-framework\src\traditional\proc\p18f46k22.asm
            DelayCounter1   0x00001c       data     extern E:\c18v3.46\pic18-lt\cxx-framework\src\traditional\delays\delayd1.asm
                  ECCP1AS   0x000fb6       data     extern E:\c18v3.46\pic18-lt\cxx-framework\src\traditional\proc\p18f46k22.asm
              ECCP1ASbits   0x000fb6       data     extern E:\c18v3.46\pic18-lt\cxx-framework\src\traditional\proc\p18f46k22.asm
                  ECCP2AS   0x000f64       data     extern E:\c18v3.46\pic18-lt\cxx-framework\src\traditional\proc\p18f46k22.asm
              ECCP2ASbits   0x000f64       data     extern E:\c18v3.46\pic18-lt\cxx-framework\src\traditional\proc\p18f46k22.asm
                  ECCP3AS   0x000f5b       data     extern E:\c18v3.46\pic18-lt\cxx-framework\src\traditional\proc\p18f46k22.asm
              ECCP3ASbits   0x000f5b       data     extern E:\c18v3.46\pic18-lt\cxx-framework\src\traditional\proc\p18f46k22.asm
                   ECCPAS   0x000fb6       data     extern E:\c18v3.46\pic18-lt\cxx-framework\src\traditional\proc\p18f46k22.asm
               ECCPASbits   0x000fb6       data     extern E:\c18v3.46\pic18-lt\cxx-framework\src\traditional\proc\p18f46k22.asm
                    EEADR   0x000fa9       data     extern E:\c18v3.46\pic18-lt\cxx-framework\src\traditional\proc\p18f46k22.asm
                   EEADRH   0x000faa       data     extern E:\c18v3.46\pic18-lt\cxx-framework\src\traditional\proc\p18f46k22.asm
               EEADRHbits   0x000faa       data     extern E:\c18v3.46\pic18-lt\cxx-framework\src\traditional\proc\p18f46k22.asm
                EEADRbits   0x000fa9       data     extern E:\c18v3.46\pic18-lt\cxx-framework\src\traditional\proc\p18f46k22.asm
                   EECON1   0x000fa6       data     extern E:\c18v3.46\pic18-lt\cxx-framework\src\traditional\proc\p18f46k22.asm
               EECON1bits   0x000fa6       data     extern E:\c18v3.46\pic18-lt\cxx-framework\src\traditional\proc\p18f46k22.asm
                   EECON2   0x000fa7       data     extern E:\c18v3.46\pic18-lt\cxx-framework\src\traditional\proc\p18f46k22.asm
                   EEDATA   0x000fa8       data     extern E:\c18v3.46\pic18-lt\cxx-framework\src\traditional\proc\p18f46k22.asm
                     FSR0   0x000fe9       data     extern E:\c18v3.46\pic18-lt\cxx-framework\src\traditional\proc\p18f46k22.asm
                    FSR0H   0x000fea       data     extern E:\c18v3.46\pic18-lt\cxx-framework\src\traditional\proc\p18f46k22.asm
                    FSR0L   0x000fe9       data     extern E:\c18v3.46\pic18-lt\cxx-framework\src\traditional\proc\p18f46k22.asm
                     FSR1   0x000fe1       data     extern E:\c18v3.46\pic18-lt\cxx-framework\src\traditional\proc\p18f46k22.asm
                    FSR1H   0x000fe2       data     extern E:\c18v3.46\pic18-lt\cxx-framework\src\traditional\proc\p18f46k22.asm
                    FSR1L   0x000fe1       data     extern E:\c18v3.46\pic18-lt\cxx-framework\src\traditional\proc\p18f46k22.asm
                     FSR2   0x000fd9       data     extern E:\c18v3.46\pic18-lt\cxx-framework\src\traditional\proc\p18f46k22.asm
                    FSR2H   0x000fda       data     extern E:\c18v3.46\pic18-lt\cxx-framework\src\traditional\proc\p18f46k22.asm
                    FSR2L   0x000fd9       data     extern E:\c18v3.46\pic18-lt\cxx-framework\src\traditional\proc\p18f46k22.asm
                   FVRCON   0x000f42       data     extern E:\c18v3.46\pic18-lt\cxx-framework\src\traditional\proc\p18f46k22.asm
               FVRCONbits   0x000f42       data     extern E:\c18v3.46\pic18-lt\cxx-framework\src\traditional\proc\p18f46k22.asm
                  HLVDCON   0x000f9c       data     extern E:\c18v3.46\pic18-lt\cxx-framework\src\traditional\proc\p18f46k22.asm
              HLVDCONbits   0x000f9c       data     extern E:\c18v3.46\pic18-lt\cxx-framework\src\traditional\proc\p18f46k22.asm
                    INDF0   0x000fef       data     extern E:\c18v3.46\pic18-lt\cxx-framework\src\traditional\proc\p18f46k22.asm
                    INDF1   0x000fe7       data     extern E:\c18v3.46\pic18-lt\cxx-framework\src\traditional\proc\p18f46k22.asm
                    INDF2   0x000fdf       data     extern E:\c18v3.46\pic18-lt\cxx-framework\src\traditional\proc\p18f46k22.asm
                   INTCON   0x000ff2       data     extern E:\c18v3.46\pic18-lt\cxx-framework\src\traditional\proc\p18f46k22.asm
                  INTCON2   0x000ff1       data     extern E:\c18v3.46\pic18-lt\cxx-framework\src\traditional\proc\p18f46k22.asm
              INTCON2bits   0x000ff1       data     extern E:\c18v3.46\pic18-lt\cxx-framework\src\traditional\proc\p18f46k22.asm
                  INTCON3   0x000ff0       data     extern E:\c18v3.46\pic18-lt\cxx-framework\src\traditional\proc\p18f46k22.asm
              INTCON3bits   0x000ff0       data     extern E:\c18v3.46\pic18-lt\cxx-framework\src\traditional\proc\p18f46k22.asm
               INTCONbits   0x000ff2       data     extern E:\c18v3.46\pic18-lt\cxx-framework\src\traditional\proc\p18f46k22.asm
                     IOCB   0x000f62       data     extern E:\c18v3.46\pic18-lt\cxx-framework\src\traditional\proc\p18f46k22.asm
                 IOCBbits   0x000f62       data     extern E:\c18v3.46\pic18-lt\cxx-framework\src\traditional\proc\p18f46k22.asm
                     IPR1   0x000f9f       data     extern E:\c18v3.46\pic18-lt\cxx-framework\src\traditional\proc\p18f46k22.asm
                 IPR1bits   0x000f9f       data     extern E:\c18v3.46\pic18-lt\cxx-framework\src\traditional\proc\p18f46k22.asm
                     IPR2   0x000fa2       data     extern E:\c18v3.46\pic18-lt\cxx-framework\src\traditional\proc\p18f46k22.asm
                 IPR2bits   0x000fa2       data     extern E:\c18v3.46\pic18-lt\cxx-framework\src\traditional\proc\p18f46k22.asm
                     IPR3   0x000fa5       data     extern E:\c18v3.46\pic18-lt\cxx-framework\src\traditional\proc\p18f46k22.asm
                 IPR3bits   0x000fa5       data     extern E:\c18v3.46\pic18-lt\cxx-framework\src\traditional\proc\p18f46k22.asm
                     IPR4   0x000f7c       data     extern E:\c18v3.46\pic18-lt\cxx-framework\src\traditional\proc\p18f46k22.asm
                 IPR4bits   0x000f7c       data     extern E:\c18v3.46\pic18-lt\cxx-framework\src\traditional\proc\p18f46k22.asm
                     IPR5   0x000f7f       data     extern E:\c18v3.46\pic18-lt\cxx-framework\src\traditional\proc\p18f46k22.asm
                 IPR5bits   0x000f7f       data     extern E:\c18v3.46\pic18-lt\cxx-framework\src\traditional\proc\p18f46k22.asm
                     LATA   0x000f89       data     extern E:\c18v3.46\pic18-lt\cxx-framework\src\traditional\proc\p18f46k22.asm
                 LATAbits   0x000f89       data     extern E:\c18v3.46\pic18-lt\cxx-framework\src\traditional\proc\p18f46k22.asm
                     LATB   0x000f8a       data     extern E:\c18v3.46\pic18-lt\cxx-framework\src\traditional\proc\p18f46k22.asm
                 LATBbits   0x000f8a       data     extern E:\c18v3.46\pic18-lt\cxx-framework\src\traditional\proc\p18f46k22.asm
                     LATC   0x000f8b       data     extern E:\c18v3.46\pic18-lt\cxx-framework\src\traditional\proc\p18f46k22.asm
                 LATCbits   0x000f8b       data     extern E:\c18v3.46\pic18-lt\cxx-framework\src\traditional\proc\p18f46k22.asm
                     LATD   0x000f8c       data     extern E:\c18v3.46\pic18-lt\cxx-framework\src\traditional\proc\p18f46k22.asm
                 LATDbits   0x000f8c       data     extern E:\c18v3.46\pic18-lt\cxx-framework\src\traditional\proc\p18f46k22.asm
                     LATE   0x000f8d       data     extern E:\c18v3.46\pic18-lt\cxx-framework\src\traditional\proc\p18f46k22.asm
                 LATEbits   0x000f8d       data     extern E:\c18v3.46\pic18-lt\cxx-framework\src\traditional\proc\p18f46k22.asm
                   LVDCON   0x000f9c       data     extern E:\c18v3.46\pic18-lt\cxx-framework\src\traditional\proc\p18f46k22.asm
               LVDCONbits   0x000f9c       data     extern E:\c18v3.46\pic18-lt\cxx-framework\src\traditional\proc\p18f46k22.asm
                MB_STATUS   0x000941       data     extern D:\jo\Ideonics\Repository\ANDON_XbeeTerminal_ProductionCount\source\modbusMaster.c
                   OSCCON   0x000fd3       data     extern E:\c18v3.46\pic18-lt\cxx-framework\src\traditional\proc\p18f46k22.asm
                  OSCCON2   0x000fd2       data     extern E:\c18v3.46\pic18-lt\cxx-framework\src\traditional\proc\p18f46k22.asm
              OSCCON2bits   0x000fd2       data     extern E:\c18v3.46\pic18-lt\cxx-framework\src\traditional\proc\p18f46k22.asm
               OSCCONbits   0x000fd3       data     extern E:\c18v3.46\pic18-lt\cxx-framework\src\traditional\proc\p18f46k22.asm
                  OSCTUNE   0x000f9b       data     extern E:\c18v3.46\pic18-lt\cxx-framework\src\traditional\proc\p18f46k22.asm
              OSCTUNEbits   0x000f9b       data     extern E:\c18v3.46\pic18-lt\cxx-framework\src\traditional\proc\p18f46k22.asm
              PACKET_SENT   0x000dee       data     extern D:\jo\Ideonics\Repository\ANDON_XbeeTerminal_ProductionCount\source\app.c
                       PC   0x000ff9       data     extern E:\c18v3.46\pic18-lt\cxx-framework\src\traditional\proc\p18f46k22.asm
                      PCL   0x000ff9       data     extern E:\c18v3.46\pic18-lt\cxx-framework\src\traditional\proc\p18f46k22.asm
                   PCLATH   0x000ffa       data     extern E:\c18v3.46\pic18-lt\cxx-framework\src\traditional\proc\p18f46k22.asm
                   PCLATU   0x000ffb       data     extern E:\c18v3.46\pic18-lt\cxx-framework\src\traditional\proc\p18f46k22.asm
                     PIE1   0x000f9d       data     extern E:\c18v3.46\pic18-lt\cxx-framework\src\traditional\proc\p18f46k22.asm
                 PIE1bits   0x000f9d       data     extern E:\c18v3.46\pic18-lt\cxx-framework\src\traditional\proc\p18f46k22.asm
                     PIE2   0x000fa0       data     extern E:\c18v3.46\pic18-lt\cxx-framework\src\traditional\proc\p18f46k22.asm
                 PIE2bits   0x000fa0       data     extern E:\c18v3.46\pic18-lt\cxx-framework\src\traditional\proc\p18f46k22.asm
                     PIE3   0x000fa3       data     extern E:\c18v3.46\pic18-lt\cxx-framework\src\traditional\proc\p18f46k22.asm
                 PIE3bits   0x000fa3       data     extern E:\c18v3.46\pic18-lt\cxx-framework\src\traditional\proc\p18f46k22.asm
                     PIE4   0x000f7a       data     extern E:\c18v3.46\pic18-lt\cxx-framework\src\traditional\proc\p18f46k22.asm
                 PIE4bits   0x000f7a       data     extern E:\c18v3.46\pic18-lt\cxx-framework\src\traditional\proc\p18f46k22.asm
                     PIE5   0x000f7d       data     extern E:\c18v3.46\pic18-lt\cxx-framework\src\traditional\proc\p18f46k22.asm
                 PIE5bits   0x000f7d       data     extern E:\c18v3.46\pic18-lt\cxx-framework\src\traditional\proc\p18f46k22.asm
                     PIR1   0x000f9e       data     extern E:\c18v3.46\pic18-lt\cxx-framework\src\traditional\proc\p18f46k22.asm
                 PIR1bits   0x000f9e       data     extern E:\c18v3.46\pic18-lt\cxx-framework\src\traditional\proc\p18f46k22.asm
                     PIR2   0x000fa1       data     extern E:\c18v3.46\pic18-lt\cxx-framework\src\traditional\proc\p18f46k22.asm
                 PIR2bits   0x000fa1       data     extern E:\c18v3.46\pic18-lt\cxx-framework\src\traditional\proc\p18f46k22.asm
                     PIR3   0x000fa4       data     extern E:\c18v3.46\pic18-lt\cxx-framework\src\traditional\proc\p18f46k22.asm
                 PIR3bits   0x000fa4       data     extern E:\c18v3.46\pic18-lt\cxx-framework\src\traditional\proc\p18f46k22.asm
                     PIR4   0x000f7b       data     extern E:\c18v3.46\pic18-lt\cxx-framework\src\traditional\proc\p18f46k22.asm
                 PIR4bits   0x000f7b       data     extern E:\c18v3.46\pic18-lt\cxx-framework\src\traditional\proc\p18f46k22.asm
                     PIR5   0x000f7e       data     extern E:\c18v3.46\pic18-lt\cxx-framework\src\traditional\proc\p18f46k22.asm
                 PIR5bits   0x000f7e       data     extern E:\c18v3.46\pic18-lt\cxx-framework\src\traditional\proc\p18f46k22.asm
                   PLUSW0   0x000feb       data     extern E:\c18v3.46\pic18-lt\cxx-framework\src\traditional\proc\p18f46k22.asm
                   PLUSW1   0x000fe3       data     extern E:\c18v3.46\pic18-lt\cxx-framework\src\traditional\proc\p18f46k22.asm
                   PLUSW2   0x000fdb       data     extern E:\c18v3.46\pic18-lt\cxx-framework\src\traditional\proc\p18f46k22.asm
                     PMD0   0x000f3f       data     extern E:\c18v3.46\pic18-lt\cxx-framework\src\traditional\proc\p18f46k22.asm
                 PMD0bits   0x000f3f       data     extern E:\c18v3.46\pic18-lt\cxx-framework\src\traditional\proc\p18f46k22.asm
                     PMD1   0x000f3e       data     extern E:\c18v3.46\pic18-lt\cxx-framework\src\traditional\proc\p18f46k22.asm
                 PMD1bits   0x000f3e       data     extern E:\c18v3.46\pic18-lt\cxx-framework\src\traditional\proc\p18f46k22.asm
                     PMD2   0x000f3d       data     extern E:\c18v3.46\pic18-lt\cxx-framework\src\traditional\proc\p18f46k22.asm
                 PMD2bits   0x000f3d       data     extern E:\c18v3.46\pic18-lt\cxx-framework\src\traditional\proc\p18f46k22.asm
                    PORTA   0x000f80       data     extern E:\c18v3.46\pic18-lt\cxx-framework\src\traditional\proc\p18f46k22.asm
                PORTAbits   0x000f80       data     extern E:\c18v3.46\pic18-lt\cxx-framework\src\traditional\proc\p18f46k22.asm
                    PORTB   0x000f81       data     extern E:\c18v3.46\pic18-lt\cxx-framework\src\traditional\proc\p18f46k22.asm
                PORTBbits   0x000f81       data     extern E:\c18v3.46\pic18-lt\cxx-framework\src\traditional\proc\p18f46k22.asm
                    PORTC   0x000f82       data     extern E:\c18v3.46\pic18-lt\cxx-framework\src\traditional\proc\p18f46k22.asm
                PORTCbits   0x000f82       data     extern E:\c18v3.46\pic18-lt\cxx-framework\src\traditional\proc\p18f46k22.asm
                    PORTD   0x000f83       data     extern E:\c18v3.46\pic18-lt\cxx-framework\src\traditional\proc\p18f46k22.asm
                PORTDbits   0x000f83       data     extern E:\c18v3.46\pic18-lt\cxx-framework\src\traditional\proc\p18f46k22.asm
                    PORTE   0x000f84       data     extern E:\c18v3.46\pic18-lt\cxx-framework\src\traditional\proc\p18f46k22.asm
                PORTEbits   0x000f84       data     extern E:\c18v3.46\pic18-lt\cxx-framework\src\traditional\proc\p18f46k22.asm
                 POSTDEC0   0x000fed       data     extern E:\c18v3.46\pic18-lt\cxx-framework\src\traditional\proc\p18f46k22.asm
                 POSTDEC1   0x000fe5       data     extern E:\c18v3.46\pic18-lt\cxx-framework\src\traditional\proc\p18f46k22.asm
                 POSTDEC2   0x000fdd       data     extern E:\c18v3.46\pic18-lt\cxx-framework\src\traditional\proc\p18f46k22.asm
                 POSTINC0   0x000fee       data     extern E:\c18v3.46\pic18-lt\cxx-framework\src\traditional\proc\p18f46k22.asm
                 POSTINC1   0x000fe6       data     extern E:\c18v3.46\pic18-lt\cxx-framework\src\traditional\proc\p18f46k22.asm
                 POSTINC2   0x000fde       data     extern E:\c18v3.46\pic18-lt\cxx-framework\src\traditional\proc\p18f46k22.asm
                      PR2   0x000fbb       data     extern E:\c18v3.46\pic18-lt\cxx-framework\src\traditional\proc\p18f46k22.asm
                      PR4   0x000f52       data     extern E:\c18v3.46\pic18-lt\cxx-framework\src\traditional\proc\p18f46k22.asm
                      PR6   0x000f4b       data     extern E:\c18v3.46\pic18-lt\cxx-framework\src\traditional\proc\p18f46k22.asm
                  PREINC0   0x000fec       data     extern E:\c18v3.46\pic18-lt\cxx-framework\src\traditional\proc\p18f46k22.asm
                  PREINC1   0x000fe4       data     extern E:\c18v3.46\pic18-lt\cxx-framework\src\traditional\proc\p18f46k22.asm
                  PREINC2   0x000fdc       data     extern E:\c18v3.46\pic18-lt\cxx-framework\src\traditional\proc\p18f46k22.asm
[...]
                SPBRGbits   0x000faf       data     extern E:\c18v3.46\pic18-lt\cxx-framework\src\traditional\proc\p18f46k22.asm
               SPBRG1bits   0x000faf       data     extern E:\c18v3.46\pic18-lt\cxx-framework\src\traditional\proc\p18f46k22.asm
                   SPBRG1   0x000faf       data     extern E:\c18v3.46\pic18-lt\cxx-framework\src\traditional\proc\p18f46k22.asm
                    SPBRG   0x000faf       data     extern E:\c18v3.46\pic18-lt\cxx-framework\src\traditional\proc\p18f46k22.asm
               SP1BRGbits   0x000faf       data     extern E:\c18v3.46\pic18-lt\cxx-framework\src\traditional\proc\p18f46k22.asm
              SP1BRGHbits   0x000fb0       data     extern E:\c18v3.46\pic18-lt\cxx-framework\src\traditional\proc\p18f46k22.asm
                  SP1BRGH   0x000fb0       data     extern E:\c18v3.46\pic18-lt\cxx-framework\src\traditional\proc\p18f46k22.asm
               SPBRGHbits   0x000fb0       data     extern E:\c18v3.46\pic18-lt\cxx-framework\src\traditional\proc\p18f46k22.asm
              SPBRGH1bits   0x000fb0       data     extern E:\c18v3.46\pic18-lt\cxx-framework\src\traditional\proc\p18f46k22.asm
                  SPBRGH1   0x000fb0       data     extern E:\c18v3.46\pic18-lt\cxx-framework\src\traditional\proc\p18f46k22.asm
                   SPBRGH   0x000fb0       data     extern E:\c18v3.46\pic18-lt\cxx-framework\src\traditional\proc\p18f46k22.asm
                    T3CON   0x000fb1       data     extern E:\c18v3.46\pic18-lt\cxx-framework\src\traditional\proc\p18f46k22.asm
                T3CONbits   0x000fb1       data     extern E:\c18v3.46\pic18-lt\cxx-framework\src\traditional\proc\p18f46k22.asm
                    TMR3L   0x000fb2       data     extern E:\c18v3.46\pic18-lt\cxx-framework\src\traditional\proc\p18f46k22.asm
                    TMR3H   0x000fb3       data     extern E:\c18v3.46\pic18-lt\cxx-framework\src\traditional\proc\p18f46k22.asm
               T3GCONbits   0x000fb4       data     extern E:\c18v3.46\pic18-lt\cxx-framework\src\traditional\proc\p18f46k22.asm
                   T3GCON   0x000fb4       data     extern E:\c18v3.46\pic18-lt\cxx-framework\src\traditional\proc\p18f46k22.asm
                  ECCP1AS   0x000fb6       data     extern E:\c18v3.46\pic18-lt\cxx-framework\src\traditional\proc\p18f46k22.asm
               ECCPASbits   0x000fb6       data     extern E:\c18v3.46\pic18-lt\cxx-framework\src\traditional\proc\p18f46k22.asm
                   ECCPAS   0x000fb6       data     extern E:\c18v3.46\pic18-lt\cxx-framework\src\traditional\proc\p18f46k22.asm
              ECCP1ASbits   0x000fb6       data     extern E:\c18v3.46\pic18-lt\cxx-framework\src\traditional\proc\p18f46k22.asm
                  PWM1CON   0x000fb7       data     extern E:\c18v3.46\pic18-lt\cxx-framework\src\traditional\proc\p18f46k22.asm
              PWM1CONbits   0x000fb7       data     extern E:\c18v3.46\pic18-lt\cxx-framework\src\traditional\proc\p18f46k22.asm
                   PWMCON   0x000fb7       data     extern E:\c18v3.46\pic18-lt\cxx-framework\src\traditional\proc\p18f46k22.asm
               PWMCONbits   0x000fb7       data     extern E:\c18v3.46\pic18-lt\cxx-framework\src\traditional\proc\p18f46k22.asm
             BAUDCON1bits   0x000fb8       data     extern E:\c18v3.46\pic18-lt\cxx-framework\src\traditional\proc\p18f46k22.asm
                 BAUDCON1   0x000fb8       data     extern E:\c18v3.46\pic18-lt\cxx-framework\src\traditional\proc\p18f46k22.asm
              BAUDCONbits   0x000fb8       data     extern E:\c18v3.46\pic18-lt\cxx-framework\src\traditional\proc\p18f46k22.asm
                  BAUDCTL   0x000fb8       data     extern E:\c18v3.46\pic18-lt\cxx-framework\src\traditional\proc\p18f46k22.asm
              BAUDCTLbits   0x000fb8       data     extern E:\c18v3.46\pic18-lt\cxx-framework\src\traditional\proc\p18f46k22.asm
                  BAUDCON   0x000fb8       data     extern E:\c18v3.46\pic18-lt\cxx-framework\src\traditional\proc\p18f46k22.asm
             BAUD1CONbits   0x000fb8       data     extern E:\c18v3.46\pic18-lt\cxx-framework\src\traditional\proc\p18f46k22.asm
                 BAUD1CON   0x000fb8       data     extern E:\c18v3.46\pic18-lt\cxx-framework\src\traditional\proc\p18f46k22.asm
              PSTRCONbits   0x000fb9       data     extern E:\c18v3.46\pic18-lt\cxx-framework\src\traditional\proc\p18f46k22.asm
                  PSTRCON   0x000fb9       data     extern E:\c18v3.46\pic18-lt\cxx-framework\src\traditional\proc\p18f46k22.asm
             PSTR1CONbits   0x000fb9       data     extern E:\c18v3.46\pic18-lt\cxx-framework\src\traditional\proc\p18f46k22.asm
                 PSTR1CON   0x000fb9       data     extern E:\c18v3.46\pic18-lt\cxx-framework\src\traditional\proc\p18f46k22.asm
                    T2CON   0x000fba       data     extern E:\c18v3.46\pic18-lt\cxx-framework\src\traditional\proc\p18f46k22.asm
                T2CONbits   0x000fba       data     extern E:\c18v3.46\pic18-lt\cxx-framework\src\traditional\proc\p18f46k22.asm
                      PR2   0x000fbb       data     extern E:\c18v3.46\pic18-lt\cxx-framework\src\traditional\proc\p18f46k22.asm
                     TMR2   0x000fbc       data     extern E:\c18v3.46\pic18-lt\cxx-framework\src\traditional\proc\p18f46k22.asm
              CCP1CONbits   0x000fbd       data     extern E:\c18v3.46\pic18-lt\cxx-framework\src\traditional\proc\p18f46k22.asm
                  CCP1CON   0x000fbd       data     extern E:\c18v3.46\pic18-lt\cxx-framework\src\traditional\proc\p18f46k22.asm
                    CCPR1   0x000fbe       data     extern E:\c18v3.46\pic18-lt\cxx-framework\src\traditional\proc\p18f46k22.asm
                   CCPR1L   0x000fbe       data     extern E:\c18v3.46\pic18-lt\cxx-framework\src\traditional\proc\p18f46k22.asm
                   CCPR1H   0x000fbf       data     extern E:\c18v3.46\pic18-lt\cxx-framework\src\traditional\proc\p18f46k22.asm
               ADCON2bits   0x000fc0       data     extern E:\c18v3.46\pic18-lt\cxx-framework\src\traditional\proc\p18f46k22.asm
                   ADCON2   0x000fc0       data     extern E:\c18v3.46\pic18-lt\cxx-framework\src\traditional\proc\p18f46k22.asm
               ADCON1bits   0x000fc1       data     extern E:\c18v3.46\pic18-lt\cxx-framework\src\traditional\proc\p18f46k22.asm
                   ADCON1   0x000fc1       data     extern E:\c18v3.46\pic18-lt\cxx-framework\src\traditional\proc\p18f46k22.asm
               ADCON0bits   0x000fc2       data     extern E:\c18v3.46\pic18-lt\cxx-framework\src\traditional\proc\p18f46k22.asm
                   ADCON0   0x000fc2       data     extern E:\c18v3.46\pic18-lt\cxx-framework\src\traditional\proc\p18f46k22.asm
                    ADRES   0x000fc3       data     extern E:\c18v3.46\pic18-lt\cxx-framework\src\traditional\proc\p18f46k22.asm
                   ADRESL   0x000fc3       data     extern E:\c18v3.46\pic18-lt\cxx-framework\src\traditional\proc\p18f46k22.asm
                   ADRESH   0x000fc4       data     extern E:\c18v3.46\pic18-lt\cxx-framework\src\traditional\proc\p18f46k22.asm
                  SSPCON2   0x000fc5       data     extern E:\c18v3.46\pic18-lt\cxx-framework\src\traditional\proc\p18f46k22.asm
              SSPCON2bits   0x000fc5       data     extern E:\c18v3.46\pic18-lt\cxx-framework\src\traditional\proc\p18f46k22.asm
                 SSP1CON2   0x000fc5       data     extern E:\c18v3.46\pic18-lt\cxx-framework\src\traditional\proc\p18f46k22.asm
             SSP1CON2bits   0x000fc5       data     extern E:\c18v3.46\pic18-lt\cxx-framework\src\traditional\proc\p18f46k22.asm
                  SSPCON1   0x000fc6       data     extern E:\c18v3.46\pic18-lt\cxx-framework\src\traditional\proc\p18f46k22.asm
              SSPCON1bits   0x000fc6       data     extern E:\c18v3.46\pic18-lt\cxx-framework\src\traditional\proc\p18f46k22.asm
                 SSP1CON1   0x000fc6       data     extern E:\c18v3.46\pic18-lt\cxx-framework\src\traditional\proc\p18f46k22.asm
             SSP1CON1bits   0x000fc6       data     extern E:\c18v3.46\pic18-lt\cxx-framework\src\traditional\proc\p18f46k22.asm
                 SSP1STAT   0x000fc7       data     extern E:\c18v3.46\pic18-lt\cxx-framework\src\traditional\proc\p18f46k22.asm
             SSP1STATbits   0x000fc7       data     extern E:\c18v3.46\pic18-lt\cxx-framework\src\traditional\proc\p18f46k22.asm
              SSPSTATbits   0x000fc7       data     extern E:\c18v3.46\pic18-lt\cxx-framework\src\traditional\proc\p18f46k22.asm
                  SSPSTAT   0x000fc7       data     extern E:\c18v3.46\pic18-lt\cxx-framework\src\traditional\proc\p18f46k22.asm
               SSPADDbits   0x000fc8       data     extern E:\c18v3.46\pic18-lt\cxx-framework\src\traditional\proc\p18f46k22.asm
                   SSPADD   0x000fc8       data     extern E:\c18v3.46\pic18-lt\cxx-framework\src\traditional\proc\p18f46k22.asm
                  SSP1ADD   0x000fc8       data     extern E:\c18v3.46\pic18-lt\cxx-framework\src\traditional\proc\p18f46k22.asm
              SSP1ADDbits   0x000fc8       data     extern E:\c18v3.46\pic18-lt\cxx-framework\src\traditional\proc\p18f46k22.asm
               SSPBUFbits   0x000fc9       data     extern E:\c18v3.46\pic18-lt\cxx-framework\src\traditional\proc\p18f46k22.asm
                   SSPBUF   0x000fc9       data     extern E:\c18v3.46\pic18-lt\cxx-framework\src\traditional\proc\p18f46k22.asm
                  SSP1BUF   0x000fc9       data     extern E:\c18v3.46\pic18-lt\cxx-framework\src\traditional\proc\p18f46k22.asm
              SSP1BUFbits   0x000fc9       data     extern E:\c18v3.46\pic18-lt\cxx-framework\src\traditional\proc\p18f46k22.asm
                   SSPMSK   0x000fca       data     extern E:\c18v3.46\pic18-lt\cxx-framework\src\traditional\proc\p18f46k22.asm
               SSPMSKbits   0x000fca       data     extern E:\c18v3.46\pic18-lt\cxx-framework\src\traditional\proc\p18f46k22.asm
                  SSP1MSK   0x000fca       data     extern E:\c18v3.46\pic18-lt\cxx-framework\src\traditional\proc\p18f46k22.asm
              SSP1MSKbits   0x000fca       data     extern E:\c18v3.46\pic18-lt\cxx-framework\src\traditional\proc\p18f46k22.asm
                  SSPCON3   0x000fcb       data     extern E:\c18v3.46\pic18-lt\cxx-framework\src\traditional\proc\p18f46k22.asm
              SSPCON3bits   0x000fcb       data     extern E:\c18v3.46\pic18-lt\cxx-framework\src\traditional\proc\p18f46k22.asm
             SSP1CON3bits   0x000fcb       data     extern E:\c18v3.46\pic18-lt\cxx-framework\src\traditional\proc\p18f46k22.asm
                 SSP1CON3   0x000fcb       data     extern E:\c18v3.46\pic18-lt\cxx-framework\src\traditional\proc\p18f46k22.asm
               T1GCONbits   0x000fcc       data     extern E:\c18v3.46\pic18-lt\cxx-framework\src\traditional\proc\p18f46k22.asm
                   T1GCON   0x000fcc       data     extern E:\c18v3.46\pic18-lt\cxx-framework\src\traditional\proc\p18f46k22.asm
                T1CONbits   0x000fcd       data     extern E:\c18v3.46\pic18-lt\cxx-framework\src\traditional\proc\p18f46k22.asm
                    T1CON   0x000fcd       data     extern E:\c18v3.46\pic18-lt\cxx-framework\src\traditional\proc\p18f46k22.asm
                    TMR1L   0x000fce       data     extern E:\c18v3.46\pic18-lt\cxx-framework\src\traditional\proc\p18f46k22.asm
                    TMR1H   0x000fcf       data     extern E:\c18v3.46\pic18-lt\cxx-framework\src\traditional\proc\p18f46k22.asm
                 RCONbits   0x000fd0       data     extern E:\c18v3.46\pic18-lt\cxx-framework\src\traditional\proc\p18f46k22.asm
                     RCON   0x000fd0       data     extern E:\c18v3.46\pic18-lt\cxx-framework\src\traditional\proc\p18f46k22.asm
                   WDTCON   0x000fd1       data     extern E:\c18v3.46\pic18-lt\cxx-framework\src\traditional\proc\p18f46k22.asm
               WDTCONbits   0x000fd1       data     extern E:\c18v3.46\pic18-lt\cxx-framework\src\traditional\proc\p18f46k22.asm
                  OSCCON2   0x000fd2       data     extern E:\c18v3.46\pic18-lt\cxx-framework\src\traditional\proc\p18f46k22.asm
              OSCCON2bits   0x000fd2       data     extern E:\c18v3.46\pic18-lt\cxx-framework\src\traditional\proc\p18f46k22.asm
               OSCCONbits   0x000fd3       data     extern E:\c18v3.46\pic18-lt\cxx-framework\src\traditional\proc\p18f46k22.asm
                   OSCCON   0x000fd3       data     extern E:\c18v3.46\pic18-lt\cxx-framework\src\traditional\proc\p18f46k22.asm
                T0CONbits   0x000fd5       data     extern E:\c18v3.46\pic18-lt\cxx-framework\src\traditional\proc\p18f46k22.asm
                    T0CON   0x000fd5       data     extern E:\c18v3.46\pic18-lt\cxx-framework\src\traditional\proc\p18f46k22.asm
                    TMR0L   0x000fd6       data     extern E:\c18v3.46\pic18-lt\cxx-framework\src\traditional\proc\p18f46k22.asm
                    TMR0H   0x000fd7       data     extern E:\c18v3.46\pic18-lt\cxx-framework\src\traditional\proc\p18f46k22.asm
               STATUSbits   0x000fd8       data     extern E:\c18v3.46\pic18-lt\cxx-framework\src\traditional\proc\p18f46k22.asm
                   STATUS   0x000fd8       data     extern E:\c18v3.46\pic18-lt\cxx-framework\src\traditional\proc\p18f46k22.asm
                     FSR2   0x000fd9       data     extern E:\c18v3.46\pic18-lt\cxx-framework\src\traditional\proc\p18f46k22.asm
                    FSR2L   0x000fd9       data     extern E:\c18v3.46\pic18-lt\cxx-framework\src\traditional\proc\p18f46k22.asm
                    FSR2H   0x000fda       data     extern E:\c18v3.46\pic18-lt\cxx-framework\src\traditional\proc\p18f46k22.asm
                   PLUSW2   0x000fdb       data     extern E:\c18v3.46\pic18-lt\cxx-framework\src\traditional\proc\p18f46k22.asm
                  PREINC2   0x000fdc       data     extern E:\c18v3.46\pic18-lt\cxx-framework\src\traditional\proc\p18f46k22.asm
                 POSTDEC2   0x000fdd       data     extern E:\c18v3.46\pic18-lt\cxx-framework\src\traditional\proc\p18f46k22.asm
                 POSTINC2   0x000fde       data     extern E:\c18v3.46\pic18-lt\cxx-framework\src\traditional\proc\p18f46k22.asm
                    INDF2   0x000fdf       data     extern E:\c18v3.46\pic18-lt\cxx-framework\src\traditional\proc\p18f46k22.asm
                      BSR   0x000fe0       data     extern E:\c18v3.46\pic18-lt\cxx-framework\src\traditional\proc\p18f46k22.asm
                     FSR1   0x000fe1       data     extern E:\c18v3.46\pic18-lt\cxx-framework\src\traditional\proc\p18f46k22.asm
                    FSR1L   0x000fe1       data     extern E:\c18v3.46\pic18-lt\cxx-framework\src\traditional\proc\p18f46k22.asm
                    FSR1H   0x000fe2       data     extern E:\c18v3.46\pic18-lt\cxx-framework\src\traditional\proc\p18f46k22.asm
                   PLUSW1   0x000fe3       data     extern E:\c18v3.46\pic18-lt\cxx-framework\src\traditional\proc\p18f46k22.asm
                  PREINC1   0x000fe4       data     extern E:\c18v3.46\pic18-lt\cxx-framework\src\traditional\proc\p18f46k22.asm
                 POSTDEC1   0x000fe5       data     extern E:\c18v3.46\pic18-lt\cxx-framework\src\traditional\proc\p18f46k22.asm
                 POSTINC1   0x000fe6       data     extern E:\c18v3.46\pic18-lt\cxx-framework\src\traditional\proc\p18f46k22.asm
                    INDF1   0x000fe7       data     extern E:\c18v3.46\pic18-lt\cxx-framework\src\traditional\proc\p18f46k22.asm
                        W   0x000fe8       data     extern E:\c18v3.46\pic18-lt\cxx-framework\src\traditional\proc\p18f46k22.asm
                     WREG   0x000fe8       data     extern E:\c18v3.46\pic18-lt\cxx-framework\src\traditional\proc\p18f46k22.asm
                     FSR0   0x000fe9       data     extern E:\c18v3.46\pic18-lt\cxx-framework\src\traditional\proc\p18f46k22.asm
                    FSR0L   0x000fe9       data     extern E:\c18v3.46\pic18-lt\cxx-framework\src\traditional\proc\p18f46k22.asm
                    FSR0H   0x000fea       data     extern E:\c18v3.46\pic18-lt\cxx-framework\src\traditional\proc\p18f46k22.asm
                   PLUSW0   0x000feb       data     extern E:\c18v3.46\pic18-lt\cxx-framework\src\traditional\proc\p18f46k22.asm
                  PREINC0   0x000fec       data     extern E:\c18v3.46\pic18-lt\cxx-framework\src\traditional\proc\p18f46k22.asm
                 POSTDEC0   0x000fed       data     extern E:\c18v3.46\pic18-lt\cxx-framework\src\traditional\proc\p18f46k22.asm
                 POSTINC0   0x000fee       data     extern E:\c18v3.46\pic18-lt\cxx-framework\src\traditional\proc\p18f46k22.asm
                    INDF0   0x000fef       data     extern E:\c18v3.46\pic18-lt\cxx-framework\src\traditional\proc\p18f46k22.asm
                  INTCON3   0x000ff0       data     extern E:\c18v3.46\pic18-lt\cxx-framework\src\traditional\proc\p18f46k22.asm
              INTCON3bits   0x000ff0       data     extern E:\c18v3.46\pic18-lt\cxx-framework\src\traditional\proc\p18f46k22.asm
              INTCON2bits   0x000ff1       data     extern E:\c18v3.46\pic18-lt\cxx-framework\src\traditional\proc\p18f46k22.asm
                  INTCON2   0x000ff1       data     extern E:\c18v3.46\pic18-lt\cxx-framework\src\traditional\proc\p18f46k22.asm
                   INTCON   0x000ff2       data     extern E:\c18v3.46\pic18-lt\cxx-framework\src\traditional\proc\p18f46k22.asm
               INTCONbits   0x000ff2       data     extern E:\c18v3.46\pic18-lt\cxx-framework\src\traditional\proc\p18f46k22.asm
                    PRODL   0x000ff3       data     extern E:\c18v3.46\pic18-lt\cxx-framework\src\traditional\proc\p18f46k22.asm
                     PROD   0x000ff3       data     extern E:\c18v3.46\pic18-lt\cxx-framework\src\traditional\proc\p18f46k22.asm
                    PRODH   0x000ff4       data     extern E:\c18v3.46\pic18-lt\cxx-framework\src\traditional\proc\p18f46k22.asm
                   TABLAT   0x000ff5       data     extern E:\c18v3.46\pic18-lt\cxx-framework\src\traditional\proc\p18f46k22.asm
                   TBLPTR   0x000ff6       data     extern E:\c18v3.46\pic18-lt\cxx-framework\src\traditional\proc\p18f46k22.asm
                  TBLPTRL   0x000ff6       data     extern E:\c18v3.46\pic18-lt\cxx-framework\src\traditional\proc\p18f46k22.asm
                  TBLPTRH   0x000ff7       data     extern E:\c18v3.46\pic18-lt\cxx-framework\src\traditional\proc\p18f46k22.asm
              TBLPTRUbits   0x000ff8       data     extern E:\c18v3.46\pic18-lt\cxx-framework\src\traditional\proc\p18f46k22.asm
                  TBLPTRU   0x000ff8       data     extern E:\c18v3.46\pic18-lt\cxx-framework\src\traditional\proc\p18f46k22.asm
                       PC   0x000ff9       data     extern E:\c18v3.46\pic18-lt\cxx-framework\src\traditional\proc\p18f46k22.asm
                      PCL   0x000ff9       data     extern E:\c18v3.46\pic18-lt\cxx-framework\src\traditional\proc\p18f46k22.asm
                   PCLATH   0x000ffa       data     extern E:\c18v3.46\pic18-lt\cxx-framework\src\traditional\proc\p18f46k22.asm
                   PCLATU   0x000ffb       data     extern E:\c18v3.46\pic18-lt\cxx-framework\src\traditional\proc\p18f46k22.asm
                   STKPTR   0x000ffc       data     extern E:\c18v3.46\pic18-lt\cxx-framework\src\traditional\proc\p18f46k22.asm
               STKPTRbits   0x000ffc       data     extern E:\c18v3.46\pic18-lt\cxx-framework\src\traditional\proc\p18f46k22.asm
                     TOSL   0x000ffd       data     extern E:\c18v3.46\pic18-lt\cxx-framework\src\traditional\proc\p18f46k22.asm
                      TOS   0x000ffd       data     extern E:\c18v3.46\pic18-lt\cxx-framework\src\traditional\proc\p18f46k22.asm
                     TOSH   0x000ffe       data     extern E:\c18v3.46\pic18-lt\cxx-framework\src\traditional\proc\p18f46k22.asm
                     TOSU   0x000fff       data     extern E:\c18v3.46\pic18-lt\cxx-framework\src\traditional\proc\p18f46k22.asm


