MPLINK 4.48, Linker
Linker Map File - Created Tue Jul 14 16:06:56 2015

                                 Section Info
                  Section       Type    Address   Location Size(Bytes)
                ---------  ---------  ---------  ---------  ---------
               _entry_scn       code   0x000000    program   0x000006
           .romdata_app.o    romdata   0x000006    program   0x000002
              high_vector       code   0x000008    program   0x00000a
         .code_busy_eep.o       code   0x000012    program   0x000006
               low_vector       code   0x000018    program   0x000014
                   .cinit    romdata   0x00002c    program   0x000092
              .code_app.o       code   0x0000be    program   0x00320c
     .code_modbusMaster.o       code   0x0032ca    program   0x000fdc
               .code_UI.o       code   0x0042a6    program   0x000bbe
             .code_uart.o       code   0x004e64    program   0x000602
              .code_lcd.o       code   0x005466    program   0x000454
           .code_keypad.o       code   0x0058ba    program   0x00026e
                      ISR       code   0x005b28    program   0x0001bc
                   STRING       code   0x005ce4    program   0x0000d2
             .code_main.o       code   0x005db6    program   0x0000b8
            .code_timer.o       code   0x005e6e    program   0x0000a8
                     PROG       code   0x005f16    program   0x0000a4
               _cinit_scn       code   0x005fba    program   0x00009e
          .code_write_B.o       code   0x006058    program   0x000078
           .code_u2open.o       code   0x0060d0    program   0x000078
             .stringtable    romdata   0x006148    program   0x000075
        .romdata_u2defs.o    romdata   0x0061bd    program   0x000000
        .idata_u2defs.o_i    romdata   0x0061bd    program   0x000000
       .idata_write_B.o_i    romdata   0x0061bd    program   0x000000
       .romdata_write_B.o    romdata   0x0061bd    program   0x000000
        .romdata_u1open.o    romdata   0x0061bd    program   0x000000
         .idata_timer.o_i    romdata   0x0061bd    program   0x000000
         .romdata_timer.o    romdata   0x0061bd    program   0x000000
        .idata_t0open.o_i    romdata   0x0061bd    program   0x000000
        .idata_u1open.o_i    romdata   0x0061bd    program   0x000000
          .idata_main.o_i    romdata   0x0061bd    program   0x000000
         .romdata_board.o    romdata   0x0061bd    program   0x000000
     .idata_heartBeat.o_i    romdata   0x0061bd    program   0x000001
     .romdata_heartBeat.o    romdata   0x0061bd    program   0x000000
         .romdata_c018i.o    romdata   0x0061bd    program   0x000000
        .romdata_u2read.o    romdata   0x0061bd    program   0x000000
        .idata_u2read.o_i    romdata   0x0061bd    program   0x000000
      .romdata_fxd1616u.o    romdata   0x0061bd    program   0x000000
        .idata_keypad.o_i    romdata   0x0061bd    program   0x000000
        .romdata_keypad.o    romdata   0x0061bd    program   0x000000
  .romdata_modbusMaster.o    romdata   0x0061bd    program   0x000000
        .romdata_t0open.o    romdata   0x0061bd    program   0x000000
           .code_u1open.o       code   0x0061be    program   0x000072
           .code_read_B.o       code   0x006230    program   0x00005c
            .romdata_UI.o    romdata   0x00628c    program   0x000050
         .code_fxd3232u.o       code   0x0062dc    program   0x000048
           .code_u2read.o       code   0x006324    program   0x00003e
           .code_u1read.o       code   0x006362    program   0x00003e
            .code_board.o       code   0x0063a0    program   0x00003e
          .code_t0write.o       code   0x0063de    program   0x000038
           .code_t0open.o       code   0x006416    program   0x000038
         .code_fxd1616u.o       code   0x00644e    program   0x00002c
              D1KTCYXCODE       code   0x00647a    program   0x000020
                    .code       code   0x00649a    program   0x000020
             _startup_scn       code   0x0064ba    program   0x00001c
         .code_fxd0808u.o       code   0x0064d6    program   0x00001c
        .code_heartBeat.o       code   0x0064f2    program   0x00001a
              D10TCYXCODE       code   0x00650c    program   0x000016
           .romdata_lcd.o    romdata   0x006522    program   0x000011
      .idata_fxd3232u.o_i    romdata   0x006533    program   0x000000
      .romdata_fxd3232u.o    romdata   0x006533    program   0x000000
        .idata_u2open.o_i    romdata   0x006533    program   0x000000
        .romdata_u2open.o    romdata   0x006533    program   0x000000
        .idata_u1read.o_i    romdata   0x006533    program   0x000000
        .romdata_u1read.o    romdata   0x006533    program   0x000000
      .idata_fxd1616u.o_i    romdata   0x006533    program   0x000000
      .romdata_fxd0808u.o    romdata   0x006533    program   0x000000
        .idata_read_B.o_i    romdata   0x006533    program   0x000000
         .idata_c018i.o_i    romdata   0x006533    program   0x000000
         .idata_board.o_i    romdata   0x006533    program   0x000000
.idata_interruptvector.o_i    romdata   0x006533    program   0x000000
.romdata_interruptvector.o    romdata   0x006533    program   0x000000
        .romdata___init.o    romdata   0x006533    program   0x000000
           .idata_lcd.o_i    romdata   0x006533    program   0x000000
        .idata___init.o_i    romdata   0x006533    program   0x000000
          .romdata_main.o    romdata   0x006533    program   0x000000
       .romdata_t0write.o    romdata   0x006533    program   0x000000
       .idata_t0write.o_i    romdata   0x006533    program   0x000000
        .romdata_u1defs.o    romdata   0x006533    program   0x000000
          .idata_uart.o_i    romdata   0x006533    program   0x000000
          .romdata_uart.o    romdata   0x006533    program   0x000000
        .idata_u1defs.o_i    romdata   0x006533    program   0x000000
        .romdata_read_B.o    romdata   0x006533    program   0x000000
      .idata_busy_eep.o_i    romdata   0x006533    program   0x000000
      .romdata_busy_eep.o    romdata   0x006533    program   0x000000
      .idata_fxd0808u.o_i    romdata   0x006533    program   0x000000
           .code_u1defs.o       code   0x006534    program   0x000000
           .code_u2defs.o       code   0x006534    program   0x000000
            .code_c018i.o       code   0x006534    program   0x000000
           .code___init.o       code   0x006534    program   0x000002
  .code_interruptvector.o       code   0x006534    program   0x000000
                UI_DATA_i    romdata   0x006536    program   0x00008a
              UART_DATA_i    romdata   0x0065c0    program   0x000106
             TIMER_DATA_i    romdata   0x0066c6    program   0x00001e
            MODBUS_DATA_i    romdata   0x0066e4    program   0x000042
               LOG_DATA_i    romdata   0x006726    program   0x0002de
               LCD_DATA_i    romdata   0x006a04    program   0x000022
            KEYPAD_DATA_i    romdata   0x006a26    program   0x000049
               APP_DATA_i    romdata   0x006a6f    program   0x000330
  .idata_modbusMaster.o_i    romdata   0x006d9f    program   0x000002
           .idata_app.o_i    romdata   0x006da1    program   0x000004
            .idata_UI.o_i    romdata   0x006da5    program   0x000018
    .config_300001_main.o    romdata   0x300001    program   0x000001
    .config_300002_main.o    romdata   0x300002    program   0x000001
    .config_300003_main.o    romdata   0x300003    program   0x000001
    .config_300005_main.o    romdata   0x300005    program   0x000001
    .config_300006_main.o    romdata   0x300006    program   0x000001
    .config_300008_main.o    romdata   0x300008    program   0x000001
    .config_300009_main.o    romdata   0x300009    program   0x000001
    .config_30000a_main.o    romdata   0x30000a    program   0x000001
    .config_30000b_main.o    romdata   0x30000b    program   0x000001
    .config_30000c_main.o    romdata   0x30000c    program   0x000001
    .config_30000d_main.o    romdata   0x30000d    program   0x000001
                MATH_DATA      udata   0x000000       data   0x000014
                 .tmpdata      udata   0x000014       data   0x000008
                DELAYDAT1      udata   0x00001c       data   0x000001
                   .stack      udata   0x000060       data   0x0000a0
                 APP_DATA      idata   0x000100       data   0x000330
                 LOG_DATA      idata   0x000600       data   0x0002de
              MODBUS_DATA      idata   0x000900       data   0x000042
                UART_DATA      idata   0x000b00       data   0x000106
                  UI_DATA      idata   0x000d00       data   0x00008a
              KEYPAD_DATA      idata   0x000d8a       data   0x000049
    .udata_modbusMaster.o      udata   0x000dd3       data   0x00001b
             .idata_app.o      idata   0x000dee       data   0x000004
    .idata_modbusMaster.o      idata   0x000df2       data   0x000002
          .udata_u1defs.o      udata   0x000df4       data   0x000001
           .udata_board.o      udata   0x000df5       data   0x000001
       .idata_heartBeat.o      idata   0x000df6       data   0x000001
          .udata_u2open.o      udata   0x000df7       data   0x000000
          .idata_u1open.o      idata   0x000df7       data   0x000000
          .udata_u1open.o      udata   0x000df7       data   0x000000
        .idata_fxd3232u.o      idata   0x000df7       data   0x000000
        .udata_fxd3232u.o      udata   0x000df7       data   0x000000
        .idata_fxd1616u.o      idata   0x000df7       data   0x000000
        .udata_fxd1616u.o      udata   0x000df7       data   0x000000
        .idata_fxd0808u.o      idata   0x000df7       data   0x000000
        .udata_fxd0808u.o      udata   0x000df7       data   0x000000
          .idata_u2open.o      idata   0x000df7       data   0x000000
          .udata_t0open.o      udata   0x000df7       data   0x000000
          .idata_t0open.o      idata   0x000df7       data   0x000000
          .udata_u1read.o      udata   0x000df7       data   0x000000
          .idata_u1read.o      idata   0x000df7       data   0x000000
          .udata_u2read.o      udata   0x000df7       data   0x000000
          .idata_u2read.o      idata   0x000df7       data   0x000000
          .udata_read_B.o      udata   0x000df7       data   0x000000
          .idata_read_B.o      idata   0x000df7       data   0x000000
          .idata_u1defs.o      idata   0x000df7       data   0x000000
         .udata_write_B.o      udata   0x000df7       data   0x000000
          .idata_u2defs.o      idata   0x000df7       data   0x000000
         .udata_t0write.o      udata   0x000df7       data   0x000000
         .idata_t0write.o      idata   0x000df7       data   0x000000
          .idata___init.o      idata   0x000df7       data   0x000000
           .idata_board.o      idata   0x000df7       data   0x000000
       .udata_heartBeat.o      udata   0x000df7       data   0x000000
 .udata_interruptvector.o      udata   0x000df7       data   0x000000
 .idata_interruptvector.o      idata   0x000df7       data   0x000000
          .udata_keypad.o      udata   0x000df7       data   0x000000
          .idata_keypad.o      idata   0x000df7       data   0x000000
             .udata_lcd.o      udata   0x000df7       data   0x000000
             .idata_lcd.o      idata   0x000df7       data   0x000000
            .udata_main.o      udata   0x000df7       data   0x000000
            .idata_main.o      idata   0x000df7       data   0x000000
           .udata_timer.o      udata   0x000df7       data   0x000000
           .idata_timer.o      idata   0x000df7       data   0x000000
            .udata_uart.o      udata   0x000df7       data   0x000000
            .idata_uart.o      idata   0x000df7       data   0x000000
              .udata_UI.o      udata   0x000df7       data   0x000000
          .udata___init.o      udata   0x000df7       data   0x000000
         .idata_write_B.o      idata   0x000df7       data   0x000000
        .udata_busy_eep.o      udata   0x000df7       data   0x000000
        .idata_busy_eep.o      idata   0x000df7       data   0x000000
           .idata_c018i.o      idata   0x000df7       data   0x000000
               TIMER_DATA      idata   0x000e00       data   0x00001e
                 LCD_DATA      idata   0x000e1e       data   0x000022
              .idata_UI.o      idata   0x000f00       data   0x000018
             .udata_app.o      udata   0x000f18       data   0x000015
           .udata_c018i.o      udata   0x000f2d       data   0x00000a
          .udata_u2defs.o      udata   0x000f37       data   0x000001
              SFR_BANKED0      udata   0x000f38       data   0x000028
            SFR_UNBANKED0      udata   0x000f60       data   0x0000a0



                              Program Memory Usage 
                               Start         End      
                           ---------   ---------      
                            0x000000    0x006532      
                            0x006534    0x006dbc      
                            0x300001    0x300003      
                            0x300005    0x300006      
                            0x300008    0x30000d      
            28103 out of 29720 program addresses used, program memory utilization is 94%



                              Symbols - Sorted by Name
                     Name    Address   Location    Storage File                     
                ---------  ---------  ---------  --------- ---------                
    APP_acknowledgeIssues   0x002882    program     extern D:\jo\Ideonics\Repository\ANDON_XbeeTerminal_ProductionCount\source\app.c
        APP_checkPassword   0x002eac    program     extern D:\jo\Ideonics\Repository\ANDON_XbeeTerminal_ProductionCount\source\app.c
          APP_clearIssues   0x002ee8    program     extern D:\jo\Ideonics\Repository\ANDON_XbeeTerminal_ProductionCount\source\app.c
 APP_getAcknowledgedIssue   0x00130c    program     extern D:\jo\Ideonics\Repository\ANDON_XbeeTerminal_ProductionCount\source\app.c
         APP_getOpenIssue   0x0007ac    program     extern D:\jo\Ideonics\Repository\ANDON_XbeeTerminal_ProductionCount\source\app.c
                 APP_init   0x0000be    program     extern D:\jo\Ideonics\Repository\ANDON_XbeeTerminal_ProductionCount\source\app.c
                APP_login   0x000416    program     extern D:\jo\Ideonics\Repository\ANDON_XbeeTerminal_ProductionCount\source\app.c
               APP_logout   0x0004a4    program     extern D:\jo\Ideonics\Repository\ANDON_XbeeTerminal_ProductionCount\source\app.c
          APP_raiseIssues   0x00221c    program     extern D:\jo\Ideonics\Repository\ANDON_XbeeTerminal_ProductionCount\source\app.c
        APP_resolveIssues   0x001e6c    program     extern D:\jo\Ideonics\Repository\ANDON_XbeeTerminal_ProductionCount\source\app.c
                 APP_task   0x000528    program     extern D:\jo\Ideonics\Repository\ANDON_XbeeTerminal_ProductionCount\source\app.c
      APP_updateIssueInfo   0x002854    program     extern D:\jo\Ideonics\Repository\ANDON_XbeeTerminal_ProductionCount\source\app.c
               BOARD_init   0x0063a0    program     extern D:\jo\Ideonics\Repository\ANDON_XbeeTerminal_ProductionCount\source\board.c
                 Busy_eep   0x000012    program     extern E:\c18v3.46\pic18-lt\cxx-framework\src\pmc_common\EEP\busy_eep.c
                    D10_1   0x00651c    program     static E:\c18v3.46\pic18-lt\cxx-framework\src\traditional\delays\d10tcyx.asm
                     D10x   0x006514    program     static E:\c18v3.46\pic18-lt\cxx-framework\src\traditional\delays\d10tcyx.asm
                    D1K_1   0x006486    program     static E:\c18v3.46\pic18-lt\cxx-framework\src\traditional\delays\d1ktcyx.asm
                     D1Kx   0x006484    program     static E:\c18v3.46\pic18-lt\cxx-framework\src\traditional\delays\d1ktcyx.asm
                   D3232S   0x005f46    program     static E:\c18v3.46\pic18-lt\cxx-framework\src\traditional\math\fxd3232s.asm
                D3232SNEG   0x005f54    program     static E:\c18v3.46\pic18-lt\cxx-framework\src\traditional\math\fxd3232s.asm
                 D3232SOK   0x005f50    program     static E:\c18v3.46\pic18-lt\cxx-framework\src\traditional\math\fxd3232s.asm
                  D3232SX   0x005f74    program     static E:\c18v3.46\pic18-lt\cxx-framework\src\traditional\math\fxd3232s.asm
                  DA3232S   0x005f30    program     static E:\c18v3.46\pic18-lt\cxx-framework\src\traditional\math\fxd3232s.asm
              Delay10TCYx   0x00650c    program     extern E:\c18v3.46\pic18-lt\cxx-framework\src\traditional\delays\d10tcyx.asm
              Delay1KTCYx   0x00647a    program     extern E:\c18v3.46\pic18-lt\cxx-framework\src\traditional\delays\d1ktcyx.asm
         EnableInterrupts   0x000022    program     extern D:\jo\Ideonics\Repository\ANDON_XbeeTerminal_ProductionCount\source\interruptvector.c
                 FXD0808U   0x0064d6    program     extern E:\c18v3.46\pic18-lt\cxx-framework\src\traditional\math\fxd0808u.c
                 FXD1616U   0x00644e    program     extern E:\c18v3.46\pic18-lt\cxx-framework\src\traditional\math\fxd1616u.c
                 FXD3232S   0x005f16    program     extern E:\c18v3.46\pic18-lt\cxx-framework\src\traditional\math\fxd3232s.asm
                 FXD3232U   0x0062dc    program     extern E:\c18v3.46\pic18-lt\cxx-framework\src\traditional\math\fxd3232u.c
                 FXM1616U   0x005f7e    program     extern E:\c18v3.46\pic18-lt\cxx-framework\src\traditional\math\fxm1616u.asm
               GetAppTime   0x005eb6    program     extern D:\jo\Ideonics\Repository\ANDON_XbeeTerminal_ProductionCount\source\timer.c
                  HB_init   0x0064f2    program     extern D:\jo\Ideonics\Repository\ANDON_XbeeTerminal_ProductionCount\source\heartBeat.c
                  HB_task   0x0064f8    program     extern D:\jo\Ideonics\Repository\ANDON_XbeeTerminal_ProductionCount\source\heartBeat.c
                  InitLcd   0x0055c2    program     extern D:\jo\Ideonics\Repository\ANDON_XbeeTerminal_ProductionCount\source\lcd.c
              KEYPAD_init   0x0058ba    program     extern D:\jo\Ideonics\Repository\ANDON_XbeeTerminal_ProductionCount\source\keypad.c
              KEYPAD_read   0x005958    program     extern D:\jo\Ideonics\Repository\ANDON_XbeeTerminal_ProductionCount\source\keypad.c
             KEYPAD_reset   0x0059d6    program     extern D:\jo\Ideonics\Repository\ANDON_XbeeTerminal_ProductionCount\source\keypad.c
              KEYPAD_task   0x0058cc    program     extern D:\jo\Ideonics\Repository\ANDON_XbeeTerminal_ProductionCount\source\keypad.c
                LCD_clear   0x005746    program     extern D:\jo\Ideonics\Repository\ANDON_XbeeTerminal_ProductionCount\source\lcd.c
                 LCD_init   0x0057e6    program     extern D:\jo\Ideonics\Repository\ANDON_XbeeTerminal_ProductionCount\source\lcd.c
              LCD_putChar   0x005754    program     extern D:\jo\Ideonics\Repository\ANDON_XbeeTerminal_ProductionCount\source\lcd.c
         LCD_setBackSpace   0x005730    program     extern D:\jo\Ideonics\Repository\ANDON_XbeeTerminal_ProductionCount\source\lcd.c
         LCD_writeCommand   0x005526    program     extern D:\jo\Ideonics\Repository\ANDON_XbeeTerminal_ProductionCount\source\lcd.c
            LCD_writeData   0x005574    program     extern D:\jo\Ideonics\Repository\ANDON_XbeeTerminal_ProductionCount\source\lcd.c
             MB_construct   0x004046    program     extern D:\jo\Ideonics\Repository\ANDON_XbeeTerminal_ProductionCount\source\modbusMaster.c
             MB_getStatus   0x00429e    program     extern D:\jo\Ideonics\Repository\ANDON_XbeeTerminal_ProductionCount\source\modbusMaster.c
                  MB_init   0x003f20    program     extern D:\jo\Ideonics\Repository\ANDON_XbeeTerminal_ProductionCount\source\modbusMaster.c
                  MB_task   0x0032ca    program     extern D:\jo\Ideonics\Repository\ANDON_XbeeTerminal_ProductionCount\source\modbusMaster.c
               Open1USART   0x0061be    program     extern E:\c18v3.46\pic18-lt\cxx-framework\src\pmc_common\USART\u1open.c
               Open2USART   0x0060d0    program     extern E:\c18v3.46\pic18-lt\cxx-framework\src\pmc_common\USART\u2open.c
               OpenTimer0   0x006416    program     extern E:\c18v3.46\pic18-lt\cxx-framework\src\pmc_common\Timers\t0open.c
               Read1USART   0x006362    program     extern E:\c18v3.46\pic18-lt\cxx-framework\src\pmc_common\USART\u1read.c
               Read2USART   0x006324    program     extern E:\c18v3.46\pic18-lt\cxx-framework\src\pmc_common\USART\u2read.c
               Read_b_eep   0x006230    program     extern E:\c18v3.46\pic18-lt\cxx-framework\src\pmc_common\EEP\read_B.c
             ResetAppTime   0x005f06    program     extern D:\jo\Ideonics\Repository\ANDON_XbeeTerminal_ProductionCount\source\timer.c
               TIMER0_ISR   0x005b28    program     extern D:\jo\Ideonics\Repository\ANDON_XbeeTerminal_ProductionCount\source\timer.c
              TIMER0_init   0x005e6e    program     extern D:\jo\Ideonics\Repository\ANDON_XbeeTerminal_ProductionCount\source\timer.c
            UART1_hasData   0x00538c    program     extern D:\jo\Ideonics\Repository\ANDON_XbeeTerminal_ProductionCount\source\uart.c
               UART1_init   0x00501e    program     extern D:\jo\Ideonics\Repository\ANDON_XbeeTerminal_ProductionCount\source\uart.c
               UART1_read   0x0053c6    program     extern D:\jo\Ideonics\Repository\ANDON_XbeeTerminal_ProductionCount\source\uart.c
           UART1_transmit   0x005186    program     extern D:\jo\Ideonics\Repository\ANDON_XbeeTerminal_ProductionCount\source\uart.c
              UART1_write   0x005116    program     extern D:\jo\Ideonics\Repository\ANDON_XbeeTerminal_ProductionCount\source\uart.c
            UART2_hasData   0x005352    program     extern D:\jo\Ideonics\Repository\ANDON_XbeeTerminal_ProductionCount\source\uart.c
               UART2_init   0x0050de    program     extern D:\jo\Ideonics\Repository\ANDON_XbeeTerminal_ProductionCount\source\uart.c
               UART2_read   0x005416    program     extern D:\jo\Ideonics\Repository\ANDON_XbeeTerminal_ProductionCount\source\uart.c
           UART2_transmit   0x00526c    program     extern D:\jo\Ideonics\Repository\ANDON_XbeeTerminal_ProductionCount\source\uart.c
              UART2_write   0x00514e    program     extern D:\jo\Ideonics\Repository\ANDON_XbeeTerminal_ProductionCount\source\uart.c
                  UI_init   0x0042a6    program     extern D:\jo\Ideonics\Repository\ANDON_XbeeTerminal_ProductionCount\source\UI.c
              UI_setState   0x004b60    program     extern D:\jo\Ideonics\Repository\ANDON_XbeeTerminal_ProductionCount\source\UI.c
                  UI_task   0x0042c0    program     extern D:\jo\Ideonics\Repository\ANDON_XbeeTerminal_ProductionCount\source\UI.c
     Uart1_ReceiveHandler   0x005c1a    program     extern D:\jo\Ideonics\Repository\ANDON_XbeeTerminal_ProductionCount\source\uart.c
    Uart1_TransmitHandler   0x004f2e    program     extern D:\jo\Ideonics\Repository\ANDON_XbeeTerminal_ProductionCount\source\uart.c
     Uart2_ReceiveHandler   0x004e64    program     extern D:\jo\Ideonics\Repository\ANDON_XbeeTerminal_ProductionCount\source\uart.c
    Uart2_TransmitHandler   0x004fa6    program     extern D:\jo\Ideonics\Repository\ANDON_XbeeTerminal_ProductionCount\source\uart.c
              WriteTimer0   0x0063de    program     extern E:\c18v3.46\pic18-lt\cxx-framework\src\pmc_common\Timers\t0write.c
              Write_b_eep   0x006058    program     extern E:\c18v3.46\pic18-lt\cxx-framework\src\pmc_common\EEP\write_B.c
              _2jContinue   0x005d04    program     static E:\c18v3.46\pic18-lt\cxx-framework\src\traditional\stdclib\memset.asm
                   _3jEnd   0x005d0e    program     static E:\c18v3.46\pic18-lt\cxx-framework\src\traditional\stdclib\memset.asm
        _D10TCYXCODE_000A   0x006516    program     static E:\c18v3.46\pic18-lt\cxx-framework\src\traditional\delays\d10tcyx.asm
        _D10TCYXCODE_000C   0x006518    program     static E:\c18v3.46\pic18-lt\cxx-framework\src\traditional\delays\d10tcyx.asm
        _D10TCYXCODE_000E   0x00651a    program     static E:\c18v3.46\pic18-lt\cxx-framework\src\traditional\delays\d10tcyx.asm
        _D1KTCYXCODE_0010   0x00648a    program     static E:\c18v3.46\pic18-lt\cxx-framework\src\traditional\delays\d1ktcyx.asm
        _D1KTCYXCODE_0016   0x006490    program     static E:\c18v3.46\pic18-lt\cxx-framework\src\traditional\delays\d1ktcyx.asm
       ___case_1_lbl00078   0x001f3a    program     static                          
       ___case_1_lbl00133   0x00254c    program     static                          
       ___case_3_lbl00084   0x00205a    program     static                          
       ___case_3_lbl00147   0x00265a    program     static                          
      ___default_lbl00095   0x0021d6    program     static                          
      ___default_lbl00148   0x0027c0    program     static                          
         ___else_lbl00011   0x000272    program     static                          
         ___else_lbl00013   0x00025e    program     static                          
         ___else_lbl00089   0x00217e    program     static                          
         ___else_lbl00091   0x0021ba    program     static                          
         ___else_lbl00093   0x00219c    program     static                          
         ___else_lbl00112   0x002414    program     static                          
         ___else_lbl00140   0x00276a    program     static                          
         ___else_lbl00142   0x0027a2    program     static                          
         ___else_lbl00144   0x002786    program     static                          
         ___else_lbl00204   0x00304c    program     static                          
          ___for_lbl00001   0x000240    program     static                          
          ___for_lbl00002   0x00024a    program     static                          
          ___for_lbl00003   0x0001ae    program     static                          
          ___for_lbl00004   0x0001b4    program     static                          
          ___for_lbl00005   0x00013a    program     static                          
          ___for_lbl00009   0x0000fa    program     static                          
          ___for_lbl00032   0x0006f6    program     static                          
          ___for_lbl00033   0x0006fa    program     static                          
          ___for_lbl00035   0x0005aa    program     static                          
          ___for_lbl00079   0x002030    program     static                          
          ___for_lbl00080   0x002036    program     static                          
          ___for_lbl00081   0x001fdc    program     static                          
          ___for_lbl00085   0x002150    program     static                          
          ___for_lbl00086   0x002156    program     static                          
          ___for_lbl00087   0x0020fc    program     static                          
          ___for_lbl00096   0x002204    program     static                          
          ___for_lbl00097   0x002208    program     static                          
          ___for_lbl00099   0x0021da    program     static                          
          ___for_lbl00101   0x002292    program     static                          
          ___for_lbl00102   0x002296    program     static                          
          ___for_lbl00105   0x00222a    program     static                          
          ___for_lbl00106   0x002446    program     static                          
          ___for_lbl00107   0x00244a    program     static                          
          ___for_lbl00108   0x0023ec    program     static                          
          ___for_lbl00109   0x0023f2    program     static                          
          ___for_lbl00110   0x00239a    program     static                          
          ___for_lbl00114   0x002298    program     static                          
          ___for_lbl00118   0x002538    program     static                          
          ___for_lbl00119   0x00253c    program     static                          
          ___for_lbl00123   0x0024b0    program     static                          
          ___for_lbl00125   0x002654    program     static                          
          ___for_lbl00126   0x002658    program     static                          
          ___for_lbl00127   0x00262e    program     static                          
          ___for_lbl00128   0x002634    program     static                          
          ___for_lbl00129   0x0025da    program     static                          
          ___for_lbl00132   0x00254e    program     static                          
          ___for_lbl00134   0x0027ba    program     static                          
          ___for_lbl00135   0x0027be    program     static                          
          ___for_lbl00136   0x00273e    program     static                          
          ___for_lbl00137   0x002744    program     static                          
          ___for_lbl00138   0x0026ea    program     static                          
          ___for_lbl00146   0x00265c    program     static                          
          ___for_lbl00156   0x002948    program     static                          
          ___for_lbl00157   0x00294c    program     static                          
          ___for_lbl00159   0x002920    program     static                          
          ___for_lbl00183   0x002dec    program     static                          
          ___for_lbl00184   0x002df0    program     static                          
          ___for_lbl00187   0x002d34    program     static                          
          ___for_lbl00197   0x002fec    program     static                          
          ___for_lbl00198   0x002ff6    program     static                          
          ___for_lbl00199   0x002f24    program     static                          
          ___for_lbl00200   0x003026    program     static                          
          ___for_lbl00201   0x003030    program     static                          
          ___for_lbl00202   0x002ffa    program     static                          
           ___if_lbl00001   0x000010    program     static                          
           ___if_lbl00003   0x0054d6    program     static                          
           ___if_lbl00003   0x005e08    program     static                          
           ___if_lbl00003   0x000020    program     static                          
           ___if_lbl00004   0x005e1e    program     static                          
           ___if_lbl00005   0x005e34    program     static                          
           ___if_lbl00006   0x0001e0    program     static                          
           ___if_lbl00006   0x005e4a    program     static                          
           ___if_lbl00007   0x005e60    program     static                          
           ___if_lbl00007   0x00020e    program     static                          
           ___if_lbl00008   0x000240    program     static                          
           ___if_lbl00010   0x00027c    program     static                          
           ___if_lbl00012   0x00027c    program     static                          
           ___if_lbl00014   0x00028c    program     static                          
           ___if_lbl00034   0x0006f6    program     static                          
           ___if_lbl00036   0x00070e    program     static                          
           ___if_lbl00037   0x00070e    program     static                          
           ___if_lbl00038   0x00070e    program     static                          
           ___if_lbl00039   0x000754    program     static                          
           ___if_lbl00040   0x000794    program     static                          
           ___if_lbl00074   0x001f00    program     static                          
           ___if_lbl00075   0x001f00    program     static                          
           ___if_lbl00076   0x001f00    program     static                          
           ___if_lbl00082   0x002056    program     static                          
           ___if_lbl00083   0x002058    program     static                          
           ___if_lbl00088   0x00219a    program     static                          
           ___if_lbl00090   0x0021d2    program     static                          
           ___if_lbl00092   0x0021d2    program     static                          
           ___if_lbl00094   0x0021d4    program     static                          
           ___if_lbl00098   0x002204    program     static                          
           ___if_lbl00103   0x002292    program     static                          
           ___if_lbl00104   0x002292    program     static                          
           ___if_lbl00111   0x00242c    program     static                          
           ___if_lbl00113   0x002446    program     static                          
           ___if_lbl00115   0x002456    program     static                          
           ___if_lbl00117   0x0024ae    program     static                          
           ___if_lbl00120   0x002538    program     static                          
           ___if_lbl00121   0x002538    program     static                          
           ___if_lbl00122   0x002538    program     static                          
           ___if_lbl00130   0x002652    program     static                          
           ___if_lbl00131   0x002654    program     static                          
           ___if_lbl00139   0x002784    program     static                          
           ___if_lbl00141   0x0027b8    program     static                          
           ___if_lbl00143   0x0027b8    program     static                          
           ___if_lbl00145   0x0027ba    program     static                          
           ___if_lbl00158   0x002948    program     static                          
           ___if_lbl00185   0x002dec    program     static                          
           ___if_lbl00186   0x002dec    program     static                          
           ___if_lbl00203   0x00305e    program     static                          
       ___return_lbl00000   0x005e64    program     static                          
       ___return_lbl00000   0x000338    program     static                          
       ___return_lbl00000   0x0054de    program     static                          
       ___return_lbl00000   0x006478    program     static                          
       ___return_lbl00000   0x000010    program     static                          
       ___return_lbl00000   0x006322    program     static                          
       ___return_lbl00000   0x006280    program     static                          
       ___return_lbl00000   0x000004    program     static                          
       ___return_lbl00000   0x0064f0    program     static                          
       ___return_lbl00001   0x0064d4    program     static                          
       ___return_lbl00002   0x000020    program     static                          
       ___return_lbl00002   0x006056    program     static                          
       ___return_lbl00004   0x00551e    program     static                          
       ___return_lbl00005   0x00556c    program     static                          
       ___return_lbl00006   0x0055ba    program     static                          
       ___return_lbl00031   0x000798    program     static                          
       ___return_lbl00073   0x002208    program     static                          
       ___return_lbl00100   0x002456    program     static                          
       ___return_lbl00116   0x0027c2    program     static                          
       ___return_lbl00155   0x00294e    program     static                          
       ___return_lbl00182   0x002df6    program     static                          
       ___return_lbl00196   0x00305e    program     static                          
   ___switchexit_lbl00077   0x0021d8    program     static                          
   ___switchexit_lbl00124   0x0027c2    program     static                          
        ___while_lbl00001   0x005df2    program     static                          
        ___while_lbl00001   0x00548a    program     static                          
        ___while_lbl00002   0x0054d8    program     static                          
        ___while_lbl00002   0x005e64    program     static                          
               __config_0   0x300001    program     static D:\jo\Ideonics\Repository\ANDON_XbeeTerminal_ProductionCount\source\main.c
               __config_1   0x300002    program     static D:\jo\Ideonics\Repository\ANDON_XbeeTerminal_ProductionCount\source\main.c
              __config_10   0x30000d    program     static D:\jo\Ideonics\Repository\ANDON_XbeeTerminal_ProductionCount\source\main.c
               __config_2   0x300003    program     static D:\jo\Ideonics\Repository\ANDON_XbeeTerminal_ProductionCount\source\main.c
               __config_3   0x300005    program     static D:\jo\Ideonics\Repository\ANDON_XbeeTerminal_ProductionCount\source\main.c
               __config_4   0x300006    program     static D:\jo\Ideonics\Repository\ANDON_XbeeTerminal_ProductionCount\source\main.c
               __config_5   0x300008    program     static D:\jo\Ideonics\Repository\ANDON_XbeeTerminal_ProductionCount\source\main.c
               __config_6   0x300009    program     static D:\jo\Ideonics\Repository\ANDON_XbeeTerminal_ProductionCount\source\main.c
               __config_7   0x30000a    program     static D:\jo\Ideonics\Repository\ANDON_XbeeTerminal_ProductionCount\source\main.c
               __config_8   0x30000b    program     static D:\jo\Ideonics\Repository\ANDON_XbeeTerminal_ProductionCount\source\main.c
               __config_9   0x30000c    program     static D:\jo\Ideonics\Repository\ANDON_XbeeTerminal_ProductionCount\source\main.c
                   __init   0x006534    program     extern E:\c18v3.46\pic18-lt\cxx-framework\src\traditional\stdclib\__init.c
               __string_0   0x0061b4    program     static D:\jo\Ideonics\Repository\ANDON_XbeeTerminal_ProductionCount\source\UI.c
               __string_1   0x0061ad    program     static D:\jo\Ideonics\Repository\ANDON_XbeeTerminal_ProductionCount\source\UI.c
              __string_10   0x006155    program     static D:\jo\Ideonics\Repository\ANDON_XbeeTerminal_ProductionCount\source\UI.c
              __string_11   0x006148    program     static D:\jo\Ideonics\Repository\ANDON_XbeeTerminal_ProductionCount\source\UI.c
               __string_2   0x0061a6    program     static D:\jo\Ideonics\Repository\ANDON_XbeeTerminal_ProductionCount\source\UI.c
               __string_3   0x00619c    program     static D:\jo\Ideonics\Repository\ANDON_XbeeTerminal_ProductionCount\source\UI.c
               __string_4   0x006194    program     static D:\jo\Ideonics\Repository\ANDON_XbeeTerminal_ProductionCount\source\UI.c
               __string_5   0x00618c    program     static D:\jo\Ideonics\Repository\ANDON_XbeeTerminal_ProductionCount\source\UI.c
               __string_6   0x006181    program     static D:\jo\Ideonics\Repository\ANDON_XbeeTerminal_ProductionCount\source\UI.c
               __string_7   0x006178    program     static D:\jo\Ideonics\Repository\ANDON_XbeeTerminal_ProductionCount\source\UI.c
               __string_8   0x00616f    program     static D:\jo\Ideonics\Repository\ANDON_XbeeTerminal_ProductionCount\source\UI.c
               __string_9   0x006165    program     static D:\jo\Ideonics\Repository\ANDON_XbeeTerminal_ProductionCount\source\UI.c
               __tmplbl_0   0x000594    program     static                          
              __tmplbl_10   0x0012f8    program     static                          
              __tmplbl_16   0x001e58    program     static                          
            __zero_memory   0x00649a    program     extern E:\c18v3.46\pic18-lt\cxx-framework\src\traditional\proc\p18f46k22.asm
                _do_cinit   0x005fba    program     extern E:\c18v3.46\pic18-lt\cxx-framework\src\traditional\startup\c018i.c
                   _entry   0x000000    program     extern E:\c18v3.46\pic18-lt\cxx-framework\src\traditional\startup\c018i.c
                   _false   0x00631e    program     static                          
                 _startup   0x0064ba    program     extern E:\c18v3.46\pic18-lt\cxx-framework\src\traditional\startup\c018i.c
         acknowledgeIssue   0x002e0e    program     extern D:\jo\Ideonics\Repository\ANDON_XbeeTerminal_ProductionCount\source\app.c
                  busyLcd   0x005466    program     static D:\jo\Ideonics\Repository\ANDON_XbeeTerminal_ProductionCount\source\lcd.c
             calculateCRC   0x0040e0    program     extern D:\jo\Ideonics\Repository\ANDON_XbeeTerminal_ProductionCount\source\modbusMaster.c
              clearScreen   0x006522    program     static D:\jo\Ideonics\Repository\ANDON_XbeeTerminal_ProductionCount\source\lcd.c
            clearUIBuffer   0x004cac    program     extern D:\jo\Ideonics\Repository\ANDON_XbeeTerminal_ProductionCount\source\UI.c
             clearUIInput   0x004cd2    program     extern D:\jo\Ideonics\Repository\ANDON_XbeeTerminal_ProductionCount\source\UI.c
                compare_l   0x0064b0    program     static E:\c18v3.46\pic18-lt\cxx-framework\src\traditional\proc\p18f46k22.asm
          constructPacket   0x0033a4    program     extern D:\jo\Ideonics\Repository\ANDON_XbeeTerminal_ProductionCount\source\modbusMaster.c
            construct_F15   0x003592    program     extern D:\jo\Ideonics\Repository\ANDON_XbeeTerminal_ProductionCount\source\modbusMaster.c
            construct_F16   0x003720    program     extern D:\jo\Ideonics\Repository\ANDON_XbeeTerminal_ProductionCount\source\modbusMaster.c
                copy_loop   0x00602c    program     static                          
            copy_one_byte   0x006032    program     static                          
               dataPortIn   0x00589a    program     extern D:\jo\Ideonics\Repository\ANDON_XbeeTerminal_ProductionCount\source\lcd.c
              dataPortOut   0x0058aa    program     extern D:\jo\Ideonics\Repository\ANDON_XbeeTerminal_ProductionCount\source\lcd.c
                     done   0x006056    program     static                          
             done_copying   0x006040    program     static                          
                  endloop   0x0064ec    program     static                          
                  endloop   0x006474    program     static                          
                  getData   0x004c4e    program     extern D:\jo\Ideonics\Repository\ANDON_XbeeTerminal_ProductionCount\source\UI.c
               getStation   0x004bba    program     extern D:\jo\Ideonics\Repository\ANDON_XbeeTerminal_ProductionCount\source\UI.c
             getStatusLog   0x0027d6    program     extern D:\jo\Ideonics\Repository\ANDON_XbeeTerminal_ProductionCount\source\app.c
            handleMBwrite   0x003072    program     extern D:\jo\Ideonics\Repository\ANDON_XbeeTerminal_ProductionCount\source\app.c
    handleProductionCount   0x003252    program     extern D:\jo\Ideonics\Repository\ANDON_XbeeTerminal_ProductionCount\source\app.c
           high_interrupt   0x000008    program     extern D:\jo\Ideonics\Repository\ANDON_XbeeTerminal_ProductionCount\source\interruptvector.c
                     idle   0x0032fc    program     extern D:\jo\Ideonics\Repository\ANDON_XbeeTerminal_ProductionCount\source\modbusMaster.c
            issueResolved   0x002bbe    program     extern D:\jo\Ideonics\Repository\ANDON_XbeeTerminal_ProductionCount\source\app.c
                     jEnd   0x005db4    program     static E:\c18v3.46\pic18-lt\cxx-framework\src\traditional\stdclib\strlen.asm
                     jEnd   0x005d42    program     static E:\c18v3.46\pic18-lt\cxx-framework\src\traditional\stdclib\strcmp.asm
                     jEnd   0x005d16    program     static E:\c18v3.46\pic18-lt\cxx-framework\src\traditional\stdclib\memset.asm
                    jLoop   0x005daa    program     static E:\c18v3.46\pic18-lt\cxx-framework\src\traditional\stdclib\strlen.asm
                    jLoop   0x005d80    program     static E:\c18v3.46\pic18-lt\cxx-framework\src\traditional\stdclib\strcpy.asm
                    jLoop   0x005d38    program     static E:\c18v3.46\pic18-lt\cxx-framework\src\traditional\stdclib\strcmp.asm
                    jLoop   0x005cf8    program     static E:\c18v3.46\pic18-lt\cxx-framework\src\traditional\stdclib\memset.asm
                   keyMap   0x00628c    program     extern D:\jo\Ideonics\Repository\ANDON_XbeeTerminal_ProductionCount\source\UI.c
                    login   0x00034c    program     extern D:\jo\Ideonics\Repository\ANDON_XbeeTerminal_ProductionCount\source\app.c
                     loop   0x0064de    program     static                          
                     loop   0x006458    program     static                          
                     loop   0x0064ca    program     static                          
                     loop   0x0062ea    program     static                          
                   loop_h   0x0064a8    program     static E:\c18v3.46\pic18-lt\cxx-framework\src\traditional\proc\p18f46k22.asm
                   loop_l   0x0064b2    program     static E:\c18v3.46\pic18-lt\cxx-framework\src\traditional\proc\p18f46k22.asm
            low_interrupt   0x000018    program     extern D:\jo\Ideonics\Repository\ANDON_XbeeTerminal_ProductionCount\source\interruptvector.c
                     main   0x005db6    program     extern D:\jo\Ideonics\Repository\ANDON_XbeeTerminal_ProductionCount\source\main.c
                   mapKey   0x0048de    program     extern D:\jo\Ideonics\Repository\ANDON_XbeeTerminal_ProductionCount\source\UI.c
                   memset   0x005ce4    program     extern E:\c18v3.46\pic18-lt\cxx-framework\src\traditional\stdclib\memset.asm
             processError   0x003e1c    program     extern D:\jo\Ideonics\Repository\ANDON_XbeeTerminal_ProductionCount\source\modbusMaster.c
             processReply   0x00397a    program     extern D:\jo\Ideonics\Repository\ANDON_XbeeTerminal_ProductionCount\source\modbusMaster.c
           processSuccess   0x003ece    program     extern D:\jo\Ideonics\Repository\ANDON_XbeeTerminal_ProductionCount\source\modbusMaster.c
            process_F1_F2   0x003a9e    program     extern D:\jo\Ideonics\Repository\ANDON_XbeeTerminal_ProductionCount\source\modbusMaster.c
            process_F3_F4   0x003c00    program     extern D:\jo\Ideonics\Repository\ANDON_XbeeTerminal_ProductionCount\source\modbusMaster.c
    process_F5_F6_F15_F16   0x003d02    program     extern D:\jo\Ideonics\Repository\ANDON_XbeeTerminal_ProductionCount\source\modbusMaster.c
                 putUImsg   0x004ddc    program     extern D:\jo\Ideonics\Repository\ANDON_XbeeTerminal_ProductionCount\source\UI.c
    rawWriteCommand8ToLcd   0x0054f6    program     static D:\jo\Ideonics\Repository\ANDON_XbeeTerminal_ProductionCount\source\lcd.c
             resolveIssue   0x00246a    program     extern D:\jo\Ideonics\Repository\ANDON_XbeeTerminal_ProductionCount\source\app.c
               scanKeypad   0x0059e6    program     static D:\jo\Ideonics\Repository\ANDON_XbeeTerminal_ProductionCount\source\keypad.c
               sendPacket   0x00420e    program     extern D:\jo\Ideonics\Repository\ANDON_XbeeTerminal_ProductionCount\source\modbusMaster.c
                 setUImsg   0x004d50    program     extern D:\jo\Ideonics\Repository\ANDON_XbeeTerminal_ProductionCount\source\UI.c
                showUImsg   0x004cf4    program     extern D:\jo\Ideonics\Repository\ANDON_XbeeTerminal_ProductionCount\source\UI.c
         storeCMDinBuffer   0x003190    program     extern D:\jo\Ideonics\Repository\ANDON_XbeeTerminal_ProductionCount\source\app.c
                   strcmp   0x005d18    program     extern E:\c18v3.46\pic18-lt\cxx-framework\src\traditional\stdclib\strcmp.asm
                   strcpy   0x005d58    program     extern E:\c18v3.46\pic18-lt\cxx-framework\src\traditional\stdclib\strcpy.asm
                   strlen   0x005d9a    program     extern E:\c18v3.46\pic18-lt\cxx-framework\src\traditional\stdclib\strlen.asm
                     test   0x005fd4    program     static                          
                  timeout   0x000006    program     static D:\jo\Ideonics\Repository\ANDON_XbeeTerminal_ProductionCount\source\app.c
         updateIndication   0x002b7e    program     static D:\jo\Ideonics\Repository\ANDON_XbeeTerminal_ProductionCount\source\app.c
                updateLog   0x002958    program     static D:\jo\Ideonics\Repository\ANDON_XbeeTerminal_ProductionCount\source\app.c
          update_timeouts   0x002d22    program     static D:\jo\Ideonics\Repository\ANDON_XbeeTerminal_ProductionCount\source\app.c
        waiting_for_reply   0x003862    program     extern D:\jo\Ideonics\Repository\ANDON_XbeeTerminal_ProductionCount\source\modbusMaster.c
   waiting_for_turnaround   0x00382c    program     extern D:\jo\Ideonics\Repository\ANDON_XbeeTerminal_ProductionCount\source\modbusMaster.c
               writetoLCD   0x0057f6    program     extern D:\jo\Ideonics\Repository\ANDON_XbeeTerminal_ProductionCount\source\lcd.c
               zero_block   0x0064a8    program     static E:\c18v3.46\pic18-lt\cxx-framework\src\traditional\proc\p18f46k22.asm
                   ADCON0   0x000fc2       data     extern E:\c18v3.46\pic18-lt\cxx-framework\src\traditional\proc\p18f46k22.asm
               ADCON0bits   0x000fc2       data     extern E:\c18v3.46\pic18-lt\cxx-framework\src\traditional\proc\p18f46k22.asm
                   ADCON1   0x000fc1       data     extern E:\c18v3.46\pic18-lt\cxx-framework\src\traditional\proc\p18f46k22.asm
               ADCON1bits   0x000fc1       data     extern E:\c18v3.46\pic18-lt\cxx-framework\src\traditional\proc\p18f46k22.asm
                   ADCON2   0x000fc0       data     extern E:\c18v3.46\pic18-lt\cxx-framework\src\traditional\proc\p18f46k22.asm
               ADCON2bits   0x000fc0       data     extern E:\c18v3.46\pic18-lt\cxx-framework\src\traditional\proc\p18f46k22.asm
                    ADRES   0x000fc3       data     extern E:\c18v3.46\pic18-lt\cxx-framework\src\traditional\proc\p18f46k22.asm
                   ADRESH   0x000fc4       data     extern E:\c18v3.46\pic18-lt\cxx-framework\src\traditional\proc\p18f46k22.asm
                   ADRESL   0x000fc3       data     extern E:\c18v3.46\pic18-lt\cxx-framework\src\traditional\proc\p18f46k22.asm
                   ANSELA   0x000f38       data     extern E:\c18v3.46\pic18-lt\cxx-framework\src\traditional\proc\p18f46k22.asm
               ANSELAbits   0x000f38       data     extern E:\c18v3.46\pic18-lt\cxx-framework\src\traditional\proc\p18f46k22.asm
                   ANSELB   0x000f39       data     extern E:\c18v3.46\pic18-lt\cxx-framework\src\traditional\proc\p18f46k22.asm
               ANSELBbits   0x000f39       data     extern E:\c18v3.46\pic18-lt\cxx-framework\src\traditional\proc\p18f46k22.asm
                   ANSELC   0x000f3a       data     extern E:\c18v3.46\pic18-lt\cxx-framework\src\traditional\proc\p18f46k22.asm
               ANSELCbits   0x000f3a       data     extern E:\c18v3.46\pic18-lt\cxx-framework\src\traditional\proc\p18f46k22.asm
                   ANSELD   0x000f3b       data     extern E:\c18v3.46\pic18-lt\cxx-framework\src\traditional\proc\p18f46k22.asm
               ANSELDbits   0x000f3b       data     extern E:\c18v3.46\pic18-lt\cxx-framework\src\traditional\proc\p18f46k22.asm
                   ANSELE   0x000f3c       data     extern E:\c18v3.46\pic18-lt\cxx-framework\src\traditional\proc\p18f46k22.asm
               ANSELEbits   0x000f3c       data     extern E:\c18v3.46\pic18-lt\cxx-framework\src\traditional\proc\p18f46k22.asm
             AppTimestamp   0x000e1a       data     extern D:\jo\Ideonics\Repository\ANDON_XbeeTerminal_ProductionCount\source\timer.c
                 BAUD1CON   0x000fb8       data     extern E:\c18v3.46\pic18-lt\cxx-framework\src\traditional\proc\p18f46k22.asm
             BAUD1CONbits   0x000fb8       data     extern E:\c18v3.46\pic18-lt\cxx-framework\src\traditional\proc\p18f46k22.asm
                 BAUD2CON   0x000f70       data     extern E:\c18v3.46\pic18-lt\cxx-framework\src\traditional\proc\p18f46k22.asm
             BAUD2CONbits   0x000f70       data     extern E:\c18v3.46\pic18-lt\cxx-framework\src\traditional\proc\p18f46k22.asm
                  BAUDCON   0x000fb8       data     extern E:\c18v3.46\pic18-lt\cxx-framework\src\traditional\proc\p18f46k22.asm
                 BAUDCON1   0x000fb8       data     extern E:\c18v3.46\pic18-lt\cxx-framework\src\traditional\proc\p18f46k22.asm
             BAUDCON1bits   0x000fb8       data     extern E:\c18v3.46\pic18-lt\cxx-framework\src\traditional\proc\p18f46k22.asm
                 BAUDCON2   0x000f70       data     extern E:\c18v3.46\pic18-lt\cxx-framework\src\traditional\proc\p18f46k22.asm
             BAUDCON2bits   0x000f70       data     extern E:\c18v3.46\pic18-lt\cxx-framework\src\traditional\proc\p18f46k22.asm
              BAUDCONbits   0x000fb8       data     extern E:\c18v3.46\pic18-lt\cxx-framework\src\traditional\proc\p18f46k22.asm
                  BAUDCTL   0x000fb8       data     extern E:\c18v3.46\pic18-lt\cxx-framework\src\traditional\proc\p18f46k22.asm
              BAUDCTLbits   0x000fb8       data     extern E:\c18v3.46\pic18-lt\cxx-framework\src\traditional\proc\p18f46k22.asm
                      BSR   0x000fe0       data     extern E:\c18v3.46\pic18-lt\cxx-framework\src\traditional\proc\p18f46k22.asm
                  CCP1CON   0x000fbd       data     extern E:\c18v3.46\pic18-lt\cxx-framework\src\traditional\proc\p18f46k22.asm
              CCP1CONbits   0x000fbd       data     extern E:\c18v3.46\pic18-lt\cxx-framework\src\traditional\proc\p18f46k22.asm
                   CCP2AS   0x000f64       data     extern E:\c18v3.46\pic18-lt\cxx-framework\src\traditional\proc\p18f46k22.asm
               CCP2ASbits   0x000f64       data     extern E:\c18v3.46\pic18-lt\cxx-framework\src\traditional\proc\p18f46k22.asm
                  CCP2CON   0x000f66       data     extern E:\c18v3.46\pic18-lt\cxx-framework\src\traditional\proc\p18f46k22.asm
              CCP2CONbits   0x000f66       data     extern E:\c18v3.46\pic18-lt\cxx-framework\src\traditional\proc\p18f46k22.asm
                   CCP3AS   0x000f5b       data     extern E:\c18v3.46\pic18-lt\cxx-framework\src\traditional\proc\p18f46k22.asm
               CCP3ASbits   0x000f5b       data     extern E:\c18v3.46\pic18-lt\cxx-framework\src\traditional\proc\p18f46k22.asm
                  CCP3CON   0x000f5d       data     extern E:\c18v3.46\pic18-lt\cxx-framework\src\traditional\proc\p18f46k22.asm
              CCP3CONbits   0x000f5d       data     extern E:\c18v3.46\pic18-lt\cxx-framework\src\traditional\proc\p18f46k22.asm
                  CCP4CON   0x000f57       data     extern E:\c18v3.46\pic18-lt\cxx-framework\src\traditional\proc\p18f46k22.asm
              CCP4CONbits   0x000f57       data     extern E:\c18v3.46\pic18-lt\cxx-framework\src\traditional\proc\p18f46k22.asm
                  CCP5CON   0x000f54       data     extern E:\c18v3.46\pic18-lt\cxx-framework\src\traditional\proc\p18f46k22.asm
              CCP5CONbits   0x000f54       data     extern E:\c18v3.46\pic18-lt\cxx-framework\src\traditional\proc\p18f46k22.asm
                    CCPR1   0x000fbe       data     extern E:\c18v3.46\pic18-lt\cxx-framework\src\traditional\proc\p18f46k22.asm
                   CCPR1H   0x000fbf       data     extern E:\c18v3.46\pic18-lt\cxx-framework\src\traditional\proc\p18f46k22.asm
                   CCPR1L   0x000fbe       data     extern E:\c18v3.46\pic18-lt\cxx-framework\src\traditional\proc\p18f46k22.asm
                    CCPR2   0x000f67       data     extern E:\c18v3.46\pic18-lt\cxx-framework\src\traditional\proc\p18f46k22.asm
                   CCPR2H   0x000f68       data     extern E:\c18v3.46\pic18-lt\cxx-framework\src\traditional\proc\p18f46k22.asm
                   CCPR2L   0x000f67       data     extern E:\c18v3.46\pic18-lt\cxx-framework\src\traditional\proc\p18f46k22.asm
                    CCPR3   0x000f5e       data     extern E:\c18v3.46\pic18-lt\cxx-framework\src\traditional\proc\p18f46k22.asm
                   CCPR3H   0x000f5f       data     extern E:\c18v3.46\pic18-lt\cxx-framework\src\traditional\proc\p18f46k22.asm
                   CCPR3L   0x000f5e       data     extern E:\c18v3.46\pic18-lt\cxx-framework\src\traditional\proc\p18f46k22.asm
                    CCPR4   0x000f58       data     extern E:\c18v3.46\pic18-lt\cxx-framework\src\traditional\proc\p18f46k22.asm
                   CCPR4H   0x000f59       data     extern E:\c18v3.46\pic18-lt\cxx-framework\src\traditional\proc\p18f46k22.asm
                   CCPR4L   0x000f58       data     extern E:\c18v3.46\pic18-lt\cxx-framework\src\traditional\proc\p18f46k22.asm
                    CCPR5   0x000f55       data     extern E:\c18v3.46\pic18-lt\cxx-framework\src\traditional\proc\p18f46k22.asm
                   CCPR5H   0x000f56       data     extern E:\c18v3.46\pic18-lt\cxx-framework\src\traditional\proc\p18f46k22.asm
                   CCPR5L   0x000f55       data     extern E:\c18v3.46\pic18-lt\cxx-framework\src\traditional\proc\p18f46k22.asm
                 CCPTMRS0   0x000f49       data     extern E:\c18v3.46\pic18-lt\cxx-framework\src\traditional\proc\p18f46k22.asm
             CCPTMRS0bits   0x000f49       data     extern E:\c18v3.46\pic18-lt\cxx-framework\src\traditional\proc\p18f46k22.asm
                 CCPTMRS1   0x000f48       data     extern E:\c18v3.46\pic18-lt\cxx-framework\src\traditional\proc\p18f46k22.asm
             CCPTMRS1bits   0x000f48       data     extern E:\c18v3.46\pic18-lt\cxx-framework\src\traditional\proc\p18f46k22.asm
                  CM12CON   0x000f77       data     extern E:\c18v3.46\pic18-lt\cxx-framework\src\traditional\proc\p18f46k22.asm
              CM12CONbits   0x000f77       data     extern E:\c18v3.46\pic18-lt\cxx-framework\src\traditional\proc\p18f46k22.asm
                   CM1CON   0x000f79       data     extern E:\c18v3.46\pic18-lt\cxx-framework\src\traditional\proc\p18f46k22.asm
                  CM1CON0   0x000f79       data     extern E:\c18v3.46\pic18-lt\cxx-framework\src\traditional\proc\p18f46k22.asm
              CM1CON0bits   0x000f79       data     extern E:\c18v3.46\pic18-lt\cxx-framework\src\traditional\proc\p18f46k22.asm
               CM1CONbits   0x000f79       data     extern E:\c18v3.46\pic18-lt\cxx-framework\src\traditional\proc\p18f46k22.asm
                   CM2CON   0x000f78       data     extern E:\c18v3.46\pic18-lt\cxx-framework\src\traditional\proc\p18f46k22.asm
                  CM2CON0   0x000f78       data     extern E:\c18v3.46\pic18-lt\cxx-framework\src\traditional\proc\p18f46k22.asm
              CM2CON0bits   0x000f78       data     extern E:\c18v3.46\pic18-lt\cxx-framework\src\traditional\proc\p18f46k22.asm
                  CM2CON1   0x000f77       data     extern E:\c18v3.46\pic18-lt\cxx-framework\src\traditional\proc\p18f46k22.asm
              CM2CON1bits   0x000f77       data     extern E:\c18v3.46\pic18-lt\cxx-framework\src\traditional\proc\p18f46k22.asm
               CM2CONbits   0x000f78       data     extern E:\c18v3.46\pic18-lt\cxx-framework\src\traditional\proc\p18f46k22.asm
                 CTMUCON0   0x000f45       data     extern E:\c18v3.46\pic18-lt\cxx-framework\src\traditional\proc\p18f46k22.asm
             CTMUCON0bits   0x000f45       data     extern E:\c18v3.46\pic18-lt\cxx-framework\src\traditional\proc\p18f46k22.asm
                 CTMUCON1   0x000f44       data     extern E:\c18v3.46\pic18-lt\cxx-framework\src\traditional\proc\p18f46k22.asm
             CTMUCON1bits   0x000f44       data     extern E:\c18v3.46\pic18-lt\cxx-framework\src\traditional\proc\p18f46k22.asm
                 CTMUCONH   0x000f45       data     extern E:\c18v3.46\pic18-lt\cxx-framework\src\traditional\proc\p18f46k22.asm
             CTMUCONHbits   0x000f45       data     extern E:\c18v3.46\pic18-lt\cxx-framework\src\traditional\proc\p18f46k22.asm
                 CTMUCONL   0x000f44       data     extern E:\c18v3.46\pic18-lt\cxx-framework\src\traditional\proc\p18f46k22.asm
             CTMUCONLbits   0x000f44       data     extern E:\c18v3.46\pic18-lt\cxx-framework\src\traditional\proc\p18f46k22.asm
                 CTMUICON   0x000f43       data     extern E:\c18v3.46\pic18-lt\cxx-framework\src\traditional\proc\p18f46k22.asm
                CTMUICONH   0x000f43       data     extern E:\c18v3.46\pic18-lt\cxx-framework\src\traditional\proc\p18f46k22.asm
            CTMUICONHbits   0x000f43       data     extern E:\c18v3.46\pic18-lt\cxx-framework\src\traditional\proc\p18f46k22.asm
             CTMUICONbits   0x000f43       data     extern E:\c18v3.46\pic18-lt\cxx-framework\src\traditional\proc\p18f46k22.asm
                  DACCON0   0x000f41       data     extern E:\c18v3.46\pic18-lt\cxx-framework\src\traditional\proc\p18f46k22.asm
              DACCON0bits   0x000f41       data     extern E:\c18v3.46\pic18-lt\cxx-framework\src\traditional\proc\p18f46k22.asm
                  DACCON1   0x000f40       data     extern E:\c18v3.46\pic18-lt\cxx-framework\src\traditional\proc\p18f46k22.asm
              DACCON1bits   0x000f40       data     extern E:\c18v3.46\pic18-lt\cxx-framework\src\traditional\proc\p18f46k22.asm
                     DDRA   0x000f92       data     extern E:\c18v3.46\pic18-lt\cxx-framework\src\traditional\proc\p18f46k22.asm
                 DDRAbits   0x000f92       data     extern E:\c18v3.46\pic18-lt\cxx-framework\src\traditional\proc\p18f46k22.asm
                     DDRB   0x000f93       data     extern E:\c18v3.46\pic18-lt\cxx-framework\src\traditional\proc\p18f46k22.asm
                 DDRBbits   0x000f93       data     extern E:\c18v3.46\pic18-lt\cxx-framework\src\traditional\proc\p18f46k22.asm
                     DDRC   0x000f94       data     extern E:\c18v3.46\pic18-lt\cxx-framework\src\traditional\proc\p18f46k22.asm
                 DDRCbits   0x000f94       data     extern E:\c18v3.46\pic18-lt\cxx-framework\src\traditional\proc\p18f46k22.asm
                     DDRD   0x000f95       data     extern E:\c18v3.46\pic18-lt\cxx-framework\src\traditional\proc\p18f46k22.asm
                 DDRDbits   0x000f95       data     extern E:\c18v3.46\pic18-lt\cxx-framework\src\traditional\proc\p18f46k22.asm
                     DDRE   0x000f96       data     extern E:\c18v3.46\pic18-lt\cxx-framework\src\traditional\proc\p18f46k22.asm
                 DDREbits   0x000f96       data     extern E:\c18v3.46\pic18-lt\cxx-framework\src\traditional\proc\p18f46k22.asm
            DelayCounter1   0x00001c       data     extern E:\c18v3.46\pic18-lt\cxx-framework\src\traditional\delays\delayd1.asm
                  ECCP1AS   0x000fb6       data     extern E:\c18v3.46\pic18-lt\cxx-framework\src\traditional\proc\p18f46k22.asm
              ECCP1ASbits   0x000fb6       data     extern E:\c18v3.46\pic18-lt\cxx-framework\src\traditional\proc\p18f46k22.asm
                  ECCP2AS   0x000f64       data     extern E:\c18v3.46\pic18-lt\cxx-framework\src\traditional\proc\p18f46k22.asm
              ECCP2ASbits   0x000f64       data     extern E:\c18v3.46\pic18-lt\cxx-framework\src\traditional\proc\p18f46k22.asm
                  ECCP3AS   0x000f5b       data     extern E:\c18v3.46\pic18-lt\cxx-framework\src\traditional\proc\p18f46k22.asm
              ECCP3ASbits   0x000f5b       data     extern E:\c18v3.46\pic18-lt\cxx-framework\src\traditional\proc\p18f46k22.asm
                   ECCPAS   0x000fb6       data     extern E:\c18v3.46\pic18-lt\cxx-framework\src\traditional\proc\p18f46k22.asm
               ECCPASbits   0x000fb6       data     extern E:\c18v3.46\pic18-lt\cxx-framework\src\traditional\proc\p18f46k22.asm
                    EEADR   0x000fa9       data     extern E:\c18v3.46\pic18-lt\cxx-framework\src\traditional\proc\p18f46k22.asm
                   EEADRH   0x000faa       data     extern E:\c18v3.46\pic18-lt\cxx-framework\src\traditional\proc\p18f46k22.asm
               EEADRHbits   0x000faa       data     extern E:\c18v3.46\pic18-lt\cxx-framework\src\traditional\proc\p18f46k22.asm
                EEADRbits   0x000fa9       data     extern E:\c18v3.46\pic18-lt\cxx-framework\src\traditional\proc\p18f46k22.asm
                   EECON1   0x000fa6       data     extern E:\c18v3.46\pic18-lt\cxx-framework\src\traditional\proc\p18f46k22.asm
               EECON1bits   0x000fa6       data     extern E:\c18v3.46\pic18-lt\cxx-framework\src\traditional\proc\p18f46k22.asm
                   EECON2   0x000fa7       data     extern E:\c18v3.46\pic18-lt\cxx-framework\src\traditional\proc\p18f46k22.asm
                   EEDATA   0x000fa8       data     extern E:\c18v3.46\pic18-lt\cxx-framework\src\traditional\proc\p18f46k22.asm
                     FSR0   0x000fe9       data     extern E:\c18v3.46\pic18-lt\cxx-framework\src\traditional\proc\p18f46k22.asm
                    FSR0H   0x000fea       data     extern E:\c18v3.46\pic18-lt\cxx-framework\src\traditional\proc\p18f46k22.asm
                    FSR0L   0x000fe9       data     extern E:\c18v3.46\pic18-lt\cxx-framework\src\traditional\proc\p18f46k22.asm
                     FSR1   0x000fe1       data     extern E:\c18v3.46\pic18-lt\cxx-framework\src\traditional\proc\p18f46k22.asm
                    FSR1H   0x000fe2       data     extern E:\c18v3.46\pic18-lt\cxx-framework\src\traditional\proc\p18f46k22.asm
                    FSR1L   0x000fe1       data     extern E:\c18v3.46\pic18-lt\cxx-framework\src\traditional\proc\p18f46k22.asm
                     FSR2   0x000fd9       data     extern E:\c18v3.46\pic18-lt\cxx-framework\src\traditional\proc\p18f46k22.asm
                    FSR2H   0x000fda       data     extern E:\c18v3.46\pic18-lt\cxx-framework\src\traditional\proc\p18f46k22.asm
                    FSR2L   0x000fd9       data     extern E:\c18v3.46\pic18-lt\cxx-framework\src\traditional\proc\p18f46k22.asm
                   FVRCON   0x000f42       data     extern E:\c18v3.46\pic18-lt\cxx-framework\src\traditional\proc\p18f46k22.asm
               FVRCONbits   0x000f42       data     extern E:\c18v3.46\pic18-lt\cxx-framework\src\traditional\proc\p18f46k22.asm
                  HLVDCON   0x000f9c       data     extern E:\c18v3.46\pic18-lt\cxx-framework\src\traditional\proc\p18f46k22.asm
              HLVDCONbits   0x000f9c       data     extern E:\c18v3.46\pic18-lt\cxx-framework\src\traditional\proc\p18f46k22.asm
                    INDF0   0x000fef       data     extern E:\c18v3.46\pic18-lt\cxx-framework\src\traditional\proc\p18f46k22.asm
                    INDF1   0x000fe7       data     extern E:\c18v3.46\pic18-lt\cxx-framework\src\traditional\proc\p18f46k22.asm
                    INDF2   0x000fdf       data     extern E:\c18v3.46\pic18-lt\cxx-framework\src\traditional\proc\p18f46k22.asm
                   INTCON   0x000ff2       data     extern E:\c18v3.46\pic18-lt\cxx-framework\src\traditional\proc\p18f46k22.asm
                  INTCON2   0x000ff1       data     extern E:\c18v3.46\pic18-lt\cxx-framework\src\traditional\proc\p18f46k22.asm
              INTCON2bits   0x000ff1       data     extern E:\c18v3.46\pic18-lt\cxx-framework\src\traditional\proc\p18f46k22.asm
                  INTCON3   0x000ff0       data     extern E:\c18v3.46\pic18-lt\cxx-framework\src\traditional\proc\p18f46k22.asm
              INTCON3bits   0x000ff0       data     extern E:\c18v3.46\pic18-lt\cxx-framework\src\traditional\proc\p18f46k22.asm
               INTCONbits   0x000ff2       data     extern E:\c18v3.46\pic18-lt\cxx-framework\src\traditional\proc\p18f46k22.asm
                     IOCB   0x000f62       data     extern E:\c18v3.46\pic18-lt\cxx-framework\src\traditional\proc\p18f46k22.asm
                 IOCBbits   0x000f62       data     extern E:\c18v3.46\pic18-lt\cxx-framework\src\traditional\proc\p18f46k22.asm
                     IPR1   0x000f9f       data     extern E:\c18v3.46\pic18-lt\cxx-framework\src\traditional\proc\p18f46k22.asm
                 IPR1bits   0x000f9f       data     extern E:\c18v3.46\pic18-lt\cxx-framework\src\traditional\proc\p18f46k22.asm
                     IPR2   0x000fa2       data     extern E:\c18v3.46\pic18-lt\cxx-framework\src\traditional\proc\p18f46k22.asm
                 IPR2bits   0x000fa2       data     extern E:\c18v3.46\pic18-lt\cxx-framework\src\traditional\proc\p18f46k22.asm
                     IPR3   0x000fa5       data     extern E:\c18v3.46\pic18-lt\cxx-framework\src\traditional\proc\p18f46k22.asm
                 IPR3bits   0x000fa5       data     extern E:\c18v3.46\pic18-lt\cxx-framework\src\traditional\proc\p18f46k22.asm
                     IPR4   0x000f7c       data     extern E:\c18v3.46\pic18-lt\cxx-framework\src\traditional\proc\p18f46k22.asm
                 IPR4bits   0x000f7c       data     extern E:\c18v3.46\pic18-lt\cxx-framework\src\traditional\proc\p18f46k22.asm
                     IPR5   0x000f7f       data     extern E:\c18v3.46\pic18-lt\cxx-framework\src\traditional\proc\p18f46k22.asm
                 IPR5bits   0x000f7f       data     extern E:\c18v3.46\pic18-lt\cxx-framework\src\traditional\proc\p18f46k22.asm
                     LATA   0x000f89       data     extern E:\c18v3.46\pic18-lt\cxx-framework\src\traditional\proc\p18f46k22.asm
                 LATAbits   0x000f89       data     extern E:\c18v3.46\pic18-lt\cxx-framework\src\traditional\proc\p18f46k22.asm
                     LATB   0x000f8a       data     extern E:\c18v3.46\pic18-lt\cxx-framework\src\traditional\proc\p18f46k22.asm
                 LATBbits   0x000f8a       data     extern E:\c18v3.46\pic18-lt\cxx-framework\src\traditional\proc\p18f46k22.asm
                     LATC   0x000f8b       data     extern E:\c18v3.46\pic18-lt\cxx-framework\src\traditional\proc\p18f46k22.asm
                 LATCbits   0x000f8b       data     extern E:\c18v3.46\pic18-lt\cxx-framework\src\traditional\proc\p18f46k22.asm
                     LATD   0x000f8c       data     extern E:\c18v3.46\pic18-lt\cxx-framework\src\traditional\proc\p18f46k22.asm
                 LATDbits   0x000f8c       data     extern E:\c18v3.46\pic18-lt\cxx-framework\src\traditional\proc\p18f46k22.asm
                     LATE   0x000f8d       data     extern E:\c18v3.46\pic18-lt\cxx-framework\src\traditional\proc\p18f46k22.asm
                 LATEbits   0x000f8d       data     extern E:\c18v3.46\pic18-lt\cxx-framework\src\traditional\proc\p18f46k22.asm
                   LVDCON   0x000f9c       data     extern E:\c18v3.46\pic18-lt\cxx-framework\src\traditional\proc\p18f46k22.asm
               LVDCONbits   0x000f9c       data     extern E:\c18v3.46\pic18-lt\cxx-framework\src\traditional\proc\p18f46k22.asm
                MB_STATUS   0x000941       data     extern D:\jo\Ideonics\Repository\ANDON_XbeeTerminal_ProductionCount\source\modbusMaster.c
                   OSCCON   0x000fd3       data     extern E:\c18v3.46\pic18-lt\cxx-framework\src\traditional\proc\p18f46k22.asm
                  OSCCON2   0x000fd2       data     extern E:\c18v3.46\pic18-lt\cxx-framework\src\traditional\proc\p18f46k22.asm
              OSCCON2bits   0x000fd2       data     extern E:\c18v3.46\pic18-lt\cxx-framework\src\traditional\proc\p18f46k22.asm
               OSCCONbits   0x000fd3       data     extern E:\c18v3.46\pic18-lt\cxx-framework\src\traditional\proc\p18f46k22.asm
                  OSCTUNE   0x000f9b       data     extern E:\c18v3.46\pic18-lt\cxx-framework\src\traditional\proc\p18f46k22.asm
              OSCTUNEbits   0x000f9b       data     extern E:\c18v3.46\pic18-lt\cxx-framework\src\traditional\proc\p18f46k22.asm
              PACKET_SENT   0x000dee       data     extern D:\jo\Ideonics\Repository\ANDON_XbeeTerminal_ProductionCount\source\app.c
                       PC   0x000ff9       data     extern E:\c18v3.46\pic18-lt\cxx-framework\src\traditional\proc\p18f46k22.asm
                      PCL   0x000ff9       data     extern E:\c18v3.46\pic18-lt\cxx-framework\src\traditional\proc\p18f46k22.asm
                   PCLATH   0x000ffa       data     extern E:\c18v3.46\pic18-lt\cxx-framework\src\traditional\proc\p18f46k22.asm
                   PCLATU   0x000ffb       data     extern E:\c18v3.46\pic18-lt\cxx-framework\src\traditional\proc\p18f46k22.asm
                     PIE1   0x000f9d       data     extern E:\c18v3.46\pic18-lt\cxx-framework\src\traditional\proc\p18f46k22.asm
                 PIE1bits   0x000f9d       data     extern E:\c18v3.46\pic18-lt\cxx-framework\src\traditional\proc\p18f46k22.asm
                     PIE2   0x000fa0       data     extern E:\c18v3.46\pic18-lt\cxx-framework\src\traditional\proc\p18f46k22.asm
                 PIE2bits   0x000fa0       data     extern E:\c18v3.46\pic18-lt\cxx-framework\src\traditional\proc\p18f46k22.asm
                     PIE3   0x000fa3       data     extern E:\c18v3.46\pic18-lt\cxx-framework\src\traditional\proc\p18f46k22.asm
                 PIE3bits   0x000fa3       data     extern E:\c18v3.46\pic18-lt\cxx-framework\src\traditional\proc\p18f46k22.asm
                     PIE4   0x000f7a       data     extern E:\c18v3.46\pic18-lt\cxx-framework\src\traditional\proc\p18f46k22.asm
                 PIE4bits   0x000f7a       data     extern E:\c18v3.46\pic18-lt\cxx-framework\src\traditional\proc\p18f46k22.asm
                     PIE5   0x000f7d       data     extern E:\c18v3.46\pic18-lt\cxx-framework\src\traditional\proc\p18f46k22.asm
                 PIE5bits   0x000f7d       data     extern E:\c18v3.46\pic18-lt\cxx-framework\src\traditional\proc\p18f46k22.asm
                     PIR1   0x000f9e       data     extern E:\c18v3.46\pic18-lt\cxx-framework\src\traditional\proc\p18f46k22.asm
                 PIR1bits   0x000f9e       data     extern E:\c18v3.46\pic18-lt\cxx-framework\src\traditional\proc\p18f46k22.asm
                     PIR2   0x000fa1       data     extern E:\c18v3.46\pic18-lt\cxx-framework\src\traditional\proc\p18f46k22.asm
                 PIR2bits   0x000fa1       data     extern E:\c18v3.46\pic18-lt\cxx-framework\src\traditional\proc\p18f46k22.asm
                     PIR3   0x000fa4       data     extern E:\c18v3.46\pic18-lt\cxx-framework\src\traditional\proc\p18f46k22.asm
                 PIR3bits   0x000fa4       data     extern E:\c18v3.46\pic18-lt\cxx-framework\src\traditional\proc\p18f46k22.asm
                     PIR4   0x000f7b       data     extern E:\c18v3.46\pic18-lt\cxx-framework\src\traditional\proc\p18f46k22.asm
                 PIR4bits   0x000f7b       data     extern E:\c18v3.46\pic18-lt\cxx-framework\src\traditional\proc\p18f46k22.asm
                     PIR5   0x000f7e       data     extern E:\c18v3.46\pic18-lt\cxx-framework\src\traditional\proc\p18f46k22.asm
                 PIR5bits   0x000f7e       data     extern E:\c18v3.46\pic18-lt\cxx-framework\src\traditional\proc\p18f46k22.asm
                   PLUSW0   0x000feb       data     extern E:\c18v3.46\pic18-lt\cxx-framework\src\traditional\proc\p18f46k22.asm
                   PLUSW1   0x000fe3       data     extern E:\c18v3.46\pic18-lt\cxx-framework\src\traditional\proc\p18f46k22.asm
                   PLUSW2   0x000fdb       data     extern E:\c18v3.46\pic18-lt\cxx-framework\src\traditional\proc\p18f46k22.asm
                     PMD0   0x000f3f       data     extern E:\c18v3.46\pic18-lt\cxx-framework\src\traditional\proc\p18f46k22.asm
                 PMD0bits   0x000f3f       data     extern E:\c18v3.46\pic18-lt\cxx-framework\src\traditional\proc\p18f46k22.asm
                     PMD1   0x000f3e       data     extern E:\c18v3.46\pic18-lt\cxx-framework\src\traditional\proc\p18f46k22.asm
                 PMD1bits   0x000f3e       data     extern E:\c18v3.46\pic18-lt\cxx-framework\src\traditional\proc\p18f46k22.asm
                     PMD2   0x000f3d       data     extern E:\c18v3.46\pic18-lt\cxx-framework\src\traditional\proc\p18f46k22.asm
                 PMD2bits   0x000f3d       data     extern E:\c18v3.46\pic18-lt\cxx-framework\src\traditional\proc\p18f46k22.asm
                    PORTA   0x000f80       data     extern E:\c18v3.46\pic18-lt\cxx-framework\src\traditional\proc\p18f46k22.asm
                PORTAbits   0x000f80       data     extern E:\c18v3.46\pic18-lt\cxx-framework\src\traditional\proc\p18f46k22.asm
                    PORTB   0x000f81       data     extern E:\c18v3.46\pic18-lt\cxx-framework\src\traditional\proc\p18f46k22.asm
                PORTBbits   0x000f81       data     extern E:\c18v3.46\pic18-lt\cxx-framework\src\traditional\proc\p18f46k22.asm
                    PORTC   0x000f82       data     extern E:\c18v3.46\pic18-lt\cxx-framework\src\traditional\proc\p18f46k22.asm
                PORTCbits   0x000f82       data     extern E:\c18v3.46\pic18-lt\cxx-framework\src\traditional\proc\p18f46k22.asm
                    PORTD   0x000f83       data     extern E:\c18v3.46\pic18-lt\cxx-framework\src\traditional\proc\p18f46k22.asm
                PORTDbits   0x000f83       data     extern E:\c18v3.46\pic18-lt\cxx-framework\src\traditional\proc\p18f46k22.asm
                    PORTE   0x000f84       data     extern E:\c18v3.46\pic18-lt\cxx-framework\src\traditional\proc\p18f46k22.asm
                PORTEbits   0x000f84       data     extern E:\c18v3.46\pic18-lt\cxx-framework\src\traditional\proc\p18f46k22.asm
                 POSTDEC0   0x000fed       data     extern E:\c18v3.46\pic18-lt\cxx-framework\src\traditional\proc\p18f46k22.asm
                 POSTDEC1   0x000fe5       data     extern E:\c18v3.46\pic18-lt\cxx-framework\src\traditional\proc\p18f46k22.asm
                 POSTDEC2   0x000fdd       data     extern E:\c18v3.46\pic18-lt\cxx-framework\src\traditional\proc\p18f46k22.asm
                 POSTINC0   0x000fee       data     extern E:\c18v3.46\pic18-lt\cxx-framework\src\traditional\proc\p18f46k22.asm
                 POSTINC1   0x000fe6       data     extern E:\c18v3.46\pic18-lt\cxx-framework\src\traditional\proc\p18f46k22.asm
                 POSTINC2   0x000fde       data     extern E:\c18v3.46\pic18-lt\cxx-framework\src\traditional\proc\p18f46k22.asm
                      PR2   0x000fbb       data     extern E:\c18v3.46\pic18-lt\cxx-framework\src\traditional\proc\p18f46k22.asm
                      PR4   0x000f52       data     extern E:\c18v3.46\pic18-lt\cxx-framework\src\traditional\proc\p18f46k22.asm
                      PR6   0x000f4b       data     extern E:\c18v3.46\pic18-lt\cxx-framework\src\traditional\proc\p18f46k22.asm
                  PREINC0   0x000fec       data     extern E:\c18v3.46\pic18-lt\cxx-framework\src\traditional\proc\p18f46k22.asm
                  PREINC1   0x000fe4       data     extern E:\c18v3.46\pic18-lt\cxx-framework\src\traditional\proc\p18f46k22.asm
                  PREINC2   0x000fdc       data     extern E:\c18v3.46\pic18-lt\cxx-framework\src\traditional\proc\p18f46k22.asm
[...]
                SPBRGbits   0x000faf       data     extern E:\c18v3.46\pic18-lt\cxx-framework\src\traditional\proc\p18f46k22.asm
               SPBRG1bits   0x000faf       data     extern E:\c18v3.46\pic18-lt\cxx-framework\src\traditional\proc\p18f46k22.asm
                   SPBRG1   0x000faf       data     extern E:\c18v3.46\pic18-lt\cxx-framework\src\traditional\proc\p18f46k22.asm
                    SPBRG   0x000faf       data     extern E:\c18v3.46\pic18-lt\cxx-framework\src\traditional\proc\p18f46k22.asm
               SP1BRGbits   0x000faf       data     extern E:\c18v3.46\pic18-lt\cxx-framework\src\traditional\proc\p18f46k22.asm
              SP1BRGHbits   0x000fb0       data     extern E:\c18v3.46\pic18-lt\cxx-framework\src\traditional\proc\p18f46k22.asm
                  SP1BRGH   0x000fb0       data     extern E:\c18v3.46\pic18-lt\cxx-framework\src\traditional\proc\p18f46k22.asm
               SPBRGHbits   0x000fb0       data     extern E:\c18v3.46\pic18-lt\cxx-framework\src\traditional\proc\p18f46k22.asm
              SPBRGH1bits   0x000fb0       data     extern E:\c18v3.46\pic18-lt\cxx-framework\src\traditional\proc\p18f46k22.asm
                  SPBRGH1   0x000fb0       data     extern E:\c18v3.46\pic18-lt\cxx-framework\src\traditional\proc\p18f46k22.asm
                   SPBRGH   0x000fb0       data     extern E:\c18v3.46\pic18-lt\cxx-framework\src\traditional\proc\p18f46k22.asm
                    T3CON   0x000fb1       data     extern E:\c18v3.46\pic18-lt\cxx-framework\src\traditional\proc\p18f46k22.asm
                T3CONbits   0x000fb1       data     extern E:\c18v3.46\pic18-lt\cxx-framework\src\traditional\proc\p18f46k22.asm
                    TMR3L   0x000fb2       data     extern E:\c18v3.46\pic18-lt\cxx-framework\src\traditional\proc\p18f46k22.asm
                    TMR3H   0x000fb3       data     extern E:\c18v3.46\pic18-lt\cxx-framework\src\traditional\proc\p18f46k22.asm
               T3GCONbits   0x000fb4       data     extern E:\c18v3.46\pic18-lt\cxx-framework\src\traditional\proc\p18f46k22.asm
                   T3GCON   0x000fb4       data     extern E:\c18v3.46\pic18-lt\cxx-framework\src\traditional\proc\p18f46k22.asm
                  ECCP1AS   0x000fb6       data     extern E:\c18v3.46\pic18-lt\cxx-framework\src\traditional\proc\p18f46k22.asm
               ECCPASbits   0x000fb6       data     extern E:\c18v3.46\pic18-lt\cxx-framework\src\traditional\proc\p18f46k22.asm
                   ECCPAS   0x000fb6       data     extern E:\c18v3.46\pic18-lt\cxx-framework\src\traditional\proc\p18f46k22.asm
              ECCP1ASbits   0x000fb6       data     extern E:\c18v3.46\pic18-lt\cxx-framework\src\traditional\proc\p18f46k22.asm
                  PWM1CON   0x000fb7       data     extern E:\c18v3.46\pic18-lt\cxx-framework\src\traditional\proc\p18f46k22.asm
              PWM1CONbits   0x000fb7       data     extern E:\c18v3.46\pic18-lt\cxx-framework\src\traditional\proc\p18f46k22.asm
                   PWMCON   0x000fb7       data     extern E:\c18v3.46\pic18-lt\cxx-framework\src\traditional\proc\p18f46k22.asm
               PWMCONbits   0x000fb7       data     extern E:\c18v3.46\pic18-lt\cxx-framework\src\traditional\proc\p18f46k22.asm
             BAUDCON1bits   0x000fb8       data     extern E:\c18v3.46\pic18-lt\cxx-framework\src\traditional\proc\p18f46k22.asm
                 BAUDCON1   0x000fb8       data     extern E:\c18v3.46\pic18-lt\cxx-framework\src\traditional\proc\p18f46k22.asm
              BAUDCONbits   0x000fb8       data     extern E:\c18v3.46\pic18-lt\cxx-framework\src\traditional\proc\p18f46k22.asm
                  BAUDCTL   0x000fb8       data     extern E:\c18v3.46\pic18-lt\cxx-framework\src\traditional\proc\p18f46k22.asm
              BAUDCTLbits   0x000fb8       data     extern E:\c18v3.46\pic18-lt\cxx-framework\src\traditional\proc\p18f46k22.asm
                  BAUDCON   0x000fb8       data     extern E:\c18v3.46\pic18-lt\cxx-framework\src\traditional\proc\p18f46k22.asm
             BAUD1CONbits   0x000fb8       data     extern E:\c18v3.46\pic18-lt\cxx-framework\src\traditional\proc\p18f46k22.asm
                 BAUD1CON   0x000fb8       data     extern E:\c18v3.46\pic18-lt\cxx-framework\src\traditional\proc\p18f46k22.asm
              PSTRCONbits   0x000fb9       data     extern E:\c18v3.46\pic18-lt\cxx-framework\src\traditional\proc\p18f46k22.asm
                  PSTRCON   0x000fb9       data     extern E:\c18v3.46\pic18-lt\cxx-framework\src\traditional\proc\p18f46k22.asm
             PSTR1CONbits   0x000fb9       data     extern E:\c18v3.46\pic18-lt\cxx-framework\src\traditional\proc\p18f46k22.asm
                 PSTR1CON   0x000fb9       data     extern E:\c18v3.46\pic18-lt\cxx-framework\src\traditional\proc\p18f46k22.asm
                    T2CON   0x000fba       data     extern E:\c18v3.46\pic18-lt\cxx-framework\src\traditional\proc\p18f46k22.asm
                T2CONbits   0x000fba       data     extern E:\c18v3.46\pic18-lt\cxx-framework\src\traditional\proc\p18f46k22.asm
                      PR2   0x000fbb       data     extern E:\c18v3.46\pic18-lt\cxx-framework\src\traditional\proc\p18f46k22.asm
                     TMR2   0x000fbc       data     extern E:\c18v3.46\pic18-lt\cxx-framework\src\traditional\proc\p18f46k22.asm
              CCP1CONbits   0x000fbd       data     extern E:\c18v3.46\pic18-lt\cxx-framework\src\traditional\proc\p18f46k22.asm
                  CCP1CON   0x000fbd       data     extern E:\c18v3.46\pic18-lt\cxx-framework\src\traditional\proc\p18f46k22.asm
                    CCPR1   0x000fbe       data     extern E:\c18v3.46\pic18-lt\cxx-framework\src\traditional\proc\p18f46k22.asm
                   CCPR1L   0x000fbe       data     extern E:\c18v3.46\pic18-lt\cxx-framework\src\traditional\proc\p18f46k22.asm
                   CCPR1H   0x000fbf       data     extern E:\c18v3.46\pic18-lt\cxx-framework\src\traditional\proc\p18f46k22.asm
               ADCON2bits   0x000fc0       data     extern E:\c18v3.46\pic18-lt\cxx-framework\src\traditional\proc\p18f46k22.asm
                   ADCON2   0x000fc0       data     extern E:\c18v3.46\pic18-lt\cxx-framework\src\traditional\proc\p18f46k22.asm
               ADCON1bits   0x000fc1       data     extern E:\c18v3.46\pic18-lt\cxx-framework\src\traditional\proc\p18f46k22.asm
                   ADCON1   0x000fc1       data     extern E:\c18v3.46\pic18-lt\cxx-framework\src\traditional\proc\p18f46k22.asm
               ADCON0bits   0x000fc2       data     extern E:\c18v3.46\pic18-lt\cxx-framework\src\traditional\proc\p18f46k22.asm
                   ADCON0   0x000fc2       data     extern E:\c18v3.46\pic18-lt\cxx-framework\src\traditional\proc\p18f46k22.asm
                    ADRES   0x000fc3       data     extern E:\c18v3.46\pic18-lt\cxx-framework\src\traditional\proc\p18f46k22.asm
                   ADRESL   0x000fc3       data     extern E:\c18v3.46\pic18-lt\cxx-framework\src\traditional\proc\p18f46k22.asm
                   ADRESH   0x000fc4       data     extern E:\c18v3.46\pic18-lt\cxx-framework\src\traditional\proc\p18f46k22.asm
                  SSPCON2   0x000fc5       data     extern E:\c18v3.46\pic18-lt\cxx-framework\src\traditional\proc\p18f46k22.asm
              SSPCON2bits   0x000fc5       data     extern E:\c18v3.46\pic18-lt\cxx-framework\src\traditional\proc\p18f46k22.asm
                 SSP1CON2   0x000fc5       data     extern E:\c18v3.46\pic18-lt\cxx-framework\src\traditional\proc\p18f46k22.asm
             SSP1CON2bits   0x000fc5       data     extern E:\c18v3.46\pic18-lt\cxx-framework\src\traditional\proc\p18f46k22.asm
                  SSPCON1   0x000fc6       data     extern E:\c18v3.46\pic18-lt\cxx-framework\src\traditional\proc\p18f46k22.asm
              SSPCON1bits   0x000fc6       data     extern E:\c18v3.46\pic18-lt\cxx-framework\src\traditional\proc\p18f46k22.asm
                 SSP1CON1   0x000fc6       data     extern E:\c18v3.46\pic18-lt\cxx-framework\src\traditional\proc\p18f46k22.asm
             SSP1CON1bits   0x000fc6       data     extern E:\c18v3.46\pic18-lt\cxx-framework\src\traditional\proc\p18f46k22.asm
                 SSP1STAT   0x000fc7       data     extern E:\c18v3.46\pic18-lt\cxx-framework\src\traditional\proc\p18f46k22.asm
             SSP1STATbits   0x000fc7       data     extern E:\c18v3.46\pic18-lt\cxx-framework\src\traditional\proc\p18f46k22.asm
              SSPSTATbits   0x000fc7       data     extern E:\c18v3.46\pic18-lt\cxx-framework\src\traditional\proc\p18f46k22.asm
                  SSPSTAT   0x000fc7       data     extern E:\c18v3.46\pic18-lt\cxx-framework\src\traditional\proc\p18f46k22.asm
               SSPADDbits   0x000fc8       data     extern E:\c18v3.46\pic18-lt\cxx-framework\src\traditional\proc\p18f46k22.asm
                   SSPADD   0x000fc8       data     extern E:\c18v3.46\pic18-lt\cxx-framework\src\traditional\proc\p18f46k22.asm
                  SSP1ADD   0x000fc8       data     extern E:\c18v3.46\pic18-lt\cxx-framework\src\traditional\proc\p18f46k22.asm
              SSP1ADDbits   0x000fc8       data     extern E:\c18v3.46\pic18-lt\cxx-framework\src\traditional\proc\p18f46k22.asm
               SSPBUFbits   0x000fc9       data     extern E:\c18v3.46\pic18-lt\cxx-framework\src\traditional\proc\p18f46k22.asm
                   SSPBUF   0x000fc9       data     extern E:\c18v3.46\pic18-lt\cxx-framework\src\traditional\proc\p18f46k22.asm
                  SSP1BUF   0x000fc9       data     extern E:\c18v3.46\pic18-lt\cxx-framework\src\traditional\proc\p18f46k22.asm
              SSP1BUFbits   0x000fc9       data     extern E:\c18v3.46\pic18-lt\cxx-framework\src\traditional\proc\p18f46k22.asm
                   SSPMSK   0x000fca       data     extern E:\c18v3.46\pic18-lt\cxx-framework\src\traditional\proc\p18f46k22.asm
               SSPMSKbits   0x000fca       data     extern E:\c18v3.46\pic18-lt\cxx-framework\src\traditional\proc\p18f46k22.asm
                  SSP1MSK   0x000fca       data     extern E:\c18v3.46\pic18-lt\cxx-framework\src\traditional\proc\p18f46k22.asm
              SSP1MSKbits   0x000fca       data     extern E:\c18v3.46\pic18-lt\cxx-framework\src\traditional\proc\p18f46k22.asm
                  SSPCON3   0x000fcb       data     extern E:\c18v3.46\pic18-lt\cxx-framework\src\traditional\proc\p18f46k22.asm
              SSPCON3bits   0x000fcb       data     extern E:\c18v3.46\pic18-lt\cxx-framework\src\traditional\proc\p18f46k22.asm
             SSP1CON3bits   0x000fcb       data     extern E:\c18v3.46\pic18-lt\cxx-framework\src\traditional\proc\p18f46k22.asm
                 SSP1CON3   0x000fcb       data     extern E:\c18v3.46\pic18-lt\cxx-framework\src\traditional\proc\p18f46k22.asm
               T1GCONbits   0x000fcc       data     extern E:\c18v3.46\pic18-lt\cxx-framework\src\traditional\proc\p18f46k22.asm
                   T1GCON   0x000fcc       data     extern E:\c18v3.46\pic18-lt\cxx-framework\src\traditional\proc\p18f46k22.asm
                T1CONbits   0x000fcd       data     extern E:\c18v3.46\pic18-lt\cxx-framework\src\traditional\proc\p18f46k22.asm
                    T1CON   0x000fcd       data     extern E:\c18v3.46\pic18-lt\cxx-framework\src\traditional\proc\p18f46k22.asm
                    TMR1L   0x000fce       data     extern E:\c18v3.46\pic18-lt\cxx-framework\src\traditional\proc\p18f46k22.asm
                    TMR1H   0x000fcf       data     extern E:\c18v3.46\pic18-lt\cxx-framework\src\traditional\proc\p18f46k22.asm
                 RCONbits   0x000fd0       data     extern E:\c18v3.46\pic18-lt\cxx-framework\src\traditional\proc\p18f46k22.asm
                     RCON   0x000fd0       data     extern E:\c18v3.46\pic18-lt\cxx-framework\src\traditional\proc\p18f46k22.asm
                   WDTCON   0x000fd1       data     extern E:\c18v3.46\pic18-lt\cxx-framework\src\traditional\proc\p18f46k22.asm
               WDTCONbits   0x000fd1       data     extern E:\c18v3.46\pic18-lt\cxx-framework\src\traditional\proc\p18f46k22.asm
                  OSCCON2   0x000fd2       data     extern E:\c18v3.46\pic18-lt\cxx-framework\src\traditional\proc\p18f46k22.asm
              OSCCON2bits   0x000fd2       data     extern E:\c18v3.46\pic18-lt\cxx-framework\src\traditional\proc\p18f46k22.asm
               OSCCONbits   0x000fd3       data     extern E:\c18v3.46\pic18-lt\cxx-framework\src\traditional\proc\p18f46k22.asm
                   OSCCON   0x000fd3       data     extern E:\c18v3.46\pic18-lt\cxx-framework\src\traditional\proc\p18f46k22.asm
                T0CONbits   0x000fd5       data     extern E:\c18v3.46\pic18-lt\cxx-framework\src\traditional\proc\p18f46k22.asm
                    T0CON   0x000fd5       data     extern E:\c18v3.46\pic18-lt\cxx-framework\src\traditional\proc\p18f46k22.asm
                    TMR0L   0x000fd6       data     extern E:\c18v3.46\pic18-lt\cxx-framework\src\traditional\proc\p18f46k22.asm
                    TMR0H   0x000fd7       data     extern E:\c18v3.46\pic18-lt\cxx-framework\src\traditional\proc\p18f46k22.asm
               STATUSbits   0x000fd8       data     extern E:\c18v3.46\pic18-lt\cxx-framework\src\traditional\proc\p18f46k22.asm
                   STATUS   0x000fd8       data     extern E:\c18v3.46\pic18-lt\cxx-framework\src\traditional\proc\p18f46k22.asm
                     FSR2   0x000fd9       data     extern E:\c18v3.46\pic18-lt\cxx-framework\src\traditional\proc\p18f46k22.asm
                    FSR2L   0x000fd9       data     extern E:\c18v3.46\pic18-lt\cxx-framework\src\traditional\proc\p18f46k22.asm
                    FSR2H   0x000fda       data     extern E:\c18v3.46\pic18-lt\cxx-framework\src\traditional\proc\p18f46k22.asm
                   PLUSW2   0x000fdb       data     extern E:\c18v3.46\pic18-lt\cxx-framework\src\traditional\proc\p18f46k22.asm
                  PREINC2   0x000fdc       data     extern E:\c18v3.46\pic18-lt\cxx-framework\src\traditional\proc\p18f46k22.asm
                 POSTDEC2   0x000fdd       data     extern E:\c18v3.46\pic18-lt\cxx-framework\src\traditional\proc\p18f46k22.asm
                 POSTINC2   0x000fde       data     extern E:\c18v3.46\pic18-lt\cxx-framework\src\traditional\proc\p18f46k22.asm
                    INDF2   0x000fdf       data     extern E:\c18v3.46\pic18-lt\cxx-framework\src\traditional\proc\p18f46k22.asm
                      BSR   0x000fe0       data     extern E:\c18v3.46\pic18-lt\cxx-framework\src\traditional\proc\p18f46k22.asm
                     FSR1   0x000fe1       data     extern E:\c18v3.46\pic18-lt\cxx-framework\src\traditional\proc\p18f46k22.asm
                    FSR1L   0x000fe1       data     extern E:\c18v3.46\pic18-lt\cxx-framework\src\traditional\proc\p18f46k22.asm
                    FSR1H   0x000fe2       data     extern E:\c18v3.46\pic18-lt\cxx-framework\src\traditional\proc\p18f46k22.asm
                   PLUSW1   0x000fe3       data     extern E:\c18v3.46\pic18-lt\cxx-framework\src\traditional\proc\p18f46k22.asm
                  PREINC1   0x000fe4       data     extern E:\c18v3.46\pic18-lt\cxx-framework\src\traditional\proc\p18f46k22.asm
                 POSTDEC1   0x000fe5       data     extern E:\c18v3.46\pic18-lt\cxx-framework\src\traditional\proc\p18f46k22.asm
                 POSTINC1   0x000fe6       data     extern E:\c18v3.46\pic18-lt\cxx-framework\src\traditional\proc\p18f46k22.asm
                    INDF1   0x000fe7       data     extern E:\c18v3.46\pic18-lt\cxx-framework\src\traditional\proc\p18f46k22.asm
                        W   0x000fe8       data     extern E:\c18v3.46\pic18-lt\cxx-framework\src\traditional\proc\p18f46k22.asm
                     WREG   0x000fe8       data     extern E:\c18v3.46\pic18-lt\cxx-framework\src\traditional\proc\p18f46k22.asm
                     FSR0   0x000fe9       data     extern E:\c18v3.46\pic18-lt\cxx-framework\src\traditional\proc\p18f46k22.asm
                    FSR0L   0x000fe9       data     extern E:\c18v3.46\pic18-lt\cxx-framework\src\traditional\proc\p18f46k22.asm
                    FSR0H   0x000fea       data     extern E:\c18v3.46\pic18-lt\cxx-framework\src\traditional\proc\p18f46k22.asm
                   PLUSW0   0x000feb       data     extern E:\c18v3.46\pic18-lt\cxx-framework\src\traditional\proc\p18f46k22.asm
                  PREINC0   0x000fec       data     extern E:\c18v3.46\pic18-lt\cxx-framework\src\traditional\proc\p18f46k22.asm
                 POSTDEC0   0x000fed       data     extern E:\c18v3.46\pic18-lt\cxx-framework\src\traditional\proc\p18f46k22.asm
                 POSTINC0   0x000fee       data     extern E:\c18v3.46\pic18-lt\cxx-framework\src\traditional\proc\p18f46k22.asm
                    INDF0   0x000fef       data     extern E:\c18v3.46\pic18-lt\cxx-framework\src\traditional\proc\p18f46k22.asm
                  INTCON3   0x000ff0       data     extern E:\c18v3.46\pic18-lt\cxx-framework\src\traditional\proc\p18f46k22.asm
              INTCON3bits   0x000ff0       data     extern E:\c18v3.46\pic18-lt\cxx-framework\src\traditional\proc\p18f46k22.asm
              INTCON2bits   0x000ff1       data     extern E:\c18v3.46\pic18-lt\cxx-framework\src\traditional\proc\p18f46k22.asm
                  INTCON2   0x000ff1       data     extern E:\c18v3.46\pic18-lt\cxx-framework\src\traditional\proc\p18f46k22.asm
                   INTCON   0x000ff2       data     extern E:\c18v3.46\pic18-lt\cxx-framework\src\traditional\proc\p18f46k22.asm
               INTCONbits   0x000ff2       data     extern E:\c18v3.46\pic18-lt\cxx-framework\src\traditional\proc\p18f46k22.asm
                    PRODL   0x000ff3       data     extern E:\c18v3.46\pic18-lt\cxx-framework\src\traditional\proc\p18f46k22.asm
                     PROD   0x000ff3       data     extern E:\c18v3.46\pic18-lt\cxx-framework\src\traditional\proc\p18f46k22.asm
                    PRODH   0x000ff4       data     extern E:\c18v3.46\pic18-lt\cxx-framework\src\traditional\proc\p18f46k22.asm
                   TABLAT   0x000ff5       data     extern E:\c18v3.46\pic18-lt\cxx-framework\src\traditional\proc\p18f46k22.asm
                   TBLPTR   0x000ff6       data     extern E:\c18v3.46\pic18-lt\cxx-framework\src\traditional\proc\p18f46k22.asm
                  TBLPTRL   0x000ff6       data     extern E:\c18v3.46\pic18-lt\cxx-framework\src\traditional\proc\p18f46k22.asm
                  TBLPTRH   0x000ff7       data     extern E:\c18v3.46\pic18-lt\cxx-framework\src\traditional\proc\p18f46k22.asm
              TBLPTRUbits   0x000ff8       data     extern E:\c18v3.46\pic18-lt\cxx-framework\src\traditional\proc\p18f46k22.asm
                  TBLPTRU   0x000ff8       data     extern E:\c18v3.46\pic18-lt\cxx-framework\src\traditional\proc\p18f46k22.asm
                       PC   0x000ff9       data     extern E:\c18v3.46\pic18-lt\cxx-framework\src\traditional\proc\p18f46k22.asm
                      PCL   0x000ff9       data     extern E:\c18v3.46\pic18-lt\cxx-framework\src\traditional\proc\p18f46k22.asm
                   PCLATH   0x000ffa       data     extern E:\c18v3.46\pic18-lt\cxx-framework\src\traditional\proc\p18f46k22.asm
                   PCLATU   0x000ffb       data     extern E:\c18v3.46\pic18-lt\cxx-framework\src\traditional\proc\p18f46k22.asm
                   STKPTR   0x000ffc       data     extern E:\c18v3.46\pic18-lt\cxx-framework\src\traditional\proc\p18f46k22.asm
               STKPTRbits   0x000ffc       data     extern E:\c18v3.46\pic18-lt\cxx-framework\src\traditional\proc\p18f46k22.asm
                     TOSL   0x000ffd       data     extern E:\c18v3.46\pic18-lt\cxx-framework\src\traditional\proc\p18f46k22.asm
                      TOS   0x000ffd       data     extern E:\c18v3.46\pic18-lt\cxx-framework\src\traditional\proc\p18f46k22.asm
                     TOSH   0x000ffe       data     extern E:\c18v3.46\pic18-lt\cxx-framework\src\traditional\proc\p18f46k22.asm
                     TOSU   0x000fff       data     extern E:\c18v3.46\pic18-lt\cxx-framework\src\traditional\proc\p18f46k22.asm


